
==========================================================================
cts final report_tns
--------------------------------------------------------------------------
tns max 0.00

==========================================================================
cts final report_wns
--------------------------------------------------------------------------
wns max 0.00

==========================================================================
cts final report_worst_slack
--------------------------------------------------------------------------
worst slack max 8.12

==========================================================================
cts final report_clock_min_period
--------------------------------------------------------------------------
clk period_min = 1.88 fmax = 530.51

==========================================================================
cts final report_clock_skew
--------------------------------------------------------------------------
Clock clk
   0.35 source latency count[0]$_DFF_PP0_/CK ^
  -0.35 target latency count[1]$_DFF_PP0_/CK ^
   0.20 clock uncertainty
   0.00 CRPR
--------------
   0.20 setup skew


==========================================================================
cts final report_checks -path_delay min
--------------------------------------------------------------------------
Startpoint: reset (input port clocked by clk)
Endpoint: count[2]$_DFF_PP0_ (removal check against rising-edge clock clk)
Path Group: asynchronous
Path Type: min

Fanout     Cap    Slew   Delay    Time   Description
-----------------------------------------------------------------------------
                          0.00    0.00   clock clk (rise edge)
                          0.30    0.30   clock network delay (propagated)
                          0.20    0.50 v input external delay
     1    1.08    0.00    0.00    0.50 v reset (in)
                                         reset (net)
                  0.00    0.00    0.50 v hold7/A (CLKBUF_X1)
     1    1.30    0.01    0.02    0.52 v hold7/Z (CLKBUF_X1)
                                         net7 (net)
                  0.01    0.00    0.52 v input1/A (BUF_X1)
     1    0.78    0.00    0.02    0.55 v input1/Z (BUF_X1)
                                         net1 (net)
                  0.00    0.00    0.55 v hold8/A (CLKBUF_X1)
     1    1.71    0.01    0.03    0.57 v hold8/Z (CLKBUF_X1)
                                         net8 (net)
                  0.01    0.00    0.57 v _25_/A (INV_X1)
     1    1.09    0.01    0.01    0.58 ^ _25_/ZN (INV_X1)
                                         _10_ (net)
                  0.01    0.00    0.58 ^ hold9/A (CLKBUF_X1)
     4    8.85    0.02    0.05    0.63 ^ hold9/Z (CLKBUF_X1)
                                         net9 (net)
                  0.02    0.00    0.63 ^ count[2]$_DFF_PP0_/RN (DFFR_X1)
                                  0.63   data arrival time

                          0.00    0.00   clock clk (rise edge)
                          0.30    0.30   clock source latency
     1    3.13    0.00    0.00    0.30 ^ clk (in)
                                         clk (net)
                  0.00    0.00    0.30 ^ clkbuf_0_clk/A (CLKBUF_X3)
     2    4.14    0.01    0.03    0.33 ^ clkbuf_0_clk/Z (CLKBUF_X3)
                                         clknet_0_clk (net)
                  0.01    0.00    0.33 ^ clkbuf_1_1__f_clk/A (CLKBUF_X3)
     2    2.62    0.01    0.03    0.35 ^ clkbuf_1_1__f_clk/Z (CLKBUF_X3)
                                         clknet_1_1__leaf_clk (net)
                  0.01    0.00    0.35 ^ count[2]$_DFF_PP0_/CK (DFFR_X1)
                          0.05    0.40   clock uncertainty
                          0.00    0.40   clock reconvergence pessimism
                          0.21    0.61   library removal time
                                  0.61   data required time
-----------------------------------------------------------------------------
                                  0.61   data required time
                                 -0.63   data arrival time
-----------------------------------------------------------------------------
                                  0.02   slack (MET)


Startpoint: count[0]$_DFF_PP0_ (rising edge-triggered flip-flop clocked by clk)
Endpoint: count[0]$_DFF_PP0_ (rising edge-triggered flip-flop clocked by clk)
Path Group: clk
Path Type: min

Fanout     Cap    Slew   Delay    Time   Description
-----------------------------------------------------------------------------
                          0.00    0.00   clock clk (rise edge)
                          0.30    0.30   clock source latency
     1    3.13    0.00    0.00    0.30 ^ clk (in)
                                         clk (net)
                  0.00    0.00    0.30 ^ clkbuf_0_clk/A (CLKBUF_X3)
     2    4.14    0.01    0.03    0.33 ^ clkbuf_0_clk/Z (CLKBUF_X3)
                                         clknet_0_clk (net)
                  0.01    0.00    0.33 ^ clkbuf_1_0__f_clk/A (CLKBUF_X3)
     2    2.25    0.01    0.03    0.35 ^ clkbuf_1_0__f_clk/Z (CLKBUF_X3)
                                         clknet_1_0__leaf_clk (net)
                  0.01    0.00    0.35 ^ count[0]$_DFF_PP0_/CK (DFFR_X1)
     2    5.19    0.02    0.08    0.43 ^ count[0]$_DFF_PP0_/QN (DFFR_X1)
                                         _14_ (net)
                  0.02    0.00    0.43 ^ count[0]$_DFF_PP0_/D (DFFR_X1)
                                  0.43   data arrival time

                          0.00    0.00   clock clk (rise edge)
                          0.30    0.30   clock source latency
     1    3.13    0.00    0.00    0.30 ^ clk (in)
                                         clk (net)
                  0.00    0.00    0.30 ^ clkbuf_0_clk/A (CLKBUF_X3)
     2    4.14    0.01    0.03    0.33 ^ clkbuf_0_clk/Z (CLKBUF_X3)
                                         clknet_0_clk (net)
                  0.01    0.00    0.33 ^ clkbuf_1_0__f_clk/A (CLKBUF_X3)
     2    2.25    0.01    0.03    0.35 ^ clkbuf_1_0__f_clk/Z (CLKBUF_X3)
                                         clknet_1_0__leaf_clk (net)
                  0.01    0.00    0.35 ^ count[0]$_DFF_PP0_/CK (DFFR_X1)
                          0.05    0.40   clock uncertainty
                          0.00    0.40   clock reconvergence pessimism
                          0.01    0.41   library hold time
                                  0.41   data required time
-----------------------------------------------------------------------------
                                  0.41   data required time
                                 -0.43   data arrival time
-----------------------------------------------------------------------------
                                  0.02   slack (MET)



==========================================================================
cts final report_checks -path_delay max
--------------------------------------------------------------------------
Startpoint: reset (input port clocked by clk)
Endpoint: count[0]$_DFF_PP0_ (recovery check against rising-edge clock clk)
Path Group: asynchronous
Path Type: max

Fanout     Cap    Slew   Delay    Time   Description
-----------------------------------------------------------------------------
                          0.00    0.00   clock clk (rise edge)
                          0.30    0.30   clock network delay (propagated)
                          1.00    1.30 v input external delay
     1    1.08    0.00    0.00    1.30 v reset (in)
                                         reset (net)
                  0.00    0.00    1.30 v hold7/A (CLKBUF_X1)
     1    1.30    0.01    0.02    1.32 v hold7/Z (CLKBUF_X1)
                                         net7 (net)
                  0.01    0.00    1.32 v input1/A (BUF_X1)
     1    0.78    0.00    0.02    1.35 v input1/Z (BUF_X1)
                                         net1 (net)
                  0.00    0.00    1.35 v hold8/A (CLKBUF_X1)
     1    1.71    0.01    0.03    1.37 v hold8/Z (CLKBUF_X1)
                                         net8 (net)
                  0.01    0.00    1.37 v _25_/A (INV_X1)
     1    1.09    0.01    0.01    1.38 ^ _25_/ZN (INV_X1)
                                         _10_ (net)
                  0.01    0.00    1.38 ^ hold9/A (CLKBUF_X1)
     4    8.85    0.02    0.05    1.43 ^ hold9/Z (CLKBUF_X1)
                                         net9 (net)
                  0.02    0.00    1.43 ^ count[0]$_DFF_PP0_/RN (DFFR_X1)
                                  1.43   data arrival time

                         10.00   10.00   clock clk (rise edge)
                          0.30   10.30   clock source latency
     1    3.13    0.00    0.00   10.30 ^ clk (in)
                                         clk (net)
                  0.00    0.00   10.30 ^ clkbuf_0_clk/A (CLKBUF_X3)
     2    4.14    0.01    0.03   10.33 ^ clkbuf_0_clk/Z (CLKBUF_X3)
                                         clknet_0_clk (net)
                  0.01    0.00   10.33 ^ clkbuf_1_0__f_clk/A (CLKBUF_X3)
     2    2.25    0.01    0.03   10.35 ^ clkbuf_1_0__f_clk/Z (CLKBUF_X3)
                                         clknet_1_0__leaf_clk (net)
                  0.01    0.00   10.35 ^ count[0]$_DFF_PP0_/CK (DFFR_X1)
                         -0.20   10.15   clock uncertainty
                          0.00   10.15   clock reconvergence pessimism
                          0.05   10.21   library recovery time
                                 10.21   data required time
-----------------------------------------------------------------------------
                                 10.21   data required time
                                 -1.43   data arrival time
-----------------------------------------------------------------------------
                                  8.78   slack (MET)


Startpoint: count[2]$_DFF_PP0_ (rising edge-triggered flip-flop clocked by clk)
Endpoint: count[2] (output port clocked by clk)
Path Group: clk
Path Type: max

Fanout     Cap    Slew   Delay    Time   Description
-----------------------------------------------------------------------------
                          0.00    0.00   clock clk (rise edge)
                          0.30    0.30   clock source latency
     1    3.13    0.00    0.00    0.30 ^ clk (in)
                                         clk (net)
                  0.00    0.00    0.30 ^ clkbuf_0_clk/A (CLKBUF_X3)
     2    4.14    0.01    0.03    0.33 ^ clkbuf_0_clk/Z (CLKBUF_X3)
                                         clknet_0_clk (net)
                  0.01    0.00    0.33 ^ clkbuf_1_1__f_clk/A (CLKBUF_X3)
     2    2.62    0.01    0.03    0.35 ^ clkbuf_1_1__f_clk/Z (CLKBUF_X3)
                                         clknet_1_1__leaf_clk (net)
                  0.01    0.00    0.35 ^ count[2]$_DFF_PP0_/CK (DFFR_X1)
     2    4.91    0.02    0.11    0.46 ^ count[2]$_DFF_PP0_/Q (DFFR_X1)
                                         net5 (net)
                  0.02    0.00    0.46 ^ output5/A (BUF_X1)
     1    0.73    0.01    0.02    0.48 ^ output5/Z (BUF_X1)
                                         count[2] (net)
                  0.01    0.00    0.48 ^ count[2] (out)
                                  0.48   data arrival time

                         10.00   10.00   clock clk (rise edge)
                          0.30   10.30   clock network delay (propagated)
                         -0.20   10.10   clock uncertainty
                          0.00   10.10   clock reconvergence pessimism
                         -1.50    8.60   output external delay
                                  8.60   data required time
-----------------------------------------------------------------------------
                                  8.60   data required time
                                 -0.48   data arrival time
-----------------------------------------------------------------------------
                                  8.12   slack (MET)



==========================================================================
cts final report_checks -unconstrained
--------------------------------------------------------------------------
Startpoint: reset (input port clocked by clk)
Endpoint: count[0]$_DFF_PP0_ (recovery check against rising-edge clock clk)
Path Group: asynchronous
Path Type: max

Fanout     Cap    Slew   Delay    Time   Description
-----------------------------------------------------------------------------
                          0.00    0.00   clock clk (rise edge)
                          0.30    0.30   clock network delay (propagated)
                          1.00    1.30 v input external delay
     1    1.08    0.00    0.00    1.30 v reset (in)
                                         reset (net)
                  0.00    0.00    1.30 v hold7/A (CLKBUF_X1)
     1    1.30    0.01    0.02    1.32 v hold7/Z (CLKBUF_X1)
                                         net7 (net)
                  0.01    0.00    1.32 v input1/A (BUF_X1)
     1    0.78    0.00    0.02    1.35 v input1/Z (BUF_X1)
                                         net1 (net)
                  0.00    0.00    1.35 v hold8/A (CLKBUF_X1)
     1    1.71    0.01    0.03    1.37 v hold8/Z (CLKBUF_X1)
                                         net8 (net)
                  0.01    0.00    1.37 v _25_/A (INV_X1)
     1    1.09    0.01    0.01    1.38 ^ _25_/ZN (INV_X1)
                                         _10_ (net)
                  0.01    0.00    1.38 ^ hold9/A (CLKBUF_X1)
     4    8.85    0.02    0.05    1.43 ^ hold9/Z (CLKBUF_X1)
                                         net9 (net)
                  0.02    0.00    1.43 ^ count[0]$_DFF_PP0_/RN (DFFR_X1)
                                  1.43   data arrival time

                         10.00   10.00   clock clk (rise edge)
                          0.30   10.30   clock source latency
     1    3.13    0.00    0.00   10.30 ^ clk (in)
                                         clk (net)
                  0.00    0.00   10.30 ^ clkbuf_0_clk/A (CLKBUF_X3)
     2    4.14    0.01    0.03   10.33 ^ clkbuf_0_clk/Z (CLKBUF_X3)
                                         clknet_0_clk (net)
                  0.01    0.00   10.33 ^ clkbuf_1_0__f_clk/A (CLKBUF_X3)
     2    2.25    0.01    0.03   10.35 ^ clkbuf_1_0__f_clk/Z (CLKBUF_X3)
                                         clknet_1_0__leaf_clk (net)
                  0.01    0.00   10.35 ^ count[0]$_DFF_PP0_/CK (DFFR_X1)
                         -0.20   10.15   clock uncertainty
                          0.00   10.15   clock reconvergence pessimism
                          0.05   10.21   library recovery time
                                 10.21   data required time
-----------------------------------------------------------------------------
                                 10.21   data required time
                                 -1.43   data arrival time
-----------------------------------------------------------------------------
                                  8.78   slack (MET)


Startpoint: count[2]$_DFF_PP0_ (rising edge-triggered flip-flop clocked by clk)
Endpoint: count[2] (output port clocked by clk)
Path Group: clk
Path Type: max

Fanout     Cap    Slew   Delay    Time   Description
-----------------------------------------------------------------------------
                          0.00    0.00   clock clk (rise edge)
                          0.30    0.30   clock source latency
     1    3.13    0.00    0.00    0.30 ^ clk (in)
                                         clk (net)
                  0.00    0.00    0.30 ^ clkbuf_0_clk/A (CLKBUF_X3)
     2    4.14    0.01    0.03    0.33 ^ clkbuf_0_clk/Z (CLKBUF_X3)
                                         clknet_0_clk (net)
                  0.01    0.00    0.33 ^ clkbuf_1_1__f_clk/A (CLKBUF_X3)
     2    2.62    0.01    0.03    0.35 ^ clkbuf_1_1__f_clk/Z (CLKBUF_X3)
                                         clknet_1_1__leaf_clk (net)
                  0.01    0.00    0.35 ^ count[2]$_DFF_PP0_/CK (DFFR_X1)
     2    4.91    0.02    0.11    0.46 ^ count[2]$_DFF_PP0_/Q (DFFR_X1)
                                         net5 (net)
                  0.02    0.00    0.46 ^ output5/A (BUF_X1)
     1    0.73    0.01    0.02    0.48 ^ output5/Z (BUF_X1)
                                         count[2] (net)
                  0.01    0.00    0.48 ^ count[2] (out)
                                  0.48   data arrival time

                         10.00   10.00   clock clk (rise edge)
                          0.30   10.30   clock network delay (propagated)
                         -0.20   10.10   clock uncertainty
                          0.00   10.10   clock reconvergence pessimism
                         -1.50    8.60   output external delay
                                  8.60   data required time
-----------------------------------------------------------------------------
                                  8.60   data required time
                                 -0.48   data arrival time
-----------------------------------------------------------------------------
                                  8.12   slack (MET)



==========================================================================
cts final report_check_types -max_slew -max_cap -max_fanout -violators
--------------------------------------------------------------------------

==========================================================================
cts final max_slew_check_slack
--------------------------------------------------------------------------
0.14380450546741486

==========================================================================
cts final max_slew_check_limit
--------------------------------------------------------------------------
0.1985349953174591

==========================================================================
cts final max_slew_check_slack_limit
--------------------------------------------------------------------------
0.7243

==========================================================================
cts final max_fanout_check_slack
--------------------------------------------------------------------------
1.0000000150474662e+30

==========================================================================
cts final max_fanout_check_limit
--------------------------------------------------------------------------
1.0000000150474662e+30

==========================================================================
cts final max_capacitance_check_slack
--------------------------------------------------------------------------
10.192251205444336

==========================================================================
cts final max_capacitance_check_limit
--------------------------------------------------------------------------
13.809200286865234

==========================================================================
cts final max_capacitance_check_slack_limit
--------------------------------------------------------------------------
0.7381

==========================================================================
cts final max_slew_violation_count
--------------------------------------------------------------------------
max slew violation count 0

==========================================================================
cts final max_fanout_violation_count
--------------------------------------------------------------------------
max fanout violation count 0

==========================================================================
cts final max_cap_violation_count
--------------------------------------------------------------------------
max cap violation count 0

==========================================================================
cts final setup_violation_count
--------------------------------------------------------------------------
setup violation count 0

==========================================================================
cts final hold_violation_count
--------------------------------------------------------------------------
hold violation count 0

==========================================================================
cts final report_checks -path_delay max reg to reg
--------------------------------------------------------------------------
Startpoint: count[2]$_DFF_PP0_ (rising edge-triggered flip-flop clocked by clk)
Endpoint: count[3]$_DFF_PP0_ (rising edge-triggered flip-flop clocked by clk)
Path Group: clk
Path Type: max

  Delay    Time   Description
---------------------------------------------------------
   0.00    0.00   clock clk (rise edge)
   0.30    0.30   clock source latency
   0.00    0.30 ^ clk (in)
   0.03    0.33 ^ clkbuf_0_clk/Z (CLKBUF_X3)
   0.03    0.35 ^ clkbuf_1_1__f_clk/Z (CLKBUF_X3)
   0.00    0.35 ^ count[2]$_DFF_PP0_/CK (DFFR_X1)
   0.09    0.45 v count[2]$_DFF_PP0_/Q (DFFR_X1)
   0.06    0.51 v _28_/S (HA_X1)
   0.03    0.54 v _19_/ZN (AND2_X2)
   0.09    0.63 ^ _20_/ZN (AOI221_X1)
   0.05    0.68 ^ _22_/ZN (XNOR2_X1)
   0.00    0.68 ^ count[3]$_DFF_PP0_/D (DFFR_X1)
           0.68   data arrival time

  10.00   10.00   clock clk (rise edge)
   0.30   10.30   clock source latency
   0.00   10.30 ^ clk (in)
   0.03   10.33 ^ clkbuf_0_clk/Z (CLKBUF_X3)
   0.03   10.35 ^ clkbuf_1_1__f_clk/Z (CLKBUF_X3)
   0.00   10.35 ^ count[3]$_DFF_PP0_/CK (DFFR_X1)
  -0.20   10.15   clock uncertainty
   0.00   10.15   clock reconvergence pessimism
  -0.03   10.12   library setup time
          10.12   data required time
---------------------------------------------------------
          10.12   data required time
          -0.68   data arrival time
---------------------------------------------------------
           9.44   slack (MET)



==========================================================================
cts final report_checks -path_delay min reg to reg
--------------------------------------------------------------------------
Startpoint: count[0]$_DFF_PP0_ (rising edge-triggered flip-flop clocked by clk)
Endpoint: count[0]$_DFF_PP0_ (rising edge-triggered flip-flop clocked by clk)
Path Group: clk
Path Type: min

  Delay    Time   Description
---------------------------------------------------------
   0.00    0.00   clock clk (rise edge)
   0.30    0.30   clock source latency
   0.00    0.30 ^ clk (in)
   0.03    0.33 ^ clkbuf_0_clk/Z (CLKBUF_X3)
   0.03    0.35 ^ clkbuf_1_0__f_clk/Z (CLKBUF_X3)
   0.00    0.35 ^ count[0]$_DFF_PP0_/CK (DFFR_X1)
   0.08    0.43 ^ count[0]$_DFF_PP0_/QN (DFFR_X1)
   0.00    0.43 ^ count[0]$_DFF_PP0_/D (DFFR_X1)
           0.43   data arrival time

   0.00    0.00   clock clk (rise edge)
   0.30    0.30   clock source latency
   0.00    0.30 ^ clk (in)
   0.03    0.33 ^ clkbuf_0_clk/Z (CLKBUF_X3)
   0.03    0.35 ^ clkbuf_1_0__f_clk/Z (CLKBUF_X3)
   0.00    0.35 ^ count[0]$_DFF_PP0_/CK (DFFR_X1)
   0.05    0.40   clock uncertainty
   0.00    0.40   clock reconvergence pessimism
   0.01    0.41   library hold time
           0.41   data required time
---------------------------------------------------------
           0.41   data required time
          -0.43   data arrival time
---------------------------------------------------------
           0.02   slack (MET)



==========================================================================
cts final critical path target clock latency max path
--------------------------------------------------------------------------
0.3525

==========================================================================
cts final critical path target clock latency min path
--------------------------------------------------------------------------
0.3530

==========================================================================
cts final critical path source clock latency min path
--------------------------------------------------------------------------
0.0000

==========================================================================
cts final critical path delay
--------------------------------------------------------------------------
0.4850

==========================================================================
cts final critical path slack
--------------------------------------------------------------------------
8.1150

==========================================================================
cts final slack div critical path delay
--------------------------------------------------------------------------
1673.195876

==========================================================================
cts final report_power
--------------------------------------------------------------------------
Group                  Internal  Switching    Leakage      Total
                          Power      Power      Power      Power (Watts)
----------------------------------------------------------------
Sequential             4.55e-06   1.00e-06   3.44e-07   5.89e-06  33.0%
Combinational          4.93e-06   2.42e-06   5.89e-07   7.94e-06  44.5%
Clock                  2.83e-06   1.09e-06   9.17e-08   4.01e-06  22.5%
Macro                  0.00e+00   0.00e+00   0.00e+00   0.00e+00   0.0%
Pad                    0.00e+00   0.00e+00   0.00e+00   0.00e+00   0.0%
----------------------------------------------------------------
Total                  1.23e-05   4.51e-06   1.03e-06   1.78e-05 100.0%
                          69.0%      25.3%       5.7%
