
==========================================================================
floorplan final report_tns
--------------------------------------------------------------------------
tns max 0.00

==========================================================================
floorplan final report_wns
--------------------------------------------------------------------------
wns max 0.00

==========================================================================
floorplan final report_worst_slack
--------------------------------------------------------------------------
worst slack max 8.18

==========================================================================
floorplan final report_clock_min_period
--------------------------------------------------------------------------
clk period_min = 1.82 fmax = 548.91

==========================================================================
floorplan final report_checks -path_delay min
--------------------------------------------------------------------------
Startpoint: reset (input port clocked by clk)
Endpoint: count[0]$_DFF_PP0_ (removal check against rising-edge clock clk)
Path Group: asynchronous
Path Type: min

Fanout     Cap    Slew   Delay    Time   Description
-----------------------------------------------------------------------------
                  0.10    0.00    0.00   clock clk (rise edge)
                          0.30    0.30   clock network delay (ideal)
                          0.20    0.50 v input external delay
     1    1.55    0.00    0.00    0.50 v reset (in)
                                         reset (net)
                  0.00    0.00    0.50 v _25_/A (INV_X1)
     4    7.11    0.02    0.02    0.52 ^ _25_/ZN (INV_X1)
                                         _10_ (net)
                  0.02    0.00    0.52 ^ count[0]$_DFF_PP0_/RN (DFFR_X1)
                                  0.52   data arrival time

                  0.10    0.00    0.00   clock clk (rise edge)
                          0.30    0.30   clock network delay (ideal)
                          0.05    0.35   clock uncertainty
                          0.00    0.35   clock reconvergence pessimism
                                  0.35 ^ count[0]$_DFF_PP0_/CK (DFFR_X1)
                          0.22    0.57   library removal time
                                  0.57   data required time
-----------------------------------------------------------------------------
                                  0.57   data required time
                                 -0.52   data arrival time
-----------------------------------------------------------------------------
                                 -0.05   slack (VIOLATED)


Startpoint: count[0]$_DFF_PP0_ (rising edge-triggered flip-flop clocked by clk)
Endpoint: count[0]$_DFF_PP0_ (rising edge-triggered flip-flop clocked by clk)
Path Group: clk
Path Type: min

Fanout     Cap    Slew   Delay    Time   Description
-----------------------------------------------------------------------------
                  0.10    0.00    0.00   clock clk (rise edge)
                          0.30    0.30   clock network delay (ideal)
                  0.10    0.00    0.30 ^ count[0]$_DFF_PP0_/CK (DFFR_X1)
     2    4.60    0.02    0.09    0.39 ^ count[0]$_DFF_PP0_/QN (DFFR_X1)
                                         _14_ (net)
                  0.02    0.00    0.39 ^ count[0]$_DFF_PP0_/D (DFFR_X1)
                                  0.39   data arrival time

                  0.10    0.00    0.00   clock clk (rise edge)
                          0.30    0.30   clock network delay (ideal)
                          0.05    0.35   clock uncertainty
                          0.00    0.35   clock reconvergence pessimism
                                  0.35 ^ count[0]$_DFF_PP0_/CK (DFFR_X1)
                          0.02    0.37   library hold time
                                  0.37   data required time
-----------------------------------------------------------------------------
                                  0.37   data required time
                                 -0.39   data arrival time
-----------------------------------------------------------------------------
                                  0.02   slack (MET)



==========================================================================
floorplan final report_checks -path_delay max
--------------------------------------------------------------------------
Startpoint: reset (input port clocked by clk)
Endpoint: count[0]$_DFF_PP0_ (recovery check against rising-edge clock clk)
Path Group: asynchronous
Path Type: max

Fanout     Cap    Slew   Delay    Time   Description
-----------------------------------------------------------------------------
                  0.10    0.00    0.00   clock clk (rise edge)
                          0.30    0.30   clock network delay (ideal)
                          1.00    1.30 v input external delay
     1    1.55    0.00    0.00    1.30 v reset (in)
                                         reset (net)
                  0.00    0.00    1.30 v _25_/A (INV_X1)
     4    7.11    0.02    0.02    1.32 ^ _25_/ZN (INV_X1)
                                         _10_ (net)
                  0.02    0.00    1.32 ^ count[0]$_DFF_PP0_/RN (DFFR_X1)
                                  1.32   data arrival time

                  0.10   10.00   10.00   clock clk (rise edge)
                          0.30   10.30   clock network delay (ideal)
                         -0.20   10.10   clock uncertainty
                          0.00   10.10   clock reconvergence pessimism
                                 10.10 ^ count[0]$_DFF_PP0_/CK (DFFR_X1)
                          0.07   10.17   library recovery time
                                 10.17   data required time
-----------------------------------------------------------------------------
                                 10.17   data required time
                                 -1.32   data arrival time
-----------------------------------------------------------------------------
                                  8.85   slack (MET)


Startpoint: count[1]$_DFF_PP0_ (rising edge-triggered flip-flop clocked by clk)
Endpoint: count[1] (output port clocked by clk)
Path Group: clk
Path Type: max

Fanout     Cap    Slew   Delay    Time   Description
-----------------------------------------------------------------------------
                  0.10    0.00    0.00   clock clk (rise edge)
                          0.30    0.30   clock network delay (ideal)
                  0.10    0.00    0.30 ^ count[1]$_DFF_PP0_/CK (DFFR_X1)
     2    3.50    0.01    0.12    0.42 ^ count[1]$_DFF_PP0_/Q (DFFR_X1)
                                         count[1] (net)
                  0.01    0.00    0.42 ^ count[1] (out)
                                  0.42   data arrival time

                  0.10   10.00   10.00   clock clk (rise edge)
                          0.30   10.30   clock network delay (ideal)
                         -0.20   10.10   clock uncertainty
                          0.00   10.10   clock reconvergence pessimism
                         -1.50    8.60   output external delay
                                  8.60   data required time
-----------------------------------------------------------------------------
                                  8.60   data required time
                                 -0.42   data arrival time
-----------------------------------------------------------------------------
                                  8.18   slack (MET)



==========================================================================
floorplan final report_checks -unconstrained
--------------------------------------------------------------------------
Startpoint: reset (input port clocked by clk)
Endpoint: count[0]$_DFF_PP0_ (recovery check against rising-edge clock clk)
Path Group: asynchronous
Path Type: max

Fanout     Cap    Slew   Delay    Time   Description
-----------------------------------------------------------------------------
                  0.10    0.00    0.00   clock clk (rise edge)
                          0.30    0.30   clock network delay (ideal)
                          1.00    1.30 v input external delay
     1    1.55    0.00    0.00    1.30 v reset (in)
                                         reset (net)
                  0.00    0.00    1.30 v _25_/A (INV_X1)
     4    7.11    0.02    0.02    1.32 ^ _25_/ZN (INV_X1)
                                         _10_ (net)
                  0.02    0.00    1.32 ^ count[0]$_DFF_PP0_/RN (DFFR_X1)
                                  1.32   data arrival time

                  0.10   10.00   10.00   clock clk (rise edge)
                          0.30   10.30   clock network delay (ideal)
                         -0.20   10.10   clock uncertainty
                          0.00   10.10   clock reconvergence pessimism
                                 10.10 ^ count[0]$_DFF_PP0_/CK (DFFR_X1)
                          0.07   10.17   library recovery time
                                 10.17   data required time
-----------------------------------------------------------------------------
                                 10.17   data required time
                                 -1.32   data arrival time
-----------------------------------------------------------------------------
                                  8.85   slack (MET)


Startpoint: count[1]$_DFF_PP0_ (rising edge-triggered flip-flop clocked by clk)
Endpoint: count[1] (output port clocked by clk)
Path Group: clk
Path Type: max

Fanout     Cap    Slew   Delay    Time   Description
-----------------------------------------------------------------------------
                  0.10    0.00    0.00   clock clk (rise edge)
                          0.30    0.30   clock network delay (ideal)
                  0.10    0.00    0.30 ^ count[1]$_DFF_PP0_/CK (DFFR_X1)
     2    3.50    0.01    0.12    0.42 ^ count[1]$_DFF_PP0_/Q (DFFR_X1)
                                         count[1] (net)
                  0.01    0.00    0.42 ^ count[1] (out)
                                  0.42   data arrival time

                  0.10   10.00   10.00   clock clk (rise edge)
                          0.30   10.30   clock network delay (ideal)
                         -0.20   10.10   clock uncertainty
                          0.00   10.10   clock reconvergence pessimism
                         -1.50    8.60   output external delay
                                  8.60   data required time
-----------------------------------------------------------------------------
                                  8.60   data required time
                                 -0.42   data arrival time
-----------------------------------------------------------------------------
                                  8.18   slack (MET)



==========================================================================
floorplan final report_power
--------------------------------------------------------------------------
Group                  Internal  Switching    Leakage      Total
                          Power      Power      Power      Power (Watts)
----------------------------------------------------------------
Sequential             4.92e-06   7.49e-07   3.44e-07   6.02e-06  48.8%
Combinational          4.16e-06   1.71e-06   4.29e-07   6.30e-06  51.2%
Clock                  0.00e+00   0.00e+00   0.00e+00   0.00e+00   0.0%
Macro                  0.00e+00   0.00e+00   0.00e+00   0.00e+00   0.0%
Pad                    0.00e+00   0.00e+00   0.00e+00   0.00e+00   0.0%
----------------------------------------------------------------
Total                  9.08e-06   2.46e-06   7.73e-07   1.23e-05 100.0%
                          73.7%      20.0%       6.3%
