#! /opt/homebrew/Cellar/icarus-verilog/13.0/bin/vvp
:ivl_version "13.0 (stable)" "(v13_0)";
:ivl_delay_selection "TYPICAL";
:vpi_time_precision - 12;
:vpi_module "/opt/homebrew/Cellar/icarus-verilog/13.0/lib/ivl/system.vpi";
:vpi_module "/opt/homebrew/Cellar/icarus-verilog/13.0/lib/ivl/vhdl_sys.vpi";
:vpi_module "/opt/homebrew/Cellar/icarus-verilog/13.0/lib/ivl/vhdl_textio.vpi";
:vpi_module "/opt/homebrew/Cellar/icarus-verilog/13.0/lib/ivl/v2005_math.vpi";
:vpi_module "/opt/homebrew/Cellar/icarus-verilog/13.0/lib/ivl/va_math.vpi";
S_0x102c80810 .scope module, "pwm_tb" "pwm_tb" 2 3;
 .timescale -9 -12;
S_0x102c80990 .scope module, "dut" "pwm" 2 5, 3 1 0, S_0x102c80810;
 .timescale 0 0;
    .scope S_0x102c80810;
T_0 ;
    %vpi_call 2 8 "$display", "PWM Testbench" {0 0 0};
    %vpi_call 2 9 "$finish" {0 0 0};
    %end;
    .thread T_0;
# The file index is used to find the file name in the following table.
:file_names 4;
    "N/A";
    "<interactive>";
    "projects/pwm/tb/pwm_tb.v";
    "projects/pwm/rtl/pwm.v";
