OpenSTA 3.1.0 5be03c5cca Copyright (c) 2026, Parallax Software, Inc.
License GPLv3: GNU GPL version 3 <http://gnu.org/licenses/gpl.html>

This is free software, and you are free to change and redistribute it
under certain conditions; type `show_copying' for details. 
This program comes with ABSOLUTELY NO WARRANTY; for details type `show_warranty'.
Startpoint: reset (input port clocked by clk)
Endpoint: _14_ (recovery check against rising-edge clock clk)
Path Group: asynchronous
Path Type: max

  Delay    Time   Description
---------------------------------------------------------
   0.00    0.00   clock clk (rise edge)
   0.30    0.30   clock network delay (ideal)
   1.00    1.30 v input external delay
   0.00    1.30 v reset (in)
   0.01    1.31 ^ _12_/ZN (INV_X1)
   0.00    1.31 ^ _14_/SN (DFFS_X1)
           1.31   data arrival time

  10.00   10.00   clock clk (rise edge)
   0.30   10.30   clock network delay (ideal)
  -0.20   10.10   clock uncertainty
   0.00   10.10   clock reconvergence pessimism
          10.10 ^ _14_/CK (DFFS_X1)
   0.06   10.16   library recovery time
          10.16   data required time
---------------------------------------------------------
          10.16   data required time
          -1.31   data arrival time
---------------------------------------------------------
           8.85   slack (MET)


Startpoint: _16_ (rising edge-triggered flip-flop clocked by clk)
Endpoint: q[2] (output port clocked by clk)
Path Group: clk
Path Type: max

  Delay    Time   Description
---------------------------------------------------------
   0.00    0.00   clock clk (rise edge)
   0.30    0.30   clock network delay (ideal)
   0.00    0.30 ^ _16_/CK (DFFR_X1)
   0.12    0.42 ^ _16_/Q (DFFR_X1)
   0.00    0.42 ^ q[2] (out)
           0.42   data arrival time

  10.00   10.00   clock clk (rise edge)
   0.30   10.30   clock network delay (ideal)
  -0.20   10.10   clock uncertainty
   0.00   10.10   clock reconvergence pessimism
  -1.50    8.60   output external delay
           8.60   data required time
---------------------------------------------------------
           8.60   data required time
          -0.42   data arrival time
---------------------------------------------------------
           8.18   slack (MET)


tns max 0.00
wns max 0.00
Startpoint: reset (input port clocked by clk)
Endpoint: _15_ (removal check against rising-edge clock clk)
Path Group: asynchronous
Path Type: min

  Delay    Time   Description
---------------------------------------------------------
   0.00    0.00   clock clk (rise edge)
   0.30    0.30   clock network delay (ideal)
   0.20    0.50 v input external delay
   0.00    0.50 v reset (in)
   0.01    0.51 ^ _11_/ZN (INV_X1)
   0.00    0.51 ^ _15_/RN (DFFR_X1)
           0.51   data arrival time

   0.00    0.00   clock clk (rise edge)
   0.30    0.30   clock network delay (ideal)
   0.05    0.35   clock uncertainty
   0.00    0.35   clock reconvergence pessimism
           0.35 ^ _15_/CK (DFFR_X1)
   0.20    0.55   library removal time
           0.55   data required time
---------------------------------------------------------
           0.55   data required time
          -0.51   data arrival time
---------------------------------------------------------
          -0.04   slack (VIOLATED)


Startpoint: _14_ (rising edge-triggered flip-flop clocked by clk)
Endpoint: _15_ (rising edge-triggered flip-flop clocked by clk)
Path Group: clk
Path Type: min

  Delay    Time   Description
---------------------------------------------------------
   0.00    0.00   clock clk (rise edge)
   0.30    0.30   clock network delay (ideal)
   0.00    0.30 ^ _14_/CK (DFFS_X1)
   0.11    0.41 ^ _14_/Q (DFFS_X1)
   0.00    0.41 ^ _15_/D (DFFR_X1)
           0.41   data arrival time

   0.00    0.00   clock clk (rise edge)
   0.30    0.30   clock network delay (ideal)
   0.05    0.35   clock uncertainty
   0.00    0.35   clock reconvergence pessimism
           0.35 ^ _15_/CK (DFFR_X1)
   0.02    0.37   library hold time
           0.37   data required time
---------------------------------------------------------
           0.37   data required time
          -0.41   data arrival time
---------------------------------------------------------
           0.04   slack (MET)


Startpoint: reset (input port clocked by clk)
Endpoint: _14_ (recovery check against rising-edge clock clk)
Path Group: asynchronous
Path Type: max

  Delay    Time   Description
---------------------------------------------------------
   0.00    0.00   clock clk (rise edge)
   0.30    0.30   clock network delay (ideal)
   1.00    1.30 v input external delay
   0.00    1.30 v reset (in)
   0.01    1.31 ^ _12_/ZN (INV_X1)
   0.00    1.31 ^ _14_/SN (DFFS_X1)
           1.31   data arrival time

  10.00   10.00   clock clk (rise edge)
   0.30   10.30   clock network delay (ideal)
  -0.20   10.10   clock uncertainty
   0.00   10.10   clock reconvergence pessimism
          10.10 ^ _14_/CK (DFFS_X1)
   0.06   10.16   library recovery time
          10.16   data required time
---------------------------------------------------------
          10.16   data required time
          -1.31   data arrival time
---------------------------------------------------------
           8.85   slack (MET)


Startpoint: _16_ (rising edge-triggered flip-flop clocked by clk)
Endpoint: q[2] (output port clocked by clk)
Path Group: clk
Path Type: max

  Delay    Time   Description
---------------------------------------------------------
   0.00    0.00   clock clk (rise edge)
   0.30    0.30   clock network delay (ideal)
   0.00    0.30 ^ _16_/CK (DFFR_X1)
   0.12    0.42 ^ _16_/Q (DFFR_X1)
   0.00    0.42 ^ q[2] (out)
           0.42   data arrival time

  10.00   10.00   clock clk (rise edge)
   0.30   10.30   clock network delay (ideal)
  -0.20   10.10   clock uncertainty
   0.00   10.10   clock reconvergence pessimism
  -1.50    8.60   output external delay
           8.60   data required time
---------------------------------------------------------
           8.60   data required time
          -0.42   data arrival time
---------------------------------------------------------
           8.18   slack (MET)


