
==========================================================================
finish report_tns
--------------------------------------------------------------------------
tns max 0.00

==========================================================================
finish report_wns
--------------------------------------------------------------------------
wns max 0.00

==========================================================================
finish report_worst_slack
--------------------------------------------------------------------------
worst slack max 7.87

==========================================================================
finish report_clock_min_period
--------------------------------------------------------------------------
clk period_min = 2.13 fmax = 469.71

==========================================================================
finish report_clock_skew
--------------------------------------------------------------------------
Clock clk
   0.07 source latency u_pc.pc[3]$_DFFE_PP0P_/CK ^
  -0.07 target latency u_register_file.reg_file[0][2]$_DFFE_PP0P_/CK ^
   0.10 clock uncertainty
   0.00 CRPR
--------------
   0.10 setup skew


==========================================================================
finish report_checks -path_delay min
--------------------------------------------------------------------------
Startpoint: u_pc.pc[6]$_DFFE_PP0P_
            (rising edge-triggered flip-flop clocked by clk)
Endpoint: u_pc.pc[6]$_DFFE_PP0P_
          (rising edge-triggered flip-flop clocked by clk)
Path Group: clk
Path Type: min

Fanout     Cap    Slew   Delay    Time   Description
-----------------------------------------------------------------------------
                          0.00    0.00   clock clk (rise edge)
                          0.00    0.00   clock source latency
     1    3.31    0.00    0.00    0.00 ^ clk (in)
                                         clk (net)
                  0.00    0.00    0.00 ^ clkbuf_0_clk/A (CLKBUF_X3)
     2    4.10    0.01    0.03    0.03 ^ clkbuf_0_clk/Z (CLKBUF_X3)
                                         clknet_0_clk (net)
                  0.01    0.00    0.03 ^ clkbuf_1_1__f_clk/A (CLKBUF_X3)
    16   20.86    0.02    0.04    0.07 ^ clkbuf_1_1__f_clk/Z (CLKBUF_X3)
                                         clknet_1_1__leaf_clk (net)
                  0.02    0.00    0.07 ^ u_pc.pc[6]$_DFFE_PP0P_/CK (DFFR_X1)
     2    3.85    0.01    0.10    0.17 v u_pc.pc[6]$_DFFE_PP0P_/Q (DFFR_X1)
                                         net21 (net)
                  0.01    0.00    0.17 v _467_/A (XNOR2_X1)
     1    1.32    0.01    0.02    0.19 ^ _467_/ZN (XNOR2_X1)
                                         _069_ (net)
                  0.01    0.00    0.19 ^ u_pc.pc[6]$_DFFE_PP0P_/D (DFFR_X1)
                                  0.19   data arrival time

                          0.00    0.00   clock clk (rise edge)
                          0.00    0.00   clock source latency
     1    3.31    0.00    0.00    0.00 ^ clk (in)
                                         clk (net)
                  0.00    0.00    0.00 ^ clkbuf_0_clk/A (CLKBUF_X3)
     2    4.10    0.01    0.03    0.03 ^ clkbuf_0_clk/Z (CLKBUF_X3)
                                         clknet_0_clk (net)
                  0.01    0.00    0.03 ^ clkbuf_1_1__f_clk/A (CLKBUF_X3)
    16   20.86    0.02    0.04    0.07 ^ clkbuf_1_1__f_clk/Z (CLKBUF_X3)
                                         clknet_1_1__leaf_clk (net)
                  0.02    0.00    0.07 ^ u_pc.pc[6]$_DFFE_PP0P_/CK (DFFR_X1)
                          0.10    0.17   clock uncertainty
                          0.00    0.17   clock reconvergence pessimism
                          0.01    0.18   library hold time
                                  0.18   data required time
-----------------------------------------------------------------------------
                                  0.18   data required time
                                 -0.19   data arrival time
-----------------------------------------------------------------------------
                                  0.01   slack (MET)



==========================================================================
finish report_checks -path_delay max
--------------------------------------------------------------------------
Startpoint: u_pc.pc[1]$_DFFE_PP0P_
            (rising edge-triggered flip-flop clocked by clk)
Endpoint: alu_result_out[7] (output port clocked by clk)
Path Group: clk
Path Type: max

Fanout     Cap    Slew   Delay    Time   Description
-----------------------------------------------------------------------------
                          0.00    0.00   clock clk (rise edge)
                          0.00    0.00   clock source latency
     1    3.31    0.00    0.00    0.00 ^ clk (in)
                                         clk (net)
                  0.00    0.00    0.00 ^ clkbuf_0_clk/A (CLKBUF_X3)
     2    4.10    0.01    0.03    0.03 ^ clkbuf_0_clk/Z (CLKBUF_X3)
                                         clknet_0_clk (net)
                  0.01    0.00    0.03 ^ clkbuf_1_0__f_clk/A (CLKBUF_X3)
    13   20.86    0.02    0.04    0.07 ^ clkbuf_1_0__f_clk/Z (CLKBUF_X3)
                                         clknet_1_0__leaf_clk (net)
                  0.02    0.00    0.07 ^ u_pc.pc[1]$_DFFE_PP0P_/CK (DFFR_X1)
    20   42.09    0.10    0.20    0.27 ^ u_pc.pc[1]$_DFFE_PP0P_/Q (DFFR_X1)
                                         net16 (net)
                  0.10    0.00    0.27 ^ _334_/A (INV_X1)
    12   21.11    0.04    0.06    0.33 v _334_/ZN (INV_X1)
                                         _100_ (net)
                  0.04    0.00    0.33 v _482_/A2 (AND4_X1)
     1    3.25    0.01    0.05    0.39 v _482_/ZN (AND4_X1)
                                         _225_ (net)
                  0.01    0.00    0.39 v _483_/A (AOI221_X2)
     2    4.75    0.05    0.08    0.46 ^ _483_/ZN (AOI221_X2)
                                         _226_ (net)
                  0.05    0.00    0.46 ^ _484_/A2 (OR2_X1)
     2    5.44    0.02    0.04    0.51 ^ _484_/ZN (OR2_X1)
                                         _024_ (net)
                  0.02    0.00    0.51 ^ _485_/A (INV_X1)
     3    7.48    0.01    0.02    0.52 v _485_/ZN (INV_X1)
                                         alu_b_w[3] (net)
                  0.01    0.00    0.52 v _523_/A1 (NOR2_X1)
     1    1.77    0.02    0.02    0.55 ^ _523_/ZN (NOR2_X1)
                                         _249_ (net)
                  0.02    0.00    0.55 ^ _524_/B1 (AOI21_X1)
     1    2.47    0.03    0.02    0.57 v _524_/ZN (AOI21_X1)
                                         _250_ (net)
                  0.03    0.00    0.57 v _525_/B (XNOR2_X1)
     1    3.48    0.01    0.05    0.62 v _525_/ZN (XNOR2_X1)
                                         _053_ (net)
                  0.01    0.00    0.62 v _623_/B (HA_X1)
     4    5.80    0.02    0.06    0.68 v _623_/S (HA_X1)
                                         _055_ (net)
                  0.02    0.00    0.68 v _395_/A2 (AND3_X1)
     1    1.67    0.01    0.04    0.72 v _395_/ZN (AND3_X1)
                                         _158_ (net)
                  0.01    0.00    0.72 v _396_/A (AOI21_X1)
     2    5.25    0.04    0.06    0.78 ^ _396_/ZN (AOI21_X1)
                                         _159_ (net)
                  0.04    0.00    0.78 ^ _546_/A (OAI211_X2)
     2    5.25    0.02    0.04    0.82 v _546_/ZN (OAI211_X2)
                                         _266_ (net)
                  0.02    0.00    0.82 v _560_/A1 (NAND2_X2)
     5   10.64    0.02    0.03    0.85 ^ _560_/ZN (NAND2_X2)
                                         _280_ (net)
                  0.02    0.00    0.85 ^ _567_/A2 (NAND3_X1)
     1    3.59    0.03    0.03    0.87 v _567_/ZN (NAND3_X1)
                                         _287_ (net)
                  0.03    0.00    0.87 v _568_/A4 (NOR4_X2)
     1    6.65    0.06    0.10    0.98 ^ _568_/ZN (NOR4_X2)
                                         _288_ (net)
                  0.06    0.00    0.98 ^ _576_/A2 (NOR4_X4)
     2    6.71    0.02    0.02    0.99 v _576_/ZN (NOR4_X4)
                                         _296_ (net)
                  0.02    0.00    0.99 v _577_/A2 (NAND2_X2)
     1    1.14    0.01    0.02    1.01 ^ _577_/ZN (NAND2_X2)
                                         net9 (net)
                  0.01    0.00    1.01 ^ output9/A (BUF_X1)
     1    0.30    0.00    0.02    1.03 ^ output9/Z (BUF_X1)
                                         alu_result_out[7] (net)
                  0.00    0.00    1.03 ^ alu_result_out[7] (out)
                                  1.03   data arrival time

                         10.00   10.00   clock clk (rise edge)
                          0.00   10.00   clock network delay (propagated)
                         -0.10    9.90   clock uncertainty
                          0.00    9.90   clock reconvergence pessimism
                         -1.00    8.90   output external delay
                                  8.90   data required time
-----------------------------------------------------------------------------
                                  8.90   data required time
                                 -1.03   data arrival time
-----------------------------------------------------------------------------
                                  7.87   slack (MET)



==========================================================================
finish report_checks -unconstrained
--------------------------------------------------------------------------
Startpoint: u_pc.pc[1]$_DFFE_PP0P_
            (rising edge-triggered flip-flop clocked by clk)
Endpoint: alu_result_out[7] (output port clocked by clk)
Path Group: clk
Path Type: max

Fanout     Cap    Slew   Delay    Time   Description
-----------------------------------------------------------------------------
                          0.00    0.00   clock clk (rise edge)
                          0.00    0.00   clock source latency
     1    3.31    0.00    0.00    0.00 ^ clk (in)
                                         clk (net)
                  0.00    0.00    0.00 ^ clkbuf_0_clk/A (CLKBUF_X3)
     2    4.10    0.01    0.03    0.03 ^ clkbuf_0_clk/Z (CLKBUF_X3)
                                         clknet_0_clk (net)
                  0.01    0.00    0.03 ^ clkbuf_1_0__f_clk/A (CLKBUF_X3)
    13   20.86    0.02    0.04    0.07 ^ clkbuf_1_0__f_clk/Z (CLKBUF_X3)
                                         clknet_1_0__leaf_clk (net)
                  0.02    0.00    0.07 ^ u_pc.pc[1]$_DFFE_PP0P_/CK (DFFR_X1)
    20   42.09    0.10    0.20    0.27 ^ u_pc.pc[1]$_DFFE_PP0P_/Q (DFFR_X1)
                                         net16 (net)
                  0.10    0.00    0.27 ^ _334_/A (INV_X1)
    12   21.11    0.04    0.06    0.33 v _334_/ZN (INV_X1)
                                         _100_ (net)
                  0.04    0.00    0.33 v _482_/A2 (AND4_X1)
     1    3.25    0.01    0.05    0.39 v _482_/ZN (AND4_X1)
                                         _225_ (net)
                  0.01    0.00    0.39 v _483_/A (AOI221_X2)
     2    4.75    0.05    0.08    0.46 ^ _483_/ZN (AOI221_X2)
                                         _226_ (net)
                  0.05    0.00    0.46 ^ _484_/A2 (OR2_X1)
     2    5.44    0.02    0.04    0.51 ^ _484_/ZN (OR2_X1)
                                         _024_ (net)
                  0.02    0.00    0.51 ^ _485_/A (INV_X1)
     3    7.48    0.01    0.02    0.52 v _485_/ZN (INV_X1)
                                         alu_b_w[3] (net)
                  0.01    0.00    0.52 v _523_/A1 (NOR2_X1)
     1    1.77    0.02    0.02    0.55 ^ _523_/ZN (NOR2_X1)
                                         _249_ (net)
                  0.02    0.00    0.55 ^ _524_/B1 (AOI21_X1)
     1    2.47    0.03    0.02    0.57 v _524_/ZN (AOI21_X1)
                                         _250_ (net)
                  0.03    0.00    0.57 v _525_/B (XNOR2_X1)
     1    3.48    0.01    0.05    0.62 v _525_/ZN (XNOR2_X1)
                                         _053_ (net)
                  0.01    0.00    0.62 v _623_/B (HA_X1)
     4    5.80    0.02    0.06    0.68 v _623_/S (HA_X1)
                                         _055_ (net)
                  0.02    0.00    0.68 v _395_/A2 (AND3_X1)
     1    1.67    0.01    0.04    0.72 v _395_/ZN (AND3_X1)
                                         _158_ (net)
                  0.01    0.00    0.72 v _396_/A (AOI21_X1)
     2    5.25    0.04    0.06    0.78 ^ _396_/ZN (AOI21_X1)
                                         _159_ (net)
                  0.04    0.00    0.78 ^ _546_/A (OAI211_X2)
     2    5.25    0.02    0.04    0.82 v _546_/ZN (OAI211_X2)
                                         _266_ (net)
                  0.02    0.00    0.82 v _560_/A1 (NAND2_X2)
     5   10.64    0.02    0.03    0.85 ^ _560_/ZN (NAND2_X2)
                                         _280_ (net)
                  0.02    0.00    0.85 ^ _567_/A2 (NAND3_X1)
     1    3.59    0.03    0.03    0.87 v _567_/ZN (NAND3_X1)
                                         _287_ (net)
                  0.03    0.00    0.87 v _568_/A4 (NOR4_X2)
     1    6.65    0.06    0.10    0.98 ^ _568_/ZN (NOR4_X2)
                                         _288_ (net)
                  0.06    0.00    0.98 ^ _576_/A2 (NOR4_X4)
     2    6.71    0.02    0.02    0.99 v _576_/ZN (NOR4_X4)
                                         _296_ (net)
                  0.02    0.00    0.99 v _577_/A2 (NAND2_X2)
     1    1.14    0.01    0.02    1.01 ^ _577_/ZN (NAND2_X2)
                                         net9 (net)
                  0.01    0.00    1.01 ^ output9/A (BUF_X1)
     1    0.30    0.00    0.02    1.03 ^ output9/Z (BUF_X1)
                                         alu_result_out[7] (net)
                  0.00    0.00    1.03 ^ alu_result_out[7] (out)
                                  1.03   data arrival time

                         10.00   10.00   clock clk (rise edge)
                          0.00   10.00   clock network delay (propagated)
                         -0.10    9.90   clock uncertainty
                          0.00    9.90   clock reconvergence pessimism
                         -1.00    8.90   output external delay
                                  8.90   data required time
-----------------------------------------------------------------------------
                                  8.90   data required time
                                 -1.03   data arrival time
-----------------------------------------------------------------------------
                                  7.87   slack (MET)



==========================================================================
finish report_check_types -max_slew -max_cap -max_fanout -violators
--------------------------------------------------------------------------

==========================================================================
finish max_slew_check_slack
--------------------------------------------------------------------------
0.07485007494688034

==========================================================================
finish max_slew_check_limit
--------------------------------------------------------------------------
0.1985349953174591

==========================================================================
finish max_slew_check_slack_limit
--------------------------------------------------------------------------
0.3770

==========================================================================
finish max_fanout_check_slack
--------------------------------------------------------------------------
1.0000000150474662e+30

==========================================================================
finish max_fanout_check_limit
--------------------------------------------------------------------------
1.0000000150474662e+30

==========================================================================
finish max_capacitance_check_slack
--------------------------------------------------------------------------
2.9890005588531494

==========================================================================
finish max_capacitance_check_limit
--------------------------------------------------------------------------
16.021699905395508

==========================================================================
finish max_capacitance_check_slack_limit
--------------------------------------------------------------------------
0.1866

==========================================================================
finish max_slew_violation_count
--------------------------------------------------------------------------
max slew violation count 0

==========================================================================
finish max_fanout_violation_count
--------------------------------------------------------------------------
max fanout violation count 0

==========================================================================
finish max_cap_violation_count
--------------------------------------------------------------------------
max cap violation count 0

==========================================================================
finish setup_violation_count
--------------------------------------------------------------------------
setup violation count 0

==========================================================================
finish hold_violation_count
--------------------------------------------------------------------------
hold violation count 0

==========================================================================
finish report_checks -path_delay max reg to reg
--------------------------------------------------------------------------
Startpoint: u_pc.pc[1]$_DFFE_PP0P_
            (rising edge-triggered flip-flop clocked by clk)
Endpoint: u_register_file.reg_file[0][7]$_DFFE_PP0P_
          (rising edge-triggered flip-flop clocked by clk)
Path Group: clk
Path Type: max

  Delay    Time   Description
---------------------------------------------------------
   0.00    0.00   clock clk (rise edge)
   0.00    0.00   clock source latency
   0.00    0.00 ^ clk (in)
   0.03    0.03 ^ clkbuf_0_clk/Z (CLKBUF_X3)
   0.04    0.07 ^ clkbuf_1_0__f_clk/Z (CLKBUF_X3)
   0.00    0.07 ^ u_pc.pc[1]$_DFFE_PP0P_/CK (DFFR_X1)
   0.20    0.27 ^ u_pc.pc[1]$_DFFE_PP0P_/Q (DFFR_X1)
   0.06    0.33 v _334_/ZN (INV_X1)
   0.05    0.39 v _482_/ZN (AND4_X1)
   0.08    0.46 ^ _483_/ZN (AOI221_X2)
   0.04    0.51 ^ _484_/ZN (OR2_X1)
   0.02    0.52 v _485_/ZN (INV_X1)
   0.02    0.55 ^ _523_/ZN (NOR2_X1)
   0.02    0.57 v _524_/ZN (AOI21_X1)
   0.05    0.62 v _525_/ZN (XNOR2_X1)
   0.07    0.68 v _623_/S (HA_X1)
   0.04    0.72 v _395_/ZN (AND3_X1)
   0.06    0.78 ^ _396_/ZN (AOI21_X1)
   0.04    0.82 v _546_/ZN (OAI211_X2)
   0.03    0.85 ^ _560_/ZN (NAND2_X2)
   0.03    0.87 v _567_/ZN (NAND3_X1)
   0.10    0.98 ^ _568_/ZN (NOR4_X2)
   0.02    0.99 v _576_/ZN (NOR4_X4)
   0.03    1.02 ^ _583_/ZN (AOI21_X2)
   0.00    1.02 ^ u_register_file.reg_file[0][7]$_DFFE_PP0P_/D (DFFR_X1)
           1.02   data arrival time

  10.00   10.00   clock clk (rise edge)
   0.00   10.00   clock source latency
   0.00   10.00 ^ clk (in)
   0.03   10.03 ^ clkbuf_0_clk/Z (CLKBUF_X3)
   0.04   10.07 ^ clkbuf_1_0__f_clk/Z (CLKBUF_X3)
   0.00   10.07 ^ u_register_file.reg_file[0][7]$_DFFE_PP0P_/CK (DFFR_X1)
  -0.10    9.97   clock uncertainty
   0.00    9.97   clock reconvergence pessimism
  -0.03    9.94   library setup time
           9.94   data required time
---------------------------------------------------------
           9.94   data required time
          -1.02   data arrival time
---------------------------------------------------------
           8.92   slack (MET)



==========================================================================
finish report_checks -path_delay min reg to reg
--------------------------------------------------------------------------
Startpoint: u_pc.pc[6]$_DFFE_PP0P_
            (rising edge-triggered flip-flop clocked by clk)
Endpoint: u_pc.pc[6]$_DFFE_PP0P_
          (rising edge-triggered flip-flop clocked by clk)
Path Group: clk
Path Type: min

  Delay    Time   Description
---------------------------------------------------------
   0.00    0.00   clock clk (rise edge)
   0.00    0.00   clock source latency
   0.00    0.00 ^ clk (in)
   0.03    0.03 ^ clkbuf_0_clk/Z (CLKBUF_X3)
   0.04    0.07 ^ clkbuf_1_1__f_clk/Z (CLKBUF_X3)
   0.00    0.07 ^ u_pc.pc[6]$_DFFE_PP0P_/CK (DFFR_X1)
   0.10    0.17 v u_pc.pc[6]$_DFFE_PP0P_/Q (DFFR_X1)
   0.03    0.19 ^ _467_/ZN (XNOR2_X1)
   0.00    0.19 ^ u_pc.pc[6]$_DFFE_PP0P_/D (DFFR_X1)
           0.19   data arrival time

   0.00    0.00   clock clk (rise edge)
   0.00    0.00   clock source latency
   0.00    0.00 ^ clk (in)
   0.03    0.03 ^ clkbuf_0_clk/Z (CLKBUF_X3)
   0.04    0.07 ^ clkbuf_1_1__f_clk/Z (CLKBUF_X3)
   0.00    0.07 ^ u_pc.pc[6]$_DFFE_PP0P_/CK (DFFR_X1)
   0.10    0.17   clock uncertainty
   0.00    0.17   clock reconvergence pessimism
   0.01    0.18   library hold time
           0.18   data required time
---------------------------------------------------------
           0.18   data required time
          -0.19   data arrival time
---------------------------------------------------------
           0.01   slack (MET)



==========================================================================
finish critical path target clock latency max path
--------------------------------------------------------------------------
0

==========================================================================
finish critical path target clock latency min path
--------------------------------------------------------------------------
0

==========================================================================
finish critical path source clock latency min path
--------------------------------------------------------------------------
0

==========================================================================
finish critical path delay
--------------------------------------------------------------------------
1.0290

==========================================================================
finish critical path slack
--------------------------------------------------------------------------
7.8710

==========================================================================
finish slack div critical path delay
--------------------------------------------------------------------------
764.917396

==========================================================================
finish report_power
--------------------------------------------------------------------------
Group                  Internal  Switching    Leakage      Total
                          Power      Power      Power      Power (Watts)
----------------------------------------------------------------
Sequential             1.71e-05   0.00e+00   2.30e-06   1.94e-05  49.7%
Combinational          1.25e-07   3.88e-07   9.95e-06   1.05e-05  26.9%
Clock                  3.44e-06   5.54e-06   1.20e-07   9.10e-06  23.4%
Macro                  0.00e+00   0.00e+00   0.00e+00   0.00e+00   0.0%
Pad                    0.00e+00   0.00e+00   0.00e+00   0.00e+00   0.0%
----------------------------------------------------------------
Total                  2.06e-05   5.93e-06   1.24e-05   3.89e-05 100.0%
                          53.0%      15.2%      31.8%
