
==========================================================================
floorplan final report_tns
--------------------------------------------------------------------------
tns max 0.00

==========================================================================
floorplan final report_wns
--------------------------------------------------------------------------
wns max 0.00

==========================================================================
floorplan final report_worst_slack
--------------------------------------------------------------------------
worst slack max 8.04

==========================================================================
floorplan final report_clock_min_period
--------------------------------------------------------------------------
clk period_min = 1.96 fmax = 511.50

==========================================================================
floorplan final report_checks -path_delay min
--------------------------------------------------------------------------
Startpoint: u_pc.pc[6]$_DFFE_PP0P_
            (rising edge-triggered flip-flop clocked by clk)
Endpoint: u_pc.pc[6]$_DFFE_PP0P_
          (rising edge-triggered flip-flop clocked by clk)
Path Group: clk
Path Type: min

Fanout     Cap    Slew   Delay    Time   Description
-----------------------------------------------------------------------------
                  0.10    0.00    0.00   clock clk (rise edge)
                          0.20    0.20   clock network delay (ideal)
                  0.10    0.00    0.20 ^ u_pc.pc[6]$_DFFE_PP0P_/CK (DFFR_X1)
     2    2.18    0.01    0.10    0.30 v u_pc.pc[6]$_DFFE_PP0P_/Q (DFFR_X1)
                                         pc_out[6] (net)
                  0.01    0.00    0.30 v _467_/A (XNOR2_X1)
     1    1.13    0.01    0.02    0.33 ^ _467_/ZN (XNOR2_X1)
                                         _069_ (net)
                  0.01    0.00    0.33 ^ u_pc.pc[6]$_DFFE_PP0P_/D (DFFR_X1)
                                  0.33   data arrival time

                  0.10    0.00    0.00   clock clk (rise edge)
                          0.20    0.20   clock network delay (ideal)
                          0.10    0.30   clock uncertainty
                          0.00    0.30   clock reconvergence pessimism
                                  0.30 ^ u_pc.pc[6]$_DFFE_PP0P_/CK (DFFR_X1)
                          0.02    0.32   library hold time
                                  0.32   data required time
-----------------------------------------------------------------------------
                                  0.32   data required time
                                 -0.33   data arrival time
-----------------------------------------------------------------------------
                                  0.01   slack (MET)



==========================================================================
floorplan final report_checks -path_delay max
--------------------------------------------------------------------------
Startpoint: u_pc.pc[0]$_DFFE_PP0P_
            (rising edge-triggered flip-flop clocked by clk)
Endpoint: alu_result_out[7] (output port clocked by clk)
Path Group: clk
Path Type: max

Fanout     Cap    Slew   Delay    Time   Description
-----------------------------------------------------------------------------
                  0.10    0.00    0.00   clock clk (rise edge)
                          0.20    0.20   clock network delay (ideal)
                  0.10    0.00    0.20 ^ u_pc.pc[0]$_DFFE_PP0P_/CK (DFFR_X1)
     3    6.64    0.02    0.13    0.33 ^ u_pc.pc[0]$_DFFE_PP0P_/Q (DFFR_X1)
                                         pc_out[0] (net)
                  0.02    0.00    0.33 ^ _331_/A (BUF_X4)
     8   14.28    0.01    0.03    0.36 ^ _331_/Z (BUF_X4)
                                         _097_ (net)
                  0.01    0.00    0.36 ^ _481_/S (MUX2_X1)
     1    0.86    0.01    0.06    0.41 v _481_/Z (MUX2_X1)
                                         _224_ (net)
                  0.01    0.00    0.41 v _482_/A4 (AND4_X1)
     1    3.14    0.01    0.04    0.46 v _482_/ZN (AND4_X1)
                                         _225_ (net)
                  0.01    0.00    0.46 v _483_/A (AOI221_X2)
     2    4.42    0.05    0.08    0.53 ^ _483_/ZN (AOI221_X2)
                                         _226_ (net)
                  0.05    0.00    0.53 ^ _484_/A2 (OR2_X1)
     2    5.15    0.02    0.04    0.57 ^ _484_/ZN (OR2_X1)
                                         _024_ (net)
                  0.02    0.00    0.57 ^ _485_/A (INV_X1)
     3    6.88    0.01    0.02    0.59 v _485_/ZN (INV_X1)
                                         alu_b_w[3] (net)
                  0.01    0.00    0.59 v _523_/A1 (NOR2_X1)
     1    1.65    0.02    0.02    0.61 ^ _523_/ZN (NOR2_X1)
                                         _249_ (net)
                  0.02    0.00    0.61 ^ _524_/B1 (AOI21_X1)
     1    2.37    0.01    0.02    0.63 v _524_/ZN (AOI21_X1)
                                         _250_ (net)
                  0.01    0.00    0.63 v _525_/B (XNOR2_X1)
     1    3.34    0.01    0.04    0.68 v _525_/ZN (XNOR2_X1)
                                         _053_ (net)
                  0.01    0.00    0.68 v _623_/B (HA_X1)
     4    5.37    0.02    0.06    0.74 v _623_/S (HA_X1)
                                         _055_ (net)
                  0.02    0.00    0.74 v _395_/A2 (AND3_X1)
     1    1.54    0.01    0.04    0.78 v _395_/ZN (AND3_X1)
                                         _158_ (net)
                  0.01    0.00    0.78 v _396_/A (AOI21_X1)
     2    5.00    0.04    0.06    0.83 ^ _396_/ZN (AOI21_X1)
                                         _159_ (net)
                  0.04    0.00    0.83 ^ _546_/A (OAI211_X2)
     2    4.50    0.02    0.04    0.87 v _546_/ZN (OAI211_X2)
                                         _266_ (net)
                  0.02    0.00    0.87 v _560_/A1 (NAND2_X2)
     5    9.63    0.02    0.03    0.90 ^ _560_/ZN (NAND2_X2)
                                         _280_ (net)
                  0.02    0.00    0.90 ^ _567_/A2 (NAND3_X1)
     1    3.50    0.02    0.03    0.92 v _567_/ZN (NAND3_X1)
                                         _287_ (net)
                  0.02    0.00    0.92 v _568_/A4 (NOR4_X2)
     1    6.20    0.06    0.10    1.02 ^ _568_/ZN (NOR4_X2)
                                         _288_ (net)
                  0.06    0.00    1.02 ^ _576_/A2 (NOR4_X4)
     2    6.09    0.01    0.02    1.04 v _576_/ZN (NOR4_X4)
                                         _296_ (net)
                  0.01    0.00    1.04 v _577_/A2 (NAND2_X2)
     1    0.05    0.01    0.02    1.06 ^ _577_/ZN (NAND2_X2)
                                         alu_result_out[7] (net)
                  0.01    0.00    1.06 ^ alu_result_out[7] (out)
                                  1.06   data arrival time

                  0.10   10.00   10.00   clock clk (rise edge)
                          0.20   10.20   clock network delay (ideal)
                         -0.10   10.10   clock uncertainty
                          0.00   10.10   clock reconvergence pessimism
                         -1.00    9.10   output external delay
                                  9.10   data required time
-----------------------------------------------------------------------------
                                  9.10   data required time
                                 -1.06   data arrival time
-----------------------------------------------------------------------------
                                  8.04   slack (MET)



==========================================================================
floorplan final report_checks -unconstrained
--------------------------------------------------------------------------
Startpoint: u_pc.pc[0]$_DFFE_PP0P_
            (rising edge-triggered flip-flop clocked by clk)
Endpoint: alu_result_out[7] (output port clocked by clk)
Path Group: clk
Path Type: max

Fanout     Cap    Slew   Delay    Time   Description
-----------------------------------------------------------------------------
                  0.10    0.00    0.00   clock clk (rise edge)
                          0.20    0.20   clock network delay (ideal)
                  0.10    0.00    0.20 ^ u_pc.pc[0]$_DFFE_PP0P_/CK (DFFR_X1)
     3    6.64    0.02    0.13    0.33 ^ u_pc.pc[0]$_DFFE_PP0P_/Q (DFFR_X1)
                                         pc_out[0] (net)
                  0.02    0.00    0.33 ^ _331_/A (BUF_X4)
     8   14.28    0.01    0.03    0.36 ^ _331_/Z (BUF_X4)
                                         _097_ (net)
                  0.01    0.00    0.36 ^ _481_/S (MUX2_X1)
     1    0.86    0.01    0.06    0.41 v _481_/Z (MUX2_X1)
                                         _224_ (net)
                  0.01    0.00    0.41 v _482_/A4 (AND4_X1)
     1    3.14    0.01    0.04    0.46 v _482_/ZN (AND4_X1)
                                         _225_ (net)
                  0.01    0.00    0.46 v _483_/A (AOI221_X2)
     2    4.42    0.05    0.08    0.53 ^ _483_/ZN (AOI221_X2)
                                         _226_ (net)
                  0.05    0.00    0.53 ^ _484_/A2 (OR2_X1)
     2    5.15    0.02    0.04    0.57 ^ _484_/ZN (OR2_X1)
                                         _024_ (net)
                  0.02    0.00    0.57 ^ _485_/A (INV_X1)
     3    6.88    0.01    0.02    0.59 v _485_/ZN (INV_X1)
                                         alu_b_w[3] (net)
                  0.01    0.00    0.59 v _523_/A1 (NOR2_X1)
     1    1.65    0.02    0.02    0.61 ^ _523_/ZN (NOR2_X1)
                                         _249_ (net)
                  0.02    0.00    0.61 ^ _524_/B1 (AOI21_X1)
     1    2.37    0.01    0.02    0.63 v _524_/ZN (AOI21_X1)
                                         _250_ (net)
                  0.01    0.00    0.63 v _525_/B (XNOR2_X1)
     1    3.34    0.01    0.04    0.68 v _525_/ZN (XNOR2_X1)
                                         _053_ (net)
                  0.01    0.00    0.68 v _623_/B (HA_X1)
     4    5.37    0.02    0.06    0.74 v _623_/S (HA_X1)
                                         _055_ (net)
                  0.02    0.00    0.74 v _395_/A2 (AND3_X1)
     1    1.54    0.01    0.04    0.78 v _395_/ZN (AND3_X1)
                                         _158_ (net)
                  0.01    0.00    0.78 v _396_/A (AOI21_X1)
     2    5.00    0.04    0.06    0.83 ^ _396_/ZN (AOI21_X1)
                                         _159_ (net)
                  0.04    0.00    0.83 ^ _546_/A (OAI211_X2)
     2    4.50    0.02    0.04    0.87 v _546_/ZN (OAI211_X2)
                                         _266_ (net)
                  0.02    0.00    0.87 v _560_/A1 (NAND2_X2)
     5    9.63    0.02    0.03    0.90 ^ _560_/ZN (NAND2_X2)
                                         _280_ (net)
                  0.02    0.00    0.90 ^ _567_/A2 (NAND3_X1)
     1    3.50    0.02    0.03    0.92 v _567_/ZN (NAND3_X1)
                                         _287_ (net)
                  0.02    0.00    0.92 v _568_/A4 (NOR4_X2)
     1    6.20    0.06    0.10    1.02 ^ _568_/ZN (NOR4_X2)
                                         _288_ (net)
                  0.06    0.00    1.02 ^ _576_/A2 (NOR4_X4)
     2    6.09    0.01    0.02    1.04 v _576_/ZN (NOR4_X4)
                                         _296_ (net)
                  0.01    0.00    1.04 v _577_/A2 (NAND2_X2)
     1    0.05    0.01    0.02    1.06 ^ _577_/ZN (NAND2_X2)
                                         alu_result_out[7] (net)
                  0.01    0.00    1.06 ^ alu_result_out[7] (out)
                                  1.06   data arrival time

                  0.10   10.00   10.00   clock clk (rise edge)
                          0.20   10.20   clock network delay (ideal)
                         -0.10   10.10   clock uncertainty
                          0.00   10.10   clock reconvergence pessimism
                         -1.00    9.10   output external delay
                                  9.10   data required time
-----------------------------------------------------------------------------
                                  9.10   data required time
                                 -1.06   data arrival time
-----------------------------------------------------------------------------
                                  8.04   slack (MET)



==========================================================================
floorplan final report_power
--------------------------------------------------------------------------
Group                  Internal  Switching    Leakage      Total
                          Power      Power      Power      Power (Watts)
----------------------------------------------------------------
Sequential             2.07e-05   0.00e+00   2.30e-06   2.30e-05  67.9%
Combinational          9.20e-09   3.01e-07   1.06e-05   1.09e-05  32.1%
Clock                  0.00e+00   0.00e+00   0.00e+00   0.00e+00   0.0%
Macro                  0.00e+00   0.00e+00   0.00e+00   0.00e+00   0.0%
Pad                    0.00e+00   0.00e+00   0.00e+00   0.00e+00   0.0%
----------------------------------------------------------------
Total                  2.07e-05   3.01e-07   1.29e-05   3.38e-05 100.0%
                          61.1%       0.9%      38.0%
