
==========================================================================
global route report_tns
--------------------------------------------------------------------------
tns max 0.00

==========================================================================
global route report_wns
--------------------------------------------------------------------------
wns max 0.00

==========================================================================
global route report_worst_slack
--------------------------------------------------------------------------
worst slack max 7.84

==========================================================================
global route report_clock_min_period
--------------------------------------------------------------------------
clk period_min = 2.16 fmax = 463.63

==========================================================================
global route report_clock_skew
--------------------------------------------------------------------------
Clock clk
   0.07 source latency u_register_file.reg_file[0][0]$_DFFE_PP0P_/CK ^
  -0.07 target latency u_register_file.reg_file[0][2]$_DFFE_PP0P_/CK ^
   0.10 clock uncertainty
   0.00 CRPR
--------------
   0.10 setup skew


==========================================================================
global route report_checks -path_delay min
--------------------------------------------------------------------------
Startpoint: u_pc.pc[6]$_DFFE_PP0P_
            (rising edge-triggered flip-flop clocked by clk)
Endpoint: u_pc.pc[6]$_DFFE_PP0P_
          (rising edge-triggered flip-flop clocked by clk)
Path Group: clk
Path Type: min

Fanout     Cap    Slew   Delay    Time   Description
-----------------------------------------------------------------------------
                          0.00    0.00   clock clk (rise edge)
                          0.00    0.00   clock source latency
     1    4.05    0.00    0.00    0.00 ^ clk (in)
                                         clk (net)
                  0.00    0.00    0.00 ^ clkbuf_0_clk/A (CLKBUF_X3)
     2    4.86    0.01    0.03    0.03 ^ clkbuf_0_clk/Z (CLKBUF_X3)
                                         clknet_0_clk (net)
                  0.01    0.00    0.03 ^ clkbuf_1_1__f_clk/A (CLKBUF_X3)
    16   23.11    0.02    0.05    0.07 ^ clkbuf_1_1__f_clk/Z (CLKBUF_X3)
                                         clknet_1_1__leaf_clk (net)
                  0.02    0.00    0.07 ^ u_pc.pc[6]$_DFFE_PP0P_/CK (DFFR_X1)
     2    4.12    0.01    0.10    0.17 v u_pc.pc[6]$_DFFE_PP0P_/Q (DFFR_X1)
                                         net21 (net)
                  0.01    0.00    0.17 v _467_/A (XNOR2_X1)
     1    1.70    0.01    0.03    0.20 ^ _467_/ZN (XNOR2_X1)
                                         _069_ (net)
                  0.01    0.00    0.20 ^ u_pc.pc[6]$_DFFE_PP0P_/D (DFFR_X1)
                                  0.20   data arrival time

                          0.00    0.00   clock clk (rise edge)
                          0.00    0.00   clock source latency
     1    4.05    0.00    0.00    0.00 ^ clk (in)
                                         clk (net)
                  0.00    0.00    0.00 ^ clkbuf_0_clk/A (CLKBUF_X3)
     2    4.86    0.01    0.03    0.03 ^ clkbuf_0_clk/Z (CLKBUF_X3)
                                         clknet_0_clk (net)
                  0.01    0.00    0.03 ^ clkbuf_1_1__f_clk/A (CLKBUF_X3)
    16   23.11    0.02    0.05    0.07 ^ clkbuf_1_1__f_clk/Z (CLKBUF_X3)
                                         clknet_1_1__leaf_clk (net)
                  0.02    0.00    0.07 ^ u_pc.pc[6]$_DFFE_PP0P_/CK (DFFR_X1)
                          0.10    0.17   clock uncertainty
                          0.00    0.17   clock reconvergence pessimism
                          0.01    0.19   library hold time
                                  0.19   data required time
-----------------------------------------------------------------------------
                                  0.19   data required time
                                 -0.20   data arrival time
-----------------------------------------------------------------------------
                                  0.01   slack (MET)



==========================================================================
global route report_checks -path_delay max
--------------------------------------------------------------------------
Startpoint: u_pc.pc[1]$_DFFE_PP0P_
            (rising edge-triggered flip-flop clocked by clk)
Endpoint: alu_result_out[7] (output port clocked by clk)
Path Group: clk
Path Type: max

Fanout     Cap    Slew   Delay    Time   Description
-----------------------------------------------------------------------------
                          0.00    0.00   clock clk (rise edge)
                          0.00    0.00   clock source latency
     1    4.05    0.00    0.00    0.00 ^ clk (in)
                                         clk (net)
                  0.00    0.00    0.00 ^ clkbuf_0_clk/A (CLKBUF_X3)
     2    4.86    0.01    0.03    0.03 ^ clkbuf_0_clk/Z (CLKBUF_X3)
                                         clknet_0_clk (net)
                  0.01    0.00    0.03 ^ clkbuf_1_0__f_clk/A (CLKBUF_X3)
    13   22.59    0.02    0.05    0.07 ^ clkbuf_1_0__f_clk/Z (CLKBUF_X3)
                                         clknet_1_0__leaf_clk (net)
                  0.02    0.00    0.07 ^ u_pc.pc[1]$_DFFE_PP0P_/CK (DFFR_X1)
    20   42.98    0.10    0.20    0.28 ^ u_pc.pc[1]$_DFFE_PP0P_/Q (DFFR_X1)
                                         net16 (net)
                  0.10    0.00    0.28 ^ _334_/A (INV_X1)
    12   22.55    0.04    0.06    0.34 v _334_/ZN (INV_X1)
                                         _100_ (net)
                  0.04    0.00    0.34 v _482_/A2 (AND4_X1)
     1    3.45    0.01    0.05    0.39 v _482_/ZN (AND4_X1)
                                         _225_ (net)
                  0.01    0.00    0.39 v _483_/A (AOI221_X2)
     2    4.95    0.05    0.08    0.47 ^ _483_/ZN (AOI221_X2)
                                         _226_ (net)
                  0.05    0.00    0.47 ^ _484_/A2 (OR2_X1)
     2    5.56    0.02    0.04    0.52 ^ _484_/ZN (OR2_X1)
                                         _024_ (net)
                  0.02    0.00    0.52 ^ _485_/A (INV_X1)
     3    7.62    0.01    0.02    0.54 v _485_/ZN (INV_X1)
                                         alu_b_w[3] (net)
                  0.01    0.00    0.54 v _523_/A1 (NOR2_X1)
     1    2.21    0.02    0.03    0.56 ^ _523_/ZN (NOR2_X1)
                                         _249_ (net)
                  0.02    0.00    0.56 ^ _524_/B1 (AOI21_X1)
     1    2.75    0.03    0.02    0.58 v _524_/ZN (AOI21_X1)
                                         _250_ (net)
                  0.03    0.00    0.58 v _525_/B (XNOR2_X1)
     1    3.90    0.02    0.05    0.63 v _525_/ZN (XNOR2_X1)
                                         _053_ (net)
                  0.02    0.00    0.63 v _623_/B (HA_X1)
     4    6.31    0.02    0.07    0.70 v _623_/S (HA_X1)
                                         _055_ (net)
                  0.02    0.00    0.70 v _395_/A2 (AND3_X1)
     1    1.65    0.01    0.04    0.74 v _395_/ZN (AND3_X1)
                                         _158_ (net)
                  0.01    0.00    0.74 v _396_/A (AOI21_X1)
     2    5.59    0.04    0.06    0.80 ^ _396_/ZN (AOI21_X1)
                                         _159_ (net)
                  0.04    0.00    0.80 ^ _546_/A (OAI211_X2)
     2    5.64    0.02    0.04    0.84 v _546_/ZN (OAI211_X2)
                                         _266_ (net)
                  0.02    0.00    0.84 v _560_/A1 (NAND2_X2)
     5   11.01    0.02    0.03    0.87 ^ _560_/ZN (NAND2_X2)
                                         _280_ (net)
                  0.02    0.00    0.87 ^ _567_/A2 (NAND3_X1)
     1    3.95    0.03    0.03    0.90 v _567_/ZN (NAND3_X1)
                                         _287_ (net)
                  0.03    0.00    0.90 v _568_/A4 (NOR4_X2)
     1    6.88    0.06    0.10    1.00 ^ _568_/ZN (NOR4_X2)
                                         _288_ (net)
                  0.06    0.00    1.00 ^ _576_/A2 (NOR4_X4)
     2    7.34    0.02    0.02    1.02 v _576_/ZN (NOR4_X4)
                                         _296_ (net)
                  0.02    0.00    1.02 v _577_/A2 (NAND2_X2)
     1    1.90    0.01    0.02    1.04 ^ _577_/ZN (NAND2_X2)
                                         net9 (net)
                  0.01    0.00    1.04 ^ output9/A (BUF_X1)
     1    0.86    0.01    0.02    1.06 ^ output9/Z (BUF_X1)
                                         alu_result_out[7] (net)
                  0.01    0.00    1.06 ^ alu_result_out[7] (out)
                                  1.06   data arrival time

                         10.00   10.00   clock clk (rise edge)
                          0.00   10.00   clock network delay (propagated)
                         -0.10    9.90   clock uncertainty
                          0.00    9.90   clock reconvergence pessimism
                         -1.00    8.90   output external delay
                                  8.90   data required time
-----------------------------------------------------------------------------
                                  8.90   data required time
                                 -1.06   data arrival time
-----------------------------------------------------------------------------
                                  7.84   slack (MET)



==========================================================================
global route report_checks -unconstrained
--------------------------------------------------------------------------
Startpoint: u_pc.pc[1]$_DFFE_PP0P_
            (rising edge-triggered flip-flop clocked by clk)
Endpoint: alu_result_out[7] (output port clocked by clk)
Path Group: clk
Path Type: max

Fanout     Cap    Slew   Delay    Time   Description
-----------------------------------------------------------------------------
                          0.00    0.00   clock clk (rise edge)
                          0.00    0.00   clock source latency
     1    4.05    0.00    0.00    0.00 ^ clk (in)
                                         clk (net)
                  0.00    0.00    0.00 ^ clkbuf_0_clk/A (CLKBUF_X3)
     2    4.86    0.01    0.03    0.03 ^ clkbuf_0_clk/Z (CLKBUF_X3)
                                         clknet_0_clk (net)
                  0.01    0.00    0.03 ^ clkbuf_1_0__f_clk/A (CLKBUF_X3)
    13   22.59    0.02    0.05    0.07 ^ clkbuf_1_0__f_clk/Z (CLKBUF_X3)
                                         clknet_1_0__leaf_clk (net)
                  0.02    0.00    0.07 ^ u_pc.pc[1]$_DFFE_PP0P_/CK (DFFR_X1)
    20   42.98    0.10    0.20    0.28 ^ u_pc.pc[1]$_DFFE_PP0P_/Q (DFFR_X1)
                                         net16 (net)
                  0.10    0.00    0.28 ^ _334_/A (INV_X1)
    12   22.55    0.04    0.06    0.34 v _334_/ZN (INV_X1)
                                         _100_ (net)
                  0.04    0.00    0.34 v _482_/A2 (AND4_X1)
     1    3.45    0.01    0.05    0.39 v _482_/ZN (AND4_X1)
                                         _225_ (net)
                  0.01    0.00    0.39 v _483_/A (AOI221_X2)
     2    4.95    0.05    0.08    0.47 ^ _483_/ZN (AOI221_X2)
                                         _226_ (net)
                  0.05    0.00    0.47 ^ _484_/A2 (OR2_X1)
     2    5.56    0.02    0.04    0.52 ^ _484_/ZN (OR2_X1)
                                         _024_ (net)
                  0.02    0.00    0.52 ^ _485_/A (INV_X1)
     3    7.62    0.01    0.02    0.54 v _485_/ZN (INV_X1)
                                         alu_b_w[3] (net)
                  0.01    0.00    0.54 v _523_/A1 (NOR2_X1)
     1    2.21    0.02    0.03    0.56 ^ _523_/ZN (NOR2_X1)
                                         _249_ (net)
                  0.02    0.00    0.56 ^ _524_/B1 (AOI21_X1)
     1    2.75    0.03    0.02    0.58 v _524_/ZN (AOI21_X1)
                                         _250_ (net)
                  0.03    0.00    0.58 v _525_/B (XNOR2_X1)
     1    3.90    0.02    0.05    0.63 v _525_/ZN (XNOR2_X1)
                                         _053_ (net)
                  0.02    0.00    0.63 v _623_/B (HA_X1)
     4    6.31    0.02    0.07    0.70 v _623_/S (HA_X1)
                                         _055_ (net)
                  0.02    0.00    0.70 v _395_/A2 (AND3_X1)
     1    1.65    0.01    0.04    0.74 v _395_/ZN (AND3_X1)
                                         _158_ (net)
                  0.01    0.00    0.74 v _396_/A (AOI21_X1)
     2    5.59    0.04    0.06    0.80 ^ _396_/ZN (AOI21_X1)
                                         _159_ (net)
                  0.04    0.00    0.80 ^ _546_/A (OAI211_X2)
     2    5.64    0.02    0.04    0.84 v _546_/ZN (OAI211_X2)
                                         _266_ (net)
                  0.02    0.00    0.84 v _560_/A1 (NAND2_X2)
     5   11.01    0.02    0.03    0.87 ^ _560_/ZN (NAND2_X2)
                                         _280_ (net)
                  0.02    0.00    0.87 ^ _567_/A2 (NAND3_X1)
     1    3.95    0.03    0.03    0.90 v _567_/ZN (NAND3_X1)
                                         _287_ (net)
                  0.03    0.00    0.90 v _568_/A4 (NOR4_X2)
     1    6.88    0.06    0.10    1.00 ^ _568_/ZN (NOR4_X2)
                                         _288_ (net)
                  0.06    0.00    1.00 ^ _576_/A2 (NOR4_X4)
     2    7.34    0.02    0.02    1.02 v _576_/ZN (NOR4_X4)
                                         _296_ (net)
                  0.02    0.00    1.02 v _577_/A2 (NAND2_X2)
     1    1.90    0.01    0.02    1.04 ^ _577_/ZN (NAND2_X2)
                                         net9 (net)
                  0.01    0.00    1.04 ^ output9/A (BUF_X1)
     1    0.86    0.01    0.02    1.06 ^ output9/Z (BUF_X1)
                                         alu_result_out[7] (net)
                  0.01    0.00    1.06 ^ alu_result_out[7] (out)
                                  1.06   data arrival time

                         10.00   10.00   clock clk (rise edge)
                          0.00   10.00   clock network delay (propagated)
                         -0.10    9.90   clock uncertainty
                          0.00    9.90   clock reconvergence pessimism
                         -1.00    8.90   output external delay
                                  8.90   data required time
-----------------------------------------------------------------------------
                                  8.90   data required time
                                 -1.06   data arrival time
-----------------------------------------------------------------------------
                                  7.84   slack (MET)



==========================================================================
global route report_check_types -max_slew -max_cap -max_fanout -violators
--------------------------------------------------------------------------

==========================================================================
global route max_slew_check_slack
--------------------------------------------------------------------------
0.07293159514665604

==========================================================================
global route max_slew_check_limit
--------------------------------------------------------------------------
0.1985349953174591

==========================================================================
global route max_slew_check_slack_limit
--------------------------------------------------------------------------
0.3673

==========================================================================
global route max_fanout_check_slack
--------------------------------------------------------------------------
1.0000000150474662e+30

==========================================================================
global route max_fanout_check_limit
--------------------------------------------------------------------------
1.0000000150474662e+30

==========================================================================
global route max_capacitance_check_slack
--------------------------------------------------------------------------
2.6802308559417725

==========================================================================
global route max_capacitance_check_limit
--------------------------------------------------------------------------
16.021699905395508

==========================================================================
global route max_capacitance_check_slack_limit
--------------------------------------------------------------------------
0.1673

==========================================================================
global route max_slew_violation_count
--------------------------------------------------------------------------
max slew violation count 0

==========================================================================
global route max_fanout_violation_count
--------------------------------------------------------------------------
max fanout violation count 0

==========================================================================
global route max_cap_violation_count
--------------------------------------------------------------------------
max cap violation count 0

==========================================================================
global route setup_violation_count
--------------------------------------------------------------------------
setup violation count 0

==========================================================================
global route hold_violation_count
--------------------------------------------------------------------------
hold violation count 0

==========================================================================
global route report_checks -path_delay max reg to reg
--------------------------------------------------------------------------
Startpoint: u_pc.pc[1]$_DFFE_PP0P_
            (rising edge-triggered flip-flop clocked by clk)
Endpoint: u_register_file.reg_file[0][7]$_DFFE_PP0P_
          (rising edge-triggered flip-flop clocked by clk)
Path Group: clk
Path Type: max

  Delay    Time   Description
---------------------------------------------------------
   0.00    0.00   clock clk (rise edge)
   0.00    0.00   clock source latency
   0.00    0.00 ^ clk (in)
   0.03    0.03 ^ clkbuf_0_clk/Z (CLKBUF_X3)
   0.05    0.07 ^ clkbuf_1_0__f_clk/Z (CLKBUF_X3)
   0.00    0.07 ^ u_pc.pc[1]$_DFFE_PP0P_/CK (DFFR_X1)
   0.20    0.28 ^ u_pc.pc[1]$_DFFE_PP0P_/Q (DFFR_X1)
   0.06    0.34 v _334_/ZN (INV_X1)
   0.06    0.39 v _482_/ZN (AND4_X1)
   0.08    0.47 ^ _483_/ZN (AOI221_X2)
   0.04    0.52 ^ _484_/ZN (OR2_X1)
   0.02    0.54 v _485_/ZN (INV_X1)
   0.03    0.56 ^ _523_/ZN (NOR2_X1)
   0.02    0.58 v _524_/ZN (AOI21_X1)
   0.05    0.63 v _525_/ZN (XNOR2_X1)
   0.07    0.70 v _623_/S (HA_X1)
   0.04    0.74 v _395_/ZN (AND3_X1)
   0.06    0.80 ^ _396_/ZN (AOI21_X1)
   0.04    0.84 v _546_/ZN (OAI211_X2)
   0.03    0.87 ^ _560_/ZN (NAND2_X2)
   0.03    0.90 v _567_/ZN (NAND3_X1)
   0.10    1.00 ^ _568_/ZN (NOR4_X2)
   0.02    1.02 v _576_/ZN (NOR4_X4)
   0.03    1.05 ^ _583_/ZN (AOI21_X2)
   0.00    1.05 ^ u_register_file.reg_file[0][7]$_DFFE_PP0P_/D (DFFR_X1)
           1.05   data arrival time

  10.00   10.00   clock clk (rise edge)
   0.00   10.00   clock source latency
   0.00   10.00 ^ clk (in)
   0.03   10.03 ^ clkbuf_0_clk/Z (CLKBUF_X3)
   0.05   10.07 ^ clkbuf_1_0__f_clk/Z (CLKBUF_X3)
   0.00   10.07 ^ u_register_file.reg_file[0][7]$_DFFE_PP0P_/CK (DFFR_X1)
  -0.10    9.97   clock uncertainty
   0.00    9.97   clock reconvergence pessimism
  -0.03    9.94   library setup time
           9.94   data required time
---------------------------------------------------------
           9.94   data required time
          -1.05   data arrival time
---------------------------------------------------------
           8.89   slack (MET)



==========================================================================
global route report_checks -path_delay min reg to reg
--------------------------------------------------------------------------
Startpoint: u_pc.pc[6]$_DFFE_PP0P_
            (rising edge-triggered flip-flop clocked by clk)
Endpoint: u_pc.pc[6]$_DFFE_PP0P_
          (rising edge-triggered flip-flop clocked by clk)
Path Group: clk
Path Type: min

  Delay    Time   Description
---------------------------------------------------------
   0.00    0.00   clock clk (rise edge)
   0.00    0.00   clock source latency
   0.00    0.00 ^ clk (in)
   0.03    0.03 ^ clkbuf_0_clk/Z (CLKBUF_X3)
   0.05    0.07 ^ clkbuf_1_1__f_clk/Z (CLKBUF_X3)
   0.00    0.07 ^ u_pc.pc[6]$_DFFE_PP0P_/CK (DFFR_X1)
   0.10    0.17 v u_pc.pc[6]$_DFFE_PP0P_/Q (DFFR_X1)
   0.03    0.20 ^ _467_/ZN (XNOR2_X1)
   0.00    0.20 ^ u_pc.pc[6]$_DFFE_PP0P_/D (DFFR_X1)
           0.20   data arrival time

   0.00    0.00   clock clk (rise edge)
   0.00    0.00   clock source latency
   0.00    0.00 ^ clk (in)
   0.03    0.03 ^ clkbuf_0_clk/Z (CLKBUF_X3)
   0.05    0.07 ^ clkbuf_1_1__f_clk/Z (CLKBUF_X3)
   0.00    0.07 ^ u_pc.pc[6]$_DFFE_PP0P_/CK (DFFR_X1)
   0.10    0.17   clock uncertainty
   0.00    0.17   clock reconvergence pessimism
   0.01    0.19   library hold time
           0.19   data required time
---------------------------------------------------------
           0.19   data required time
          -0.20   data arrival time
---------------------------------------------------------
           0.01   slack (MET)



==========================================================================
global route critical path target clock latency max path
--------------------------------------------------------------------------
0

==========================================================================
global route critical path target clock latency min path
--------------------------------------------------------------------------
0

==========================================================================
global route critical path source clock latency min path
--------------------------------------------------------------------------
0

==========================================================================
global route critical path delay
--------------------------------------------------------------------------
1.0569

==========================================================================
global route critical path slack
--------------------------------------------------------------------------
7.8431

==========================================================================
global route slack div critical path delay
--------------------------------------------------------------------------
742.085344

==========================================================================
global route report_power
--------------------------------------------------------------------------
Group                  Internal  Switching    Leakage      Total
                          Power      Power      Power      Power (Watts)
----------------------------------------------------------------
Sequential             1.71e-05   0.00e+00   2.30e-06   1.94e-05  49.0%
Combinational          1.26e-07   4.20e-07   9.95e-06   1.05e-05  26.5%
Clock                  3.47e-06   6.12e-06   1.20e-07   9.70e-06  24.5%
Macro                  0.00e+00   0.00e+00   0.00e+00   0.00e+00   0.0%
Pad                    0.00e+00   0.00e+00   0.00e+00   0.00e+00   0.0%
----------------------------------------------------------------
Total                  2.07e-05   6.54e-06   1.24e-05   3.96e-05 100.0%
                          52.3%      16.5%      31.2%
