
==========================================================================
resizer report_tns
--------------------------------------------------------------------------
tns max 0.00

==========================================================================
resizer report_wns
--------------------------------------------------------------------------
wns max 0.00

==========================================================================
resizer report_worst_slack
--------------------------------------------------------------------------
worst slack max 7.94

==========================================================================
resizer report_clock_min_period
--------------------------------------------------------------------------
clk period_min = 2.06 fmax = 486.05

==========================================================================
resizer report_checks -path_delay min
--------------------------------------------------------------------------
Startpoint: u_pc.pc[7]$_DFFE_PP0P_
            (rising edge-triggered flip-flop clocked by clk)
Endpoint: u_pc.pc[7]$_DFFE_PP0P_
          (rising edge-triggered flip-flop clocked by clk)
Path Group: clk
Path Type: min

Fanout     Cap    Slew   Delay    Time   Description
-----------------------------------------------------------------------------
                  0.10    0.00    0.00   clock clk (rise edge)
                          0.20    0.20   clock network delay (ideal)
                  0.10    0.00    0.20 ^ u_pc.pc[7]$_DFFE_PP0P_/CK (DFFR_X1)
     2    2.32    0.01    0.10    0.30 v u_pc.pc[7]$_DFFE_PP0P_/Q (DFFR_X1)
                                         net22 (net)
                  0.01    0.00    0.30 v u_pc.pc[7]$_DFFE_PP0P_/D (DFFR_X1)
                                  0.30   data arrival time

                  0.10    0.00    0.00   clock clk (rise edge)
                          0.20    0.20   clock network delay (ideal)
                          0.10    0.30   clock uncertainty
                          0.00    0.30   clock reconvergence pessimism
                                  0.30 ^ u_pc.pc[7]$_DFFE_PP0P_/CK (DFFR_X1)
                          0.01    0.31   library hold time
                                  0.31   data required time
-----------------------------------------------------------------------------
                                  0.31   data required time
                                 -0.30   data arrival time
-----------------------------------------------------------------------------
                                 -0.01   slack (VIOLATED)



==========================================================================
resizer report_checks -path_delay max
--------------------------------------------------------------------------
Startpoint: u_pc.pc[1]$_DFFE_PP0P_
            (rising edge-triggered flip-flop clocked by clk)
Endpoint: alu_result_out[7] (output port clocked by clk)
Path Group: clk
Path Type: max

Fanout     Cap    Slew   Delay    Time   Description
-----------------------------------------------------------------------------
                  0.10    0.00    0.00   clock clk (rise edge)
                          0.20    0.20   clock network delay (ideal)
                  0.10    0.00    0.20 ^ u_pc.pc[1]$_DFFE_PP0P_/CK (DFFR_X1)
    20   41.09    0.09    0.21    0.41 ^ u_pc.pc[1]$_DFFE_PP0P_/Q (DFFR_X1)
                                         net16 (net)
                  0.09    0.00    0.41 ^ _334_/A (INV_X1)
    12   19.41    0.04    0.06    0.47 v _334_/ZN (INV_X1)
                                         _100_ (net)
                  0.04    0.00    0.47 v _482_/A2 (AND4_X1)
     1    3.36    0.01    0.05    0.52 v _482_/ZN (AND4_X1)
                                         _225_ (net)
                  0.01    0.00    0.52 v _483_/A (AOI221_X2)
     2    4.67    0.05    0.08    0.59 ^ _483_/ZN (AOI221_X2)
                                         _226_ (net)
                  0.05    0.00    0.59 ^ _484_/A2 (OR2_X1)
     2    5.45    0.02    0.04    0.64 ^ _484_/ZN (OR2_X1)
                                         _024_ (net)
                  0.02    0.00    0.64 ^ _485_/A (INV_X1)
     3    7.44    0.01    0.02    0.66 v _485_/ZN (INV_X1)
                                         alu_b_w[3] (net)
                  0.01    0.00    0.66 v _523_/A1 (NOR2_X1)
     1    1.74    0.02    0.02    0.68 ^ _523_/ZN (NOR2_X1)
                                         _249_ (net)
                  0.02    0.00    0.68 ^ _524_/B1 (AOI21_X1)
     1    2.53    0.03    0.02    0.70 v _524_/ZN (AOI21_X1)
                                         _250_ (net)
                  0.03    0.00    0.70 v _525_/B (XNOR2_X1)
     1    3.45    0.01    0.05    0.75 v _525_/ZN (XNOR2_X1)
                                         _053_ (net)
                  0.01    0.00    0.75 v _623_/B (HA_X1)
     4    5.57    0.02    0.06    0.81 v _623_/S (HA_X1)
                                         _055_ (net)
                  0.02    0.00    0.81 v _395_/A2 (AND3_X1)
     1    1.58    0.01    0.04    0.85 v _395_/ZN (AND3_X1)
                                         _158_ (net)
                  0.01    0.00    0.85 v _396_/A (AOI21_X1)
     2    5.24    0.04    0.06    0.91 ^ _396_/ZN (AOI21_X1)
                                         _159_ (net)
                  0.04    0.00    0.91 ^ _546_/A (OAI211_X2)
     2    5.52    0.02    0.04    0.95 v _546_/ZN (OAI211_X2)
                                         _266_ (net)
                  0.02    0.00    0.95 v _560_/A1 (NAND2_X2)
     5   10.25    0.02    0.03    0.98 ^ _560_/ZN (NAND2_X2)
                                         _280_ (net)
                  0.02    0.00    0.98 ^ _567_/A2 (NAND3_X1)
     1    3.59    0.03    0.03    1.00 v _567_/ZN (NAND3_X1)
                                         _287_ (net)
                  0.03    0.00    1.00 v _568_/A4 (NOR4_X2)
     1    6.34    0.06    0.10    1.10 ^ _568_/ZN (NOR4_X2)
                                         _288_ (net)
                  0.06    0.00    1.10 ^ _576_/A2 (NOR4_X4)
     2    6.38    0.01    0.02    1.12 v _576_/ZN (NOR4_X4)
                                         _296_ (net)
                  0.01    0.00    1.12 v _577_/A2 (NAND2_X2)
     1    1.06    0.01    0.02    1.14 ^ _577_/ZN (NAND2_X2)
                                         net9 (net)
                  0.01    0.00    1.14 ^ output9/A (BUF_X1)
     1    0.39    0.00    0.02    1.16 ^ output9/Z (BUF_X1)
                                         alu_result_out[7] (net)
                  0.00    0.00    1.16 ^ alu_result_out[7] (out)
                                  1.16   data arrival time

                  0.10   10.00   10.00   clock clk (rise edge)
                          0.20   10.20   clock network delay (ideal)
                         -0.10   10.10   clock uncertainty
                          0.00   10.10   clock reconvergence pessimism
                         -1.00    9.10   output external delay
                                  9.10   data required time
-----------------------------------------------------------------------------
                                  9.10   data required time
                                 -1.16   data arrival time
-----------------------------------------------------------------------------
                                  7.94   slack (MET)



==========================================================================
resizer report_checks -unconstrained
--------------------------------------------------------------------------
Startpoint: u_pc.pc[1]$_DFFE_PP0P_
            (rising edge-triggered flip-flop clocked by clk)
Endpoint: alu_result_out[7] (output port clocked by clk)
Path Group: clk
Path Type: max

Fanout     Cap    Slew   Delay    Time   Description
-----------------------------------------------------------------------------
                  0.10    0.00    0.00   clock clk (rise edge)
                          0.20    0.20   clock network delay (ideal)
                  0.10    0.00    0.20 ^ u_pc.pc[1]$_DFFE_PP0P_/CK (DFFR_X1)
    20   41.09    0.09    0.21    0.41 ^ u_pc.pc[1]$_DFFE_PP0P_/Q (DFFR_X1)
                                         net16 (net)
                  0.09    0.00    0.41 ^ _334_/A (INV_X1)
    12   19.41    0.04    0.06    0.47 v _334_/ZN (INV_X1)
                                         _100_ (net)
                  0.04    0.00    0.47 v _482_/A2 (AND4_X1)
     1    3.36    0.01    0.05    0.52 v _482_/ZN (AND4_X1)
                                         _225_ (net)
                  0.01    0.00    0.52 v _483_/A (AOI221_X2)
     2    4.67    0.05    0.08    0.59 ^ _483_/ZN (AOI221_X2)
                                         _226_ (net)
                  0.05    0.00    0.59 ^ _484_/A2 (OR2_X1)
     2    5.45    0.02    0.04    0.64 ^ _484_/ZN (OR2_X1)
                                         _024_ (net)
                  0.02    0.00    0.64 ^ _485_/A (INV_X1)
     3    7.44    0.01    0.02    0.66 v _485_/ZN (INV_X1)
                                         alu_b_w[3] (net)
                  0.01    0.00    0.66 v _523_/A1 (NOR2_X1)
     1    1.74    0.02    0.02    0.68 ^ _523_/ZN (NOR2_X1)
                                         _249_ (net)
                  0.02    0.00    0.68 ^ _524_/B1 (AOI21_X1)
     1    2.53    0.03    0.02    0.70 v _524_/ZN (AOI21_X1)
                                         _250_ (net)
                  0.03    0.00    0.70 v _525_/B (XNOR2_X1)
     1    3.45    0.01    0.05    0.75 v _525_/ZN (XNOR2_X1)
                                         _053_ (net)
                  0.01    0.00    0.75 v _623_/B (HA_X1)
     4    5.57    0.02    0.06    0.81 v _623_/S (HA_X1)
                                         _055_ (net)
                  0.02    0.00    0.81 v _395_/A2 (AND3_X1)
     1    1.58    0.01    0.04    0.85 v _395_/ZN (AND3_X1)
                                         _158_ (net)
                  0.01    0.00    0.85 v _396_/A (AOI21_X1)
     2    5.24    0.04    0.06    0.91 ^ _396_/ZN (AOI21_X1)
                                         _159_ (net)
                  0.04    0.00    0.91 ^ _546_/A (OAI211_X2)
     2    5.52    0.02    0.04    0.95 v _546_/ZN (OAI211_X2)
                                         _266_ (net)
                  0.02    0.00    0.95 v _560_/A1 (NAND2_X2)
     5   10.25    0.02    0.03    0.98 ^ _560_/ZN (NAND2_X2)
                                         _280_ (net)
                  0.02    0.00    0.98 ^ _567_/A2 (NAND3_X1)
     1    3.59    0.03    0.03    1.00 v _567_/ZN (NAND3_X1)
                                         _287_ (net)
                  0.03    0.00    1.00 v _568_/A4 (NOR4_X2)
     1    6.34    0.06    0.10    1.10 ^ _568_/ZN (NOR4_X2)
                                         _288_ (net)
                  0.06    0.00    1.10 ^ _576_/A2 (NOR4_X4)
     2    6.38    0.01    0.02    1.12 v _576_/ZN (NOR4_X4)
                                         _296_ (net)
                  0.01    0.00    1.12 v _577_/A2 (NAND2_X2)
     1    1.06    0.01    0.02    1.14 ^ _577_/ZN (NAND2_X2)
                                         net9 (net)
                  0.01    0.00    1.14 ^ output9/A (BUF_X1)
     1    0.39    0.00    0.02    1.16 ^ output9/Z (BUF_X1)
                                         alu_result_out[7] (net)
                  0.00    0.00    1.16 ^ alu_result_out[7] (out)
                                  1.16   data arrival time

                  0.10   10.00   10.00   clock clk (rise edge)
                          0.20   10.20   clock network delay (ideal)
                         -0.10   10.10   clock uncertainty
                          0.00   10.10   clock reconvergence pessimism
                         -1.00    9.10   output external delay
                                  9.10   data required time
-----------------------------------------------------------------------------
                                  9.10   data required time
                                 -1.16   data arrival time
-----------------------------------------------------------------------------
                                  7.94   slack (MET)



==========================================================================
resizer report_check_types -max_slew -max_cap -max_fanout -violators
--------------------------------------------------------------------------

==========================================================================
resizer max_slew_check_slack
--------------------------------------------------------------------------
0.07595911622047424

==========================================================================
resizer max_slew_check_limit
--------------------------------------------------------------------------
0.1985349953174591

==========================================================================
resizer max_slew_check_slack_limit
--------------------------------------------------------------------------
0.3826

==========================================================================
resizer max_fanout_check_slack
--------------------------------------------------------------------------
1.0000000150474662e+30

==========================================================================
resizer max_fanout_check_limit
--------------------------------------------------------------------------
1.0000000150474662e+30

==========================================================================
resizer max_capacitance_check_slack
--------------------------------------------------------------------------
2.3576619625091553

==========================================================================
resizer max_capacitance_check_limit
--------------------------------------------------------------------------
16.021699905395508

==========================================================================
resizer max_capacitance_check_slack_limit
--------------------------------------------------------------------------
0.1472

==========================================================================
resizer max_slew_violation_count
--------------------------------------------------------------------------
max slew violation count 0

==========================================================================
resizer max_fanout_violation_count
--------------------------------------------------------------------------
max fanout violation count 0

==========================================================================
resizer max_cap_violation_count
--------------------------------------------------------------------------
max cap violation count 0

==========================================================================
resizer setup_violation_count
--------------------------------------------------------------------------
setup violation count 0

==========================================================================
resizer hold_violation_count
--------------------------------------------------------------------------
hold violation count 2

==========================================================================
resizer report_checks -path_delay max reg to reg
--------------------------------------------------------------------------
Startpoint: u_pc.pc[1]$_DFFE_PP0P_
            (rising edge-triggered flip-flop clocked by clk)
Endpoint: u_register_file.reg_file[0][7]$_DFFE_PP0P_
          (rising edge-triggered flip-flop clocked by clk)
Path Group: clk
Path Type: max

  Delay    Time   Description
---------------------------------------------------------
   0.00    0.00   clock clk (rise edge)
   0.20    0.20   clock network delay (ideal)
   0.00    0.20 ^ u_pc.pc[1]$_DFFE_PP0P_/CK (DFFR_X1)
   0.21    0.41 ^ u_pc.pc[1]$_DFFE_PP0P_/Q (DFFR_X1)
   0.06    0.47 v _334_/ZN (INV_X1)
   0.05    0.52 v _482_/ZN (AND4_X1)
   0.08    0.59 ^ _483_/ZN (AOI221_X2)
   0.04    0.64 ^ _484_/ZN (OR2_X1)
   0.02    0.66 v _485_/ZN (INV_X1)
   0.02    0.68 ^ _523_/ZN (NOR2_X1)
   0.02    0.70 v _524_/ZN (AOI21_X1)
   0.05    0.75 v _525_/ZN (XNOR2_X1)
   0.06    0.81 v _623_/S (HA_X1)
   0.04    0.85 v _395_/ZN (AND3_X1)
   0.06    0.91 ^ _396_/ZN (AOI21_X1)
   0.04    0.95 v _546_/ZN (OAI211_X2)
   0.03    0.98 ^ _560_/ZN (NAND2_X2)
   0.03    1.00 v _567_/ZN (NAND3_X1)
   0.10    1.10 ^ _568_/ZN (NOR4_X2)
   0.02    1.12 v _576_/ZN (NOR4_X4)
   0.03    1.15 ^ _583_/ZN (AOI21_X2)
   0.00    1.15 ^ u_register_file.reg_file[0][7]$_DFFE_PP0P_/D (DFFR_X1)
           1.15   data arrival time

  10.00   10.00   clock clk (rise edge)
   0.20   10.20   clock network delay (ideal)
  -0.10   10.10   clock uncertainty
   0.00   10.10   clock reconvergence pessimism
          10.10 ^ u_register_file.reg_file[0][7]$_DFFE_PP0P_/CK (DFFR_X1)
  -0.04   10.06   library setup time
          10.06   data required time
---------------------------------------------------------
          10.06   data required time
          -1.15   data arrival time
---------------------------------------------------------
           8.91   slack (MET)



==========================================================================
resizer report_checks -path_delay min reg to reg
--------------------------------------------------------------------------
Startpoint: u_pc.pc[7]$_DFFE_PP0P_
            (rising edge-triggered flip-flop clocked by clk)
Endpoint: u_pc.pc[7]$_DFFE_PP0P_
          (rising edge-triggered flip-flop clocked by clk)
Path Group: clk
Path Type: min

  Delay    Time   Description
---------------------------------------------------------
   0.00    0.00   clock clk (rise edge)
   0.20    0.20   clock network delay (ideal)
   0.00    0.20 ^ u_pc.pc[7]$_DFFE_PP0P_/CK (DFFR_X1)
   0.10    0.30 v u_pc.pc[7]$_DFFE_PP0P_/Q (DFFR_X1)
   0.00    0.30 v u_pc.pc[7]$_DFFE_PP0P_/D (DFFR_X1)
           0.30   data arrival time

   0.00    0.00   clock clk (rise edge)
   0.20    0.20   clock network delay (ideal)
   0.10    0.30   clock uncertainty
   0.00    0.30   clock reconvergence pessimism
           0.30 ^ u_pc.pc[7]$_DFFE_PP0P_/CK (DFFR_X1)
   0.01    0.31   library hold time
           0.31   data required time
---------------------------------------------------------
           0.31   data required time
          -0.30   data arrival time
---------------------------------------------------------
          -0.01   slack (VIOLATED)



==========================================================================
resizer critical path target clock latency max path
--------------------------------------------------------------------------
0

==========================================================================
resizer critical path target clock latency min path
--------------------------------------------------------------------------
0

==========================================================================
resizer critical path source clock latency min path
--------------------------------------------------------------------------
0

==========================================================================
resizer critical path delay
--------------------------------------------------------------------------
1.1574

==========================================================================
resizer critical path slack
--------------------------------------------------------------------------
7.9426

==========================================================================
resizer slack div critical path delay
--------------------------------------------------------------------------
686.245032

==========================================================================
resizer report_power
--------------------------------------------------------------------------
Group                  Internal  Switching    Leakage      Total
                          Power      Power      Power      Power (Watts)
----------------------------------------------------------------
Sequential             2.07e-05   0.00e+00   2.30e-06   2.30e-05  68.7%
Combinational          1.25e-07   4.04e-07   9.92e-06   1.05e-05  31.3%
Clock                  0.00e+00   0.00e+00   0.00e+00   0.00e+00   0.0%
Macro                  0.00e+00   0.00e+00   0.00e+00   0.00e+00   0.0%
Pad                    0.00e+00   0.00e+00   0.00e+00   0.00e+00   0.0%
----------------------------------------------------------------
Total                  2.08e-05   4.04e-07   1.22e-05   3.34e-05 100.0%
                          62.2%       1.2%      36.6%
