
==========================================================================
floorplan final report_tns
--------------------------------------------------------------------------
tns max 0.00

==========================================================================
floorplan final report_wns
--------------------------------------------------------------------------
wns max 0.00

==========================================================================
floorplan final report_worst_slack
--------------------------------------------------------------------------
worst slack max 6.84

==========================================================================
floorplan final report_clock_min_period
--------------------------------------------------------------------------
clk period_min = 3.16 fmax = 316.55

==========================================================================
floorplan final report_checks -path_delay min
--------------------------------------------------------------------------
Startpoint: reset (input port clocked by clk)
Endpoint: U_COUNTER.count[0]$_DFF_PP0_
          (removal check against rising-edge clock clk)
Path Group: asynchronous
Path Type: min

Fanout     Cap    Slew   Delay    Time   Description
-----------------------------------------------------------------------------
                  0.10    0.00    0.00   clock clk (rise edge)
                          0.30    0.30   clock network delay (ideal)
                          0.20    0.50 v input external delay
     1    1.55    0.00    0.00    0.50 v reset (in)
                                         reset (net)
                  0.00    0.00    0.50 v _1613_/A (INV_X1)
     4    7.11    0.02    0.02    0.52 ^ _1613_/ZN (INV_X1)
                                         _0096_ (net)
                  0.02    0.00    0.52 ^ U_COUNTER.count[0]$_DFF_PP0_/RN (DFFR_X1)
                                  0.52   data arrival time

                  0.10    0.00    0.00   clock clk (rise edge)
                          0.30    0.30   clock network delay (ideal)
                          0.05    0.35   clock uncertainty
                          0.00    0.35   clock reconvergence pessimism
                                  0.35 ^ U_COUNTER.count[0]$_DFF_PP0_/CK (DFFR_X1)
                          0.22    0.57   library removal time
                                  0.57   data required time
-----------------------------------------------------------------------------
                                  0.57   data required time
                                 -0.52   data arrival time
-----------------------------------------------------------------------------
                                 -0.05   slack (VIOLATED)


Startpoint: U_COUNTER.count[0]$_DFF_PP0_
            (rising edge-triggered flip-flop clocked by clk)
Endpoint: U_COUNTER.count[0]$_DFF_PP0_
          (rising edge-triggered flip-flop clocked by clk)
Path Group: clk
Path Type: min

Fanout     Cap    Slew   Delay    Time   Description
-----------------------------------------------------------------------------
                  0.10    0.00    0.00   clock clk (rise edge)
                          0.30    0.30   clock network delay (ideal)
                  0.10    0.00    0.30 ^ U_COUNTER.count[0]$_DFF_PP0_/CK (DFFR_X1)
     5   13.87    0.04    0.12    0.42 ^ U_COUNTER.count[0]$_DFF_PP0_/QN (DFFR_X1)
                                         _0975_ (net)
                  0.04    0.00    0.42 ^ U_COUNTER.count[0]$_DFF_PP0_/D (DFFR_X1)
                                  0.42   data arrival time

                  0.10    0.00    0.00   clock clk (rise edge)
                          0.30    0.30   clock network delay (ideal)
                          0.05    0.35   clock uncertainty
                          0.00    0.35   clock reconvergence pessimism
                                  0.35 ^ U_COUNTER.count[0]$_DFF_PP0_/CK (DFFR_X1)
                          0.03    0.38   library hold time
                                  0.38   data required time
-----------------------------------------------------------------------------
                                  0.38   data required time
                                 -0.42   data arrival time
-----------------------------------------------------------------------------
                                  0.04   slack (MET)



==========================================================================
floorplan final report_checks -path_delay max
--------------------------------------------------------------------------
Startpoint: reset (input port clocked by clk)
Endpoint: U_COUNTER.count[0]$_DFF_PP0_
          (recovery check against rising-edge clock clk)
Path Group: asynchronous
Path Type: max

Fanout     Cap    Slew   Delay    Time   Description
-----------------------------------------------------------------------------
                  0.10    0.00    0.00   clock clk (rise edge)
                          0.30    0.30   clock network delay (ideal)
                          1.00    1.30 v input external delay
     1    1.55    0.00    0.00    1.30 v reset (in)
                                         reset (net)
                  0.00    0.00    1.30 v _1613_/A (INV_X1)
     4    7.11    0.02    0.02    1.32 ^ _1613_/ZN (INV_X1)
                                         _0096_ (net)
                  0.02    0.00    1.32 ^ U_COUNTER.count[0]$_DFF_PP0_/RN (DFFR_X1)
                                  1.32   data arrival time

                  0.10   10.00   10.00   clock clk (rise edge)
                          0.30   10.30   clock network delay (ideal)
                         -0.20   10.10   clock uncertainty
                          0.00   10.10   clock reconvergence pessimism
                                 10.10 ^ U_COUNTER.count[0]$_DFF_PP0_/CK (DFFR_X1)
                          0.07   10.17   library recovery time
                                 10.17   data required time
-----------------------------------------------------------------------------
                                 10.17   data required time
                                 -1.32   data arrival time
-----------------------------------------------------------------------------
                                  8.85   slack (MET)


Startpoint: B[1] (input port clocked by clk)
Endpoint: result[7] (output port clocked by clk)
Path Group: clk
Path Type: max

Fanout     Cap    Slew   Delay    Time   Description
-----------------------------------------------------------------------------
                  0.10    0.00    0.00   clock clk (rise edge)
                          0.30    0.30   clock network delay (ideal)
                          1.00    1.30 v input external delay
     4    9.70    0.00    0.00    1.30 v B[1] (in)
                                         B[1] (net)
                  0.00    0.00    1.30 v _1150_/A (INV_X1)
     4   11.75    0.03    0.03    1.33 ^ _1150_/ZN (INV_X1)
                                         _0019_ (net)
                  0.03    0.00    1.33 ^ _2058_/A (HA_X1)
     2    4.22    0.01    0.04    1.38 ^ _2058_/CO (HA_X1)
                                         _0027_ (net)
                  0.01    0.00    1.38 ^ _1243_/A3 (NAND3_X1)
     2    3.53    0.02    0.03    1.40 v _1243_/ZN (NAND3_X1)
                                         _0547_ (net)
                  0.02    0.00    1.40 v _2050_/A (XNOR2_X1)
     1    1.45    0.01    0.04    1.44 v _2050_/ZN (XNOR2_X1)
                                         _0447_ (net)
                  0.01    0.00    1.44 v _2051_/B1 (AOI21_X1)
     1    3.45    0.03    0.04    1.48 ^ _2051_/ZN (AOI21_X1)
                                         _0036_ (net)
                  0.03    0.00    1.48 ^ _2061_/B (HA_X1)
     2    3.36    0.03    0.06    1.54 ^ _2061_/S (HA_X1)
                                         _0038_ (net)
                  0.03    0.00    1.54 ^ _1247_/A2 (NAND2_X1)
     1    1.55    0.01    0.02    1.56 v _1247_/ZN (NAND2_X1)
                                         _0550_ (net)
                  0.01    0.00    1.56 v _1248_/A (INV_X1)
     2    3.19    0.01    0.02    1.57 ^ _1248_/ZN (INV_X1)
                                         _0551_ (net)
                  0.01    0.00    1.57 ^ _1250_/A1 (NAND4_X1)
     1    1.56    0.02    0.02    1.60 v _1250_/ZN (NAND4_X1)
                                         _0553_ (net)
                  0.02    0.00    1.60 v _1257_/A1 (NAND3_X1)
     2    3.83    0.02    0.03    1.62 ^ _1257_/ZN (NAND3_X1)
                                         _0560_ (net)
                  0.02    0.00    1.62 ^ _1958_/A1 (NAND2_X1)
     1    1.53    0.01    0.01    1.64 v _1958_/ZN (NAND2_X1)
                                         _0374_ (net)
                  0.01    0.00    1.64 v _1962_/A1 (NAND2_X1)
     2    3.35    0.01    0.02    1.66 ^ _1962_/ZN (NAND2_X1)
                                         _0378_ (net)
                  0.01    0.00    1.66 ^ _1965_/A3 (NAND3_X1)
     1    1.50    0.01    0.02    1.68 v _1965_/ZN (NAND3_X1)
                                         _0381_ (net)
                  0.01    0.00    1.68 v _1966_/A2 (NAND2_X1)
     1    3.05    0.01    0.02    1.70 ^ _1966_/ZN (NAND2_X1)
                                         _0382_ (net)
                  0.01    0.00    1.70 ^ _1967_/A1 (NAND2_X2)
     1    5.70    0.01    0.02    1.71 v _1967_/ZN (NAND2_X2)
                                         _0383_ (net)
                  0.01    0.00    1.71 v _1990_/A1 (NAND2_X4)
     8   17.78    0.02    0.02    1.74 ^ _1990_/ZN (NAND2_X4)
                                         _0406_ (net)
                  0.02    0.00    1.74 ^ _1991_/A (BUF_X8)
    10   14.44    0.01    0.02    1.76 ^ _1991_/Z (BUF_X8)
                                         result[7] (net)
                  0.01    0.00    1.76 ^ result[7] (out)
                                  1.76   data arrival time

                  0.10   10.00   10.00   clock clk (rise edge)
                          0.30   10.30   clock network delay (ideal)
                         -0.20   10.10   clock uncertainty
                          0.00   10.10   clock reconvergence pessimism
                         -1.50    8.60   output external delay
                                  8.60   data required time
-----------------------------------------------------------------------------
                                  8.60   data required time
                                 -1.76   data arrival time
-----------------------------------------------------------------------------
                                  6.84   slack (MET)



==========================================================================
floorplan final report_checks -unconstrained
--------------------------------------------------------------------------
Startpoint: reset (input port clocked by clk)
Endpoint: U_COUNTER.count[0]$_DFF_PP0_
          (recovery check against rising-edge clock clk)
Path Group: asynchronous
Path Type: max

Fanout     Cap    Slew   Delay    Time   Description
-----------------------------------------------------------------------------
                  0.10    0.00    0.00   clock clk (rise edge)
                          0.30    0.30   clock network delay (ideal)
                          1.00    1.30 v input external delay
     1    1.55    0.00    0.00    1.30 v reset (in)
                                         reset (net)
                  0.00    0.00    1.30 v _1613_/A (INV_X1)
     4    7.11    0.02    0.02    1.32 ^ _1613_/ZN (INV_X1)
                                         _0096_ (net)
                  0.02    0.00    1.32 ^ U_COUNTER.count[0]$_DFF_PP0_/RN (DFFR_X1)
                                  1.32   data arrival time

                  0.10   10.00   10.00   clock clk (rise edge)
                          0.30   10.30   clock network delay (ideal)
                         -0.20   10.10   clock uncertainty
                          0.00   10.10   clock reconvergence pessimism
                                 10.10 ^ U_COUNTER.count[0]$_DFF_PP0_/CK (DFFR_X1)
                          0.07   10.17   library recovery time
                                 10.17   data required time
-----------------------------------------------------------------------------
                                 10.17   data required time
                                 -1.32   data arrival time
-----------------------------------------------------------------------------
                                  8.85   slack (MET)


Startpoint: B[1] (input port clocked by clk)
Endpoint: result[7] (output port clocked by clk)
Path Group: clk
Path Type: max

Fanout     Cap    Slew   Delay    Time   Description
-----------------------------------------------------------------------------
                  0.10    0.00    0.00   clock clk (rise edge)
                          0.30    0.30   clock network delay (ideal)
                          1.00    1.30 v input external delay
     4    9.70    0.00    0.00    1.30 v B[1] (in)
                                         B[1] (net)
                  0.00    0.00    1.30 v _1150_/A (INV_X1)
     4   11.75    0.03    0.03    1.33 ^ _1150_/ZN (INV_X1)
                                         _0019_ (net)
                  0.03    0.00    1.33 ^ _2058_/A (HA_X1)
     2    4.22    0.01    0.04    1.38 ^ _2058_/CO (HA_X1)
                                         _0027_ (net)
                  0.01    0.00    1.38 ^ _1243_/A3 (NAND3_X1)
     2    3.53    0.02    0.03    1.40 v _1243_/ZN (NAND3_X1)
                                         _0547_ (net)
                  0.02    0.00    1.40 v _2050_/A (XNOR2_X1)
     1    1.45    0.01    0.04    1.44 v _2050_/ZN (XNOR2_X1)
                                         _0447_ (net)
                  0.01    0.00    1.44 v _2051_/B1 (AOI21_X1)
     1    3.45    0.03    0.04    1.48 ^ _2051_/ZN (AOI21_X1)
                                         _0036_ (net)
                  0.03    0.00    1.48 ^ _2061_/B (HA_X1)
     2    3.36    0.03    0.06    1.54 ^ _2061_/S (HA_X1)
                                         _0038_ (net)
                  0.03    0.00    1.54 ^ _1247_/A2 (NAND2_X1)
     1    1.55    0.01    0.02    1.56 v _1247_/ZN (NAND2_X1)
                                         _0550_ (net)
                  0.01    0.00    1.56 v _1248_/A (INV_X1)
     2    3.19    0.01    0.02    1.57 ^ _1248_/ZN (INV_X1)
                                         _0551_ (net)
                  0.01    0.00    1.57 ^ _1250_/A1 (NAND4_X1)
     1    1.56    0.02    0.02    1.60 v _1250_/ZN (NAND4_X1)
                                         _0553_ (net)
                  0.02    0.00    1.60 v _1257_/A1 (NAND3_X1)
     2    3.83    0.02    0.03    1.62 ^ _1257_/ZN (NAND3_X1)
                                         _0560_ (net)
                  0.02    0.00    1.62 ^ _1958_/A1 (NAND2_X1)
     1    1.53    0.01    0.01    1.64 v _1958_/ZN (NAND2_X1)
                                         _0374_ (net)
                  0.01    0.00    1.64 v _1962_/A1 (NAND2_X1)
     2    3.35    0.01    0.02    1.66 ^ _1962_/ZN (NAND2_X1)
                                         _0378_ (net)
                  0.01    0.00    1.66 ^ _1965_/A3 (NAND3_X1)
     1    1.50    0.01    0.02    1.68 v _1965_/ZN (NAND3_X1)
                                         _0381_ (net)
                  0.01    0.00    1.68 v _1966_/A2 (NAND2_X1)
     1    3.05    0.01    0.02    1.70 ^ _1966_/ZN (NAND2_X1)
                                         _0382_ (net)
                  0.01    0.00    1.70 ^ _1967_/A1 (NAND2_X2)
     1    5.70    0.01    0.02    1.71 v _1967_/ZN (NAND2_X2)
                                         _0383_ (net)
                  0.01    0.00    1.71 v _1990_/A1 (NAND2_X4)
     8   17.78    0.02    0.02    1.74 ^ _1990_/ZN (NAND2_X4)
                                         _0406_ (net)
                  0.02    0.00    1.74 ^ _1991_/A (BUF_X8)
    10   14.44    0.01    0.02    1.76 ^ _1991_/Z (BUF_X8)
                                         result[7] (net)
                  0.01    0.00    1.76 ^ result[7] (out)
                                  1.76   data arrival time

                  0.10   10.00   10.00   clock clk (rise edge)
                          0.30   10.30   clock network delay (ideal)
                         -0.20   10.10   clock uncertainty
                          0.00   10.10   clock reconvergence pessimism
                         -1.50    8.60   output external delay
                                  8.60   data required time
-----------------------------------------------------------------------------
                                  8.60   data required time
                                 -1.76   data arrival time
-----------------------------------------------------------------------------
                                  6.84   slack (MET)



==========================================================================
floorplan final report_power
--------------------------------------------------------------------------
Group                  Internal  Switching    Leakage      Total
                          Power      Power      Power      Power (Watts)
----------------------------------------------------------------
Sequential             1.97e-04   2.51e-05   1.11e-05   2.33e-04  39.8%
Combinational          1.74e-04   1.53e-04   2.53e-05   3.52e-04  60.2%
Clock                  0.00e+00   0.00e+00   0.00e+00   0.00e+00   0.0%
Macro                  0.00e+00   0.00e+00   0.00e+00   0.00e+00   0.0%
Pad                    0.00e+00   0.00e+00   0.00e+00   0.00e+00   0.0%
----------------------------------------------------------------
Total                  3.71e-04   1.78e-04   3.64e-05   5.85e-04 100.0%
                          63.4%      30.4%       6.2%
