
==========================================================================
cts final report_tns
--------------------------------------------------------------------------
tns max 0.00

==========================================================================
cts final report_wns
--------------------------------------------------------------------------
wns max 0.00

==========================================================================
cts final report_worst_slack
--------------------------------------------------------------------------
worst slack max 8.11

==========================================================================
cts final report_clock_min_period
--------------------------------------------------------------------------
clk period_min = 1.89 fmax = 528.57

==========================================================================
cts final report_clock_skew
--------------------------------------------------------------------------
Clock clk
   0.36 source latency q[0]$_DFF_PP1_/CK ^
  -0.35 target latency q[1]$_DFF_PP0_/CK ^
   0.20 clock uncertainty
   0.00 CRPR
--------------
   0.20 setup skew


==========================================================================
cts final report_checks -path_delay min
--------------------------------------------------------------------------
Startpoint: reset (input port clocked by clk)
Endpoint: q[3]$_DFF_PP0_ (removal check against rising-edge clock clk)
Path Group: asynchronous
Path Type: min

Fanout     Cap    Slew   Delay    Time   Description
-----------------------------------------------------------------------------
                          0.00    0.00   clock clk (rise edge)
                          0.30    0.30   clock network delay (propagated)
                          0.20    0.50 v input external delay
     1    1.91    0.00    0.00    0.50 v reset (in)
                                         reset (net)
                  0.00    0.00    0.50 v hold6/A (CLKBUF_X1)
     1    1.21    0.01    0.02    0.52 v hold6/Z (CLKBUF_X1)
                                         net6 (net)
                  0.01    0.00    0.52 v input1/A (BUF_X1)
     1    0.72    0.00    0.02    0.55 v input1/Z (BUF_X1)
                                         net1 (net)
                  0.00    0.00    0.55 v hold7/A (CLKBUF_X1)
     1    1.76    0.01    0.03    0.57 v hold7/Z (CLKBUF_X1)
                                         net7 (net)
                  0.01    0.00    0.57 v _6_/A (INV_X1)
     2    2.45    0.01    0.01    0.59 ^ _6_/ZN (INV_X1)
                                         _1_ (net)
                  0.01    0.00    0.59 ^ hold8/A (CLKBUF_X1)
     3    6.10    0.02    0.04    0.63 ^ hold8/Z (CLKBUF_X1)
                                         net8 (net)
                  0.02    0.00    0.63 ^ q[3]$_DFF_PP0_/RN (DFFR_X1)
                                  0.63   data arrival time

                          0.00    0.00   clock clk (rise edge)
                          0.30    0.30   clock source latency
     1   12.57    0.00    0.00    0.30 ^ clk (in)
                                         clk (net)
                  0.00    0.00    0.30 ^ clkbuf_0_clk/A (CLKBUF_X3)
     2    4.45    0.01    0.03    0.33 ^ clkbuf_0_clk/Z (CLKBUF_X3)
                                         clknet_0_clk (net)
                  0.01    0.00    0.33 ^ clkbuf_1_0__f_clk/A (CLKBUF_X3)
     3    3.69    0.01    0.03    0.36 ^ clkbuf_1_0__f_clk/Z (CLKBUF_X3)
                                         clknet_1_0__leaf_clk (net)
                  0.01    0.00    0.36 ^ q[3]$_DFF_PP0_/CK (DFFR_X1)
                          0.05    0.41   clock uncertainty
                          0.00    0.41   clock reconvergence pessimism
                          0.20    0.61   library removal time
                                  0.61   data required time
-----------------------------------------------------------------------------
                                  0.61   data required time
                                 -0.63   data arrival time
-----------------------------------------------------------------------------
                                  0.02   slack (MET)


Startpoint: q[0]$_DFF_PP1_ (rising edge-triggered flip-flop clocked by clk)
Endpoint: q[1]$_DFF_PP0_ (rising edge-triggered flip-flop clocked by clk)
Path Group: clk
Path Type: min

Fanout     Cap    Slew   Delay    Time   Description
-----------------------------------------------------------------------------
                          0.00    0.00   clock clk (rise edge)
                          0.30    0.30   clock source latency
     1   12.57    0.00    0.00    0.30 ^ clk (in)
                                         clk (net)
                  0.00    0.00    0.30 ^ clkbuf_0_clk/A (CLKBUF_X3)
     2    4.45    0.01    0.03    0.33 ^ clkbuf_0_clk/Z (CLKBUF_X3)
                                         clknet_0_clk (net)
                  0.01    0.00    0.33 ^ clkbuf_1_0__f_clk/A (CLKBUF_X3)
     3    3.69    0.01    0.03    0.36 ^ clkbuf_1_0__f_clk/Z (CLKBUF_X3)
                                         clknet_1_0__leaf_clk (net)
                  0.01    0.00    0.36 ^ q[0]$_DFF_PP1_/CK (DFFS_X1)
     2    2.31    0.01    0.09    0.44 v q[0]$_DFF_PP1_/Q (DFFS_X1)
                                         net2 (net)
                  0.01    0.00    0.44 v q[1]$_DFF_PP0_/D (DFFR_X1)
                                  0.44   data arrival time

                          0.00    0.00   clock clk (rise edge)
                          0.30    0.30   clock source latency
     1   12.57    0.00    0.00    0.30 ^ clk (in)
                                         clk (net)
                  0.00    0.00    0.30 ^ clkbuf_0_clk/A (CLKBUF_X3)
     2    4.45    0.01    0.03    0.33 ^ clkbuf_0_clk/Z (CLKBUF_X3)
                                         clknet_0_clk (net)
                  0.01    0.00    0.33 ^ clkbuf_1_1__f_clk/A (CLKBUF_X3)
     2    2.70    0.01    0.03    0.35 ^ clkbuf_1_1__f_clk/Z (CLKBUF_X3)
                                         clknet_1_1__leaf_clk (net)
                  0.01    0.00    0.35 ^ q[1]$_DFF_PP0_/CK (DFFR_X1)
                          0.05    0.40   clock uncertainty
                          0.00    0.40   clock reconvergence pessimism
                          0.00    0.41   library hold time
                                  0.41   data required time
-----------------------------------------------------------------------------
                                  0.41   data required time
                                 -0.44   data arrival time
-----------------------------------------------------------------------------
                                  0.03   slack (MET)



==========================================================================
cts final report_checks -path_delay max
--------------------------------------------------------------------------
Startpoint: reset (input port clocked by clk)
Endpoint: q[1]$_DFF_PP0_ (recovery check against rising-edge clock clk)
Path Group: asynchronous
Path Type: max

Fanout     Cap    Slew   Delay    Time   Description
-----------------------------------------------------------------------------
                          0.00    0.00   clock clk (rise edge)
                          0.30    0.30   clock network delay (propagated)
                          1.00    1.30 v input external delay
     1    1.91    0.00    0.00    1.30 v reset (in)
                                         reset (net)
                  0.00    0.00    1.30 v hold6/A (CLKBUF_X1)
     1    1.21    0.01    0.02    1.32 v hold6/Z (CLKBUF_X1)
                                         net6 (net)
                  0.01    0.00    1.32 v input1/A (BUF_X1)
     1    0.72    0.00    0.02    1.35 v input1/Z (BUF_X1)
                                         net1 (net)
                  0.00    0.00    1.35 v hold7/A (CLKBUF_X1)
     1    1.76    0.01    0.03    1.37 v hold7/Z (CLKBUF_X1)
                                         net7 (net)
                  0.01    0.00    1.37 v _6_/A (INV_X1)
     2    2.45    0.01    0.01    1.39 ^ _6_/ZN (INV_X1)
                                         _1_ (net)
                  0.01    0.00    1.39 ^ hold8/A (CLKBUF_X1)
     3    6.10    0.02    0.04    1.43 ^ hold8/Z (CLKBUF_X1)
                                         net8 (net)
                  0.02    0.00    1.43 ^ q[1]$_DFF_PP0_/RN (DFFR_X1)
                                  1.43   data arrival time

                         10.00   10.00   clock clk (rise edge)
                          0.30   10.30   clock source latency
     1   12.57    0.00    0.00   10.30 ^ clk (in)
                                         clk (net)
                  0.00    0.00   10.30 ^ clkbuf_0_clk/A (CLKBUF_X3)
     2    4.45    0.01    0.03   10.33 ^ clkbuf_0_clk/Z (CLKBUF_X3)
                                         clknet_0_clk (net)
                  0.01    0.00   10.33 ^ clkbuf_1_1__f_clk/A (CLKBUF_X3)
     2    2.70    0.01    0.03   10.35 ^ clkbuf_1_1__f_clk/Z (CLKBUF_X3)
                                         clknet_1_1__leaf_clk (net)
                  0.01    0.00   10.35 ^ q[1]$_DFF_PP0_/CK (DFFR_X1)
                         -0.20   10.15   clock uncertainty
                          0.00   10.15   clock reconvergence pessimism
                          0.05   10.21   library recovery time
                                 10.21   data required time
-----------------------------------------------------------------------------
                                 10.21   data required time
                                 -1.43   data arrival time
-----------------------------------------------------------------------------
                                  8.78   slack (MET)


Startpoint: q[2]$_DFF_PP0_ (rising edge-triggered flip-flop clocked by clk)
Endpoint: q[2] (output port clocked by clk)
Path Group: clk
Path Type: max

Fanout     Cap    Slew   Delay    Time   Description
-----------------------------------------------------------------------------
                          0.00    0.00   clock clk (rise edge)
                          0.30    0.30   clock source latency
     1   12.57    0.00    0.00    0.30 ^ clk (in)
                                         clk (net)
                  0.00    0.00    0.30 ^ clkbuf_0_clk/A (CLKBUF_X3)
     2    4.45    0.01    0.03    0.33 ^ clkbuf_0_clk/Z (CLKBUF_X3)
                                         clknet_0_clk (net)
                  0.01    0.00    0.33 ^ clkbuf_1_1__f_clk/A (CLKBUF_X3)
     2    2.70    0.01    0.03    0.35 ^ clkbuf_1_1__f_clk/Z (CLKBUF_X3)
                                         clknet_1_1__leaf_clk (net)
                  0.01    0.00    0.35 ^ q[2]$_DFF_PP0_/CK (DFFR_X1)
     3    5.84    0.02    0.11    0.47 ^ q[2]$_DFF_PP0_/Q (DFFR_X1)
                                         net4 (net)
                  0.02    0.00    0.47 ^ output4/A (BUF_X1)
     1    1.69    0.01    0.03    0.49 ^ output4/Z (BUF_X1)
                                         q[2] (net)
                  0.01    0.00    0.49 ^ q[2] (out)
                                  0.49   data arrival time

                         10.00   10.00   clock clk (rise edge)
                          0.30   10.30   clock network delay (propagated)
                         -0.20   10.10   clock uncertainty
                          0.00   10.10   clock reconvergence pessimism
                         -1.50    8.60   output external delay
                                  8.60   data required time
-----------------------------------------------------------------------------
                                  8.60   data required time
                                 -0.49   data arrival time
-----------------------------------------------------------------------------
                                  8.11   slack (MET)



==========================================================================
cts final report_checks -unconstrained
--------------------------------------------------------------------------
Startpoint: reset (input port clocked by clk)
Endpoint: q[1]$_DFF_PP0_ (recovery check against rising-edge clock clk)
Path Group: asynchronous
Path Type: max

Fanout     Cap    Slew   Delay    Time   Description
-----------------------------------------------------------------------------
                          0.00    0.00   clock clk (rise edge)
                          0.30    0.30   clock network delay (propagated)
                          1.00    1.30 v input external delay
     1    1.91    0.00    0.00    1.30 v reset (in)
                                         reset (net)
                  0.00    0.00    1.30 v hold6/A (CLKBUF_X1)
     1    1.21    0.01    0.02    1.32 v hold6/Z (CLKBUF_X1)
                                         net6 (net)
                  0.01    0.00    1.32 v input1/A (BUF_X1)
     1    0.72    0.00    0.02    1.35 v input1/Z (BUF_X1)
                                         net1 (net)
                  0.00    0.00    1.35 v hold7/A (CLKBUF_X1)
     1    1.76    0.01    0.03    1.37 v hold7/Z (CLKBUF_X1)
                                         net7 (net)
                  0.01    0.00    1.37 v _6_/A (INV_X1)
     2    2.45    0.01    0.01    1.39 ^ _6_/ZN (INV_X1)
                                         _1_ (net)
                  0.01    0.00    1.39 ^ hold8/A (CLKBUF_X1)
     3    6.10    0.02    0.04    1.43 ^ hold8/Z (CLKBUF_X1)
                                         net8 (net)
                  0.02    0.00    1.43 ^ q[1]$_DFF_PP0_/RN (DFFR_X1)
                                  1.43   data arrival time

                         10.00   10.00   clock clk (rise edge)
                          0.30   10.30   clock source latency
     1   12.57    0.00    0.00   10.30 ^ clk (in)
                                         clk (net)
                  0.00    0.00   10.30 ^ clkbuf_0_clk/A (CLKBUF_X3)
     2    4.45    0.01    0.03   10.33 ^ clkbuf_0_clk/Z (CLKBUF_X3)
                                         clknet_0_clk (net)
                  0.01    0.00   10.33 ^ clkbuf_1_1__f_clk/A (CLKBUF_X3)
     2    2.70    0.01    0.03   10.35 ^ clkbuf_1_1__f_clk/Z (CLKBUF_X3)
                                         clknet_1_1__leaf_clk (net)
                  0.01    0.00   10.35 ^ q[1]$_DFF_PP0_/CK (DFFR_X1)
                         -0.20   10.15   clock uncertainty
                          0.00   10.15   clock reconvergence pessimism
                          0.05   10.21   library recovery time
                                 10.21   data required time
-----------------------------------------------------------------------------
                                 10.21   data required time
                                 -1.43   data arrival time
-----------------------------------------------------------------------------
                                  8.78   slack (MET)


Startpoint: q[2]$_DFF_PP0_ (rising edge-triggered flip-flop clocked by clk)
Endpoint: q[2] (output port clocked by clk)
Path Group: clk
Path Type: max

Fanout     Cap    Slew   Delay    Time   Description
-----------------------------------------------------------------------------
                          0.00    0.00   clock clk (rise edge)
                          0.30    0.30   clock source latency
     1   12.57    0.00    0.00    0.30 ^ clk (in)
                                         clk (net)
                  0.00    0.00    0.30 ^ clkbuf_0_clk/A (CLKBUF_X3)
     2    4.45    0.01    0.03    0.33 ^ clkbuf_0_clk/Z (CLKBUF_X3)
                                         clknet_0_clk (net)
                  0.01    0.00    0.33 ^ clkbuf_1_1__f_clk/A (CLKBUF_X3)
     2    2.70    0.01    0.03    0.35 ^ clkbuf_1_1__f_clk/Z (CLKBUF_X3)
                                         clknet_1_1__leaf_clk (net)
                  0.01    0.00    0.35 ^ q[2]$_DFF_PP0_/CK (DFFR_X1)
     3    5.84    0.02    0.11    0.47 ^ q[2]$_DFF_PP0_/Q (DFFR_X1)
                                         net4 (net)
                  0.02    0.00    0.47 ^ output4/A (BUF_X1)
     1    1.69    0.01    0.03    0.49 ^ output4/Z (BUF_X1)
                                         q[2] (net)
                  0.01    0.00    0.49 ^ q[2] (out)
                                  0.49   data arrival time

                         10.00   10.00   clock clk (rise edge)
                          0.30   10.30   clock network delay (propagated)
                         -0.20   10.10   clock uncertainty
                          0.00   10.10   clock reconvergence pessimism
                         -1.50    8.60   output external delay
                                  8.60   data required time
-----------------------------------------------------------------------------
                                  8.60   data required time
                                 -0.49   data arrival time
-----------------------------------------------------------------------------
                                  8.11   slack (MET)



==========================================================================
cts final report_check_types -max_slew -max_cap -max_fanout -violators
--------------------------------------------------------------------------

==========================================================================
cts final max_slew_check_slack
--------------------------------------------------------------------------
0.17885920405387878

==========================================================================
cts final max_slew_check_limit
--------------------------------------------------------------------------
0.1985349953174591

==========================================================================
cts final max_slew_check_slack_limit
--------------------------------------------------------------------------
0.9009

==========================================================================
cts final max_fanout_check_slack
--------------------------------------------------------------------------
1.0000000150474662e+30

==========================================================================
cts final max_fanout_check_limit
--------------------------------------------------------------------------
1.0000000150474662e+30

==========================================================================
cts final max_capacitance_check_slack
--------------------------------------------------------------------------
24.029409408569336

==========================================================================
cts final max_capacitance_check_limit
--------------------------------------------------------------------------
25.329599380493164

==========================================================================
cts final max_capacitance_check_slack_limit
--------------------------------------------------------------------------
0.9487

==========================================================================
cts final max_slew_violation_count
--------------------------------------------------------------------------
max slew violation count 0

==========================================================================
cts final max_fanout_violation_count
--------------------------------------------------------------------------
max fanout violation count 0

==========================================================================
cts final max_cap_violation_count
--------------------------------------------------------------------------
max cap violation count 0

==========================================================================
cts final setup_violation_count
--------------------------------------------------------------------------
setup violation count 0

==========================================================================
cts final hold_violation_count
--------------------------------------------------------------------------
hold violation count 0

==========================================================================
cts final report_checks -path_delay max reg to reg
--------------------------------------------------------------------------
Startpoint: q[2]$_DFF_PP0_ (rising edge-triggered flip-flop clocked by clk)
Endpoint: q[0]$_DFF_PP1_ (rising edge-triggered flip-flop clocked by clk)
Path Group: clk
Path Type: max

  Delay    Time   Description
---------------------------------------------------------
   0.00    0.00   clock clk (rise edge)
   0.30    0.30   clock source latency
   0.00    0.30 ^ clk (in)
   0.03    0.33 ^ clkbuf_0_clk/Z (CLKBUF_X3)
   0.03    0.35 ^ clkbuf_1_1__f_clk/Z (CLKBUF_X3)
   0.00    0.35 ^ q[2]$_DFF_PP0_/CK (DFFR_X1)
   0.11    0.47 ^ q[2]$_DFF_PP0_/Q (DFFR_X1)
   0.05    0.51 ^ _7_/Z (XOR2_X1)
   0.00    0.51 ^ q[0]$_DFF_PP1_/D (DFFS_X1)
           0.51   data arrival time

  10.00   10.00   clock clk (rise edge)
   0.30   10.30   clock source latency
   0.00   10.30 ^ clk (in)
   0.03   10.33 ^ clkbuf_0_clk/Z (CLKBUF_X3)
   0.03   10.36 ^ clkbuf_1_0__f_clk/Z (CLKBUF_X3)
   0.00   10.36 ^ q[0]$_DFF_PP1_/CK (DFFS_X1)
  -0.20   10.16   clock uncertainty
   0.00   10.16   clock reconvergence pessimism
  -0.03   10.12   library setup time
          10.12   data required time
---------------------------------------------------------
          10.12   data required time
          -0.51   data arrival time
---------------------------------------------------------
           9.61   slack (MET)



==========================================================================
cts final report_checks -path_delay min reg to reg
--------------------------------------------------------------------------
Startpoint: q[0]$_DFF_PP1_ (rising edge-triggered flip-flop clocked by clk)
Endpoint: q[1]$_DFF_PP0_ (rising edge-triggered flip-flop clocked by clk)
Path Group: clk
Path Type: min

  Delay    Time   Description
---------------------------------------------------------
   0.00    0.00   clock clk (rise edge)
   0.30    0.30   clock source latency
   0.00    0.30 ^ clk (in)
   0.03    0.33 ^ clkbuf_0_clk/Z (CLKBUF_X3)
   0.03    0.36 ^ clkbuf_1_0__f_clk/Z (CLKBUF_X3)
   0.00    0.36 ^ q[0]$_DFF_PP1_/CK (DFFS_X1)
   0.09    0.44 v q[0]$_DFF_PP1_/Q (DFFS_X1)
   0.00    0.44 v q[1]$_DFF_PP0_/D (DFFR_X1)
           0.44   data arrival time

   0.00    0.00   clock clk (rise edge)
   0.30    0.30   clock source latency
   0.00    0.30 ^ clk (in)
   0.03    0.33 ^ clkbuf_0_clk/Z (CLKBUF_X3)
   0.03    0.35 ^ clkbuf_1_1__f_clk/Z (CLKBUF_X3)
   0.00    0.35 ^ q[1]$_DFF_PP0_/CK (DFFR_X1)
   0.05    0.40   clock uncertainty
   0.00    0.40   clock reconvergence pessimism
   0.00    0.41   library hold time
           0.41   data required time
---------------------------------------------------------
           0.41   data required time
          -0.44   data arrival time
---------------------------------------------------------
           0.03   slack (MET)



==========================================================================
cts final critical path target clock latency max path
--------------------------------------------------------------------------
0.3546

==========================================================================
cts final critical path target clock latency min path
--------------------------------------------------------------------------
0.3558

==========================================================================
cts final critical path source clock latency min path
--------------------------------------------------------------------------
0.0000

==========================================================================
cts final critical path delay
--------------------------------------------------------------------------
0.4919

==========================================================================
cts final critical path slack
--------------------------------------------------------------------------
8.1081

==========================================================================
cts final slack div critical path delay
--------------------------------------------------------------------------
1648.322830

==========================================================================
cts final report_power
--------------------------------------------------------------------------
Group                  Internal  Switching    Leakage      Total
                          Power      Power      Power      Power (Watts)
----------------------------------------------------------------
Sequential             2.50e-06   0.00e+00   3.24e-07   2.82e-06  36.1%
Combinational          8.96e-08   7.60e-08   1.90e-07   3.56e-07   4.6%
Clock                  3.21e-06   1.31e-06   1.03e-07   4.63e-06  59.3%
Macro                  0.00e+00   0.00e+00   0.00e+00   0.00e+00   0.0%
Pad                    0.00e+00   0.00e+00   0.00e+00   0.00e+00   0.0%
----------------------------------------------------------------
Total                  5.80e-06   1.39e-06   6.18e-07   7.80e-06 100.0%
                          74.3%      17.8%       7.9%
