OpenROAD 26Q3-904-geaaa6e36cb 
Features included (+) or not (-): +GPU -GUI +Python
This program is licensed under the BSD-3 license. See the LICENSE file for details.
Components of this program may be licensed under more restrictive licenses which must be honored.
[INFO ORD-0030] Using 8 thread(s).
read_liberty /Users/gouthamkrishnan/OpenROAD-flow-scripts/flow/platforms/nangate45/lib/NangateOpenCellLibrary_typical.lib
read_db ./results/nangate45/top/base/5_1_grt.odb
read_sdc ./results/nangate45/top/base/5_1_grt.sdc
source /Users/gouthamkrishnan/OpenROAD-flow-scripts/flow/platforms/nangate45/setRC.tcl
detailed_route -output_drc ./reports/nangate45/top/base/5_route_drc.rpt -output_maze ./results/nangate45/top/base/maze.log -droute_end_iter 64 -verbose 1 -drc_report_iter_step 5
[INFO DRT-0149] Reading tech and libs.

Units:                2000
Number of layers:     21
Number of macros:     135
Number of vias:       33
Number of viarulegen: 19

[INFO DRT-0150] Reading design.

Design:                   top
Die area:                 ( 0 0 ) ( 68370 68370 )
Number of track patterns: 20
Number of DEF vias:       0
Number of components:     378
Number of terminals:      26
Number of snets:          2
Number of nets:           389

[INFO DRT-0167] List of default vias:
  Layer via2
    default via: via2_5
  Layer via3
    default via: via3_2
  Layer via4
    default via: via4_0
  Layer via5
    default via: via5_0
  Layer via6
    default via: via6_0
  Layer via7
    default via: via7_0
  Layer via8
    default via: via8_0
  Layer via9
    default via: via9_0
[INFO DRT-0162] Library cell analysis.
[INFO DRT-0163] Instance analysis.
[INFO DRT-0164] Number of unique instances = 77.
[INFO DRT-0168] Init region query.
[INFO DRT-0024]   Complete active.
[INFO DRT-0024]   Complete Fr_VIA.
[INFO DRT-0024]   Complete metal1.
[INFO DRT-0024]   Complete via1.
[INFO DRT-0024]   Complete metal2.
[INFO DRT-0024]   Complete via2.
[INFO DRT-0024]   Complete metal3.
[INFO DRT-0024]   Complete via3.
[INFO DRT-0024]   Complete metal4.
[INFO DRT-0024]   Complete via4.
[INFO DRT-0024]   Complete metal5.
[INFO DRT-0024]   Complete via5.
[INFO DRT-0024]   Complete metal6.
[INFO DRT-0024]   Complete via6.
[INFO DRT-0024]   Complete metal7.
[INFO DRT-0024]   Complete via7.
[INFO DRT-0024]   Complete metal8.
[INFO DRT-0024]   Complete via8.
[INFO DRT-0024]   Complete metal9.
[INFO DRT-0024]   Complete via9.
[INFO DRT-0024]   Complete metal10.
[INFO DRT-0033] active shape region query size = 0.
[INFO DRT-0033] FR_VIA shape region query size = 0.
[INFO DRT-0033] metal1 shape region query size = 6774.
[INFO DRT-0033] via1 shape region query size = 69.
[INFO DRT-0033] metal2 shape region query size = 46.
[INFO DRT-0033] via2 shape region query size = 69.
[INFO DRT-0033] metal3 shape region query size = 46.
[INFO DRT-0033] via3 shape region query size = 69.
[INFO DRT-0033] metal4 shape region query size = 27.
[INFO DRT-0033] via4 shape region query size = 20.
[INFO DRT-0033] metal5 shape region query size = 15.
[INFO DRT-0033] via5 shape region query size = 20.
[INFO DRT-0033] metal6 shape region query size = 17.
[INFO DRT-0033] via6 shape region query size = 8.
[INFO DRT-0033] metal7 shape region query size = 6.
[INFO DRT-0033] via7 shape region query size = 0.
[INFO DRT-0033] metal8 shape region query size = 0.
[INFO DRT-0033] via8 shape region query size = 0.
[INFO DRT-0033] metal9 shape region query size = 0.
[INFO DRT-0033] via9 shape region query size = 0.
[INFO DRT-0033] metal10 shape region query size = 0.
[INFO DRT-0165] Start pin access.
[INFO DRT-0078]   Complete 443 pins.
[INFO DRT-0081]   Complete 77 unique inst patterns.
[INFO DRT-0084]   Complete 186 groups.
#scanned instances     = 378
#unique  instances     = 77
#stdCellGenAp          = 2451
#stdCellValidPlanarAp  = 0
#stdCellValidViaAp     = 1766
#stdCellPinNoAp        = 0
#stdCellPinCnt         = 1222
#instTermValidViaApCnt = 0
#macroGenAp            = 0
#macroValidPlanarAp    = 0
#macroValidViaAp       = 0
#macroNoAp             = 0
[INFO DRT-0166] Complete pin access.
[INFO DRT-0267] cpu time = 00:00:18, elapsed time = 00:00:03, memory = 229.31 (MB), peak = 229.31 (MB)

[INFO DRT-0157] Number of guides:     2700

[INFO DRT-0169] Post process guides.
[INFO DRT-0176] GCELLGRID X 0 DO 11 STEP 5700 ;
[INFO DRT-0177] GCELLGRID Y 0 DO 11 STEP 5700 ;
[INFO DRT-0028]   Complete active.
[INFO DRT-0028]   Complete Fr_VIA.
[INFO DRT-0028]   Complete metal1.
[INFO DRT-0028]   Complete via1.
[INFO DRT-0028]   Complete metal2.
[INFO DRT-0028]   Complete via2.
[INFO DRT-0028]   Complete metal3.
[INFO DRT-0028]   Complete via3.
[INFO DRT-0028]   Complete metal4.
[INFO DRT-0028]   Complete via4.
[INFO DRT-0028]   Complete metal5.
[INFO DRT-0028]   Complete via5.
[INFO DRT-0028]   Complete metal6.
[INFO DRT-0028]   Complete via6.
[INFO DRT-0028]   Complete metal7.
[INFO DRT-0028]   Complete via7.
[INFO DRT-0028]   Complete metal8.
[INFO DRT-0028]   Complete via8.
[INFO DRT-0028]   Complete metal9.
[INFO DRT-0028]   Complete via9.
[INFO DRT-0028]   Complete metal10.
[INFO DRT-0178] Init guide query.
[INFO DRT-0035]   Complete active (guide).
[INFO DRT-0035]   Complete Fr_VIA (guide).
[INFO DRT-0035]   Complete metal1 (guide).
[INFO DRT-0035]   Complete via1 (guide).
[INFO DRT-0035]   Complete metal2 (guide).
[INFO DRT-0035]   Complete via2 (guide).
[INFO DRT-0035]   Complete metal3 (guide).
[INFO DRT-0035]   Complete via3 (guide).
[INFO DRT-0035]   Complete metal4 (guide).
[INFO DRT-0035]   Complete via4 (guide).
[INFO DRT-0035]   Complete metal5 (guide).
[INFO DRT-0035]   Complete via5 (guide).
[INFO DRT-0035]   Complete metal6 (guide).
[INFO DRT-0035]   Complete via6 (guide).
[INFO DRT-0035]   Complete metal7 (guide).
[INFO DRT-0035]   Complete via7 (guide).
[INFO DRT-0035]   Complete metal8 (guide).
[INFO DRT-0035]   Complete via8 (guide).
[INFO DRT-0035]   Complete metal9 (guide).
[INFO DRT-0035]   Complete via9 (guide).
[INFO DRT-0035]   Complete metal10 (guide).
[INFO DRT-0036] active guide region query size = 0.
[INFO DRT-0036] FR_VIA guide region query size = 0.
[INFO DRT-0036] metal1 guide region query size = 962.
[INFO DRT-0036] via1 guide region query size = 0.
[INFO DRT-0036] metal2 guide region query size = 806.
[INFO DRT-0036] via2 guide region query size = 0.
[INFO DRT-0036] metal3 guide region query size = 399.
[INFO DRT-0036] via3 guide region query size = 0.
[INFO DRT-0036] metal4 guide region query size = 62.
[INFO DRT-0036] via4 guide region query size = 0.
[INFO DRT-0036] metal5 guide region query size = 30.
[INFO DRT-0036] via5 guide region query size = 0.
[INFO DRT-0036] metal6 guide region query size = 13.
[INFO DRT-0036] via6 guide region query size = 0.
[INFO DRT-0036] metal7 guide region query size = 0.
[INFO DRT-0036] via7 guide region query size = 0.
[INFO DRT-0036] metal8 guide region query size = 0.
[INFO DRT-0036] via8 guide region query size = 0.
[INFO DRT-0036] metal9 guide region query size = 0.
[INFO DRT-0036] via9 guide region query size = 0.
[INFO DRT-0036] metal10 guide region query size = 0.
[INFO DRT-0179] Init gr pin query.
[INFO DRT-0267] cpu time = 00:00:00, elapsed time = 00:00:00, memory = 230.73 (MB), peak = 230.73 (MB)
[INFO DRT-0245] skipped writing guide updates to database.
[INFO DRT-0181] Start track assignment.
[INFO DRT-0184] Done with 881 vertical wires in 1 frboxes and 1391 horizontal wires in 1 frboxes.
[INFO DRT-0186] Done with 254 vertical wires in 1 frboxes and 256 horizontal wires in 1 frboxes.
[INFO DRT-0182] Complete track assignment.
[INFO DRT-0267] cpu time = 00:00:00, elapsed time = 00:00:00, memory = 235.19 (MB), peak = 235.19 (MB)
[INFO DRT-0187] Start routing data preparation.
[INFO DRT-0267] cpu time = 00:00:00, elapsed time = 00:00:00, memory = 235.28 (MB), peak = 235.28 (MB)
[INFO DRT-0194] Start detail routing.
[INFO DRT-0195] Start 0th optimization iteration.
    Completing 20% with 0 violations.
    elapsed time = 00:00:01, memory = 265.91 (MB).
    Completing 50% with 10 violations.
    elapsed time = 00:00:01, memory = 266.38 (MB).
    Completing 70% with 18 violations.
    elapsed time = 00:00:01, memory = 266.66 (MB).
    Completing 100% with 35 violations.
    elapsed time = 00:00:02, memory = 273.45 (MB).
[INFO DRT-0199]   Number of violations = 68.
Viol/Layer      metal2 metal3
Metal Spacing        3      0
Recheck             23     10
Short               27      5
[INFO DRT-0267] cpu time = 00:00:02, elapsed time = 00:00:02, memory = 647.20 (MB), peak = 693.03 (MB)
Total wire length = 3089 um.
Total wire length on LAYER metal1 = 0 um.
Total wire length on LAYER metal2 = 1334 um.
Total wire length on LAYER metal3 = 1414 um.
Total wire length on LAYER metal4 = 253 um.
Total wire length on LAYER metal5 = 81 um.
Total wire length on LAYER metal6 = 5 um.
Total wire length on LAYER metal7 = 0 um.
Total wire length on LAYER metal8 = 0 um.
Total wire length on LAYER metal9 = 0 um.
Total wire length on LAYER metal10 = 0 um.
Total number of vias = 2447.
Up-via summary (total 2447):

---------------
 active       0
 metal1    1209
 metal2    1104
 metal3      86
 metal4      35
 metal5      13
 metal6       0
 metal7       0
 metal8       0
 metal9       0
---------------
       2447


[INFO DRT-0195] Start 1st optimization iteration.
    Completing 20% with 68 violations.
    elapsed time = 00:00:00, memory = 655.05 (MB).
    Completing 50% with 65 violations.
    elapsed time = 00:00:00, memory = 667.58 (MB).
    Completing 70% with 54 violations.
    elapsed time = 00:00:01, memory = 679.91 (MB).
    Completing 100% with 13 violations.
    elapsed time = 00:00:01, memory = 694.98 (MB).
[INFO DRT-0199]   Number of violations = 13.
Viol/Layer      metal2 metal3
Metal Spacing        2      0
Recheck              3      1
Short                6      1
[INFO DRT-0267] cpu time = 00:00:01, elapsed time = 00:00:01, memory = 648.11 (MB), peak = 719.17 (MB)
Total wire length = 3065 um.
Total wire length on LAYER metal1 = 0 um.
Total wire length on LAYER metal2 = 1318 um.
Total wire length on LAYER metal3 = 1416 um.
Total wire length on LAYER metal4 = 253 um.
Total wire length on LAYER metal5 = 71 um.
Total wire length on LAYER metal6 = 5 um.
Total wire length on LAYER metal7 = 0 um.
Total wire length on LAYER metal8 = 0 um.
Total wire length on LAYER metal9 = 0 um.
Total wire length on LAYER metal10 = 0 um.
Total number of vias = 2430.
Up-via summary (total 2430):

---------------
 active       0
 metal1    1211
 metal2    1086
 metal3      86
 metal4      34
 metal5      13
 metal6       0
 metal7       0
 metal8       0
 metal9       0
---------------
       2430


[INFO DRT-0195] Start 2nd optimization iteration.
    Completing 10% with 13 violations.
    elapsed time = 00:00:00, memory = 648.14 (MB).
    Completing 20% with 13 violations.
    elapsed time = 00:00:00, memory = 648.14 (MB).
    Completing 30% with 13 violations.
    elapsed time = 00:00:00, memory = 648.14 (MB).
    Completing 40% with 13 violations.
    elapsed time = 00:00:00, memory = 648.14 (MB).
    Completing 50% with 13 violations.
    elapsed time = 00:00:00, memory = 648.14 (MB).
    Completing 60% with 13 violations.
    elapsed time = 00:00:00, memory = 653.70 (MB).
    Completing 70% with 11 violations.
    elapsed time = 00:00:00, memory = 653.70 (MB).
    Completing 80% with 11 violations.
    elapsed time = 00:00:00, memory = 653.70 (MB).
    Completing 100% with 9 violations.
    elapsed time = 00:00:01, memory = 681.56 (MB).
[INFO DRT-0199]   Number of violations = 9.
Viol/Layer      metal2
Metal Spacing        3
Short                6
[INFO DRT-0267] cpu time = 00:00:02, elapsed time = 00:00:02, memory = 702.77 (MB), peak = 719.17 (MB)
Total wire length = 3030 um.
Total wire length on LAYER metal1 = 0 um.
Total wire length on LAYER metal2 = 1318 um.
Total wire length on LAYER metal3 = 1395 um.
Total wire length on LAYER metal4 = 245 um.
Total wire length on LAYER metal5 = 64 um.
Total wire length on LAYER metal6 = 5 um.
Total wire length on LAYER metal7 = 0 um.
Total wire length on LAYER metal8 = 0 um.
Total wire length on LAYER metal9 = 0 um.
Total wire length on LAYER metal10 = 0 um.
Total number of vias = 2423.
Up-via summary (total 2423):

---------------
 active       0
 metal1    1211
 metal2    1080
 metal3      87
 metal4      32
 metal5      13
 metal6       0
 metal7       0
 metal8       0
 metal9       0
---------------
       2423


[INFO DRT-0195] Start 3rd guides tiles iteration.
    Completing 20% with 9 violations.
    elapsed time = 00:00:00, memory = 703.11 (MB).
    Completing 40% with 9 violations.
    elapsed time = 00:00:00, memory = 703.14 (MB).
    Completing 60% with 9 violations.
    elapsed time = 00:00:00, memory = 703.14 (MB).
    Completing 80% with 0 violations.
    elapsed time = 00:00:00, memory = 703.14 (MB).
    Completing 100% with 0 violations.
    elapsed time = 00:00:00, memory = 703.14 (MB).
[INFO DRT-0199]   Number of violations = 0.
[INFO DRT-0267] cpu time = 00:00:00, elapsed time = 00:00:00, memory = 703.25 (MB), peak = 719.17 (MB)
Total wire length = 3031 um.
Total wire length on LAYER metal1 = 0 um.
Total wire length on LAYER metal2 = 1313 um.
Total wire length on LAYER metal3 = 1395 um.
Total wire length on LAYER metal4 = 250 um.
Total wire length on LAYER metal5 = 67 um.
Total wire length on LAYER metal6 = 5 um.
Total wire length on LAYER metal7 = 0 um.
Total wire length on LAYER metal8 = 0 um.
Total wire length on LAYER metal9 = 0 um.
Total wire length on LAYER metal10 = 0 um.
Total number of vias = 2442.
Up-via summary (total 2442):

---------------
 active       0
 metal1    1211
 metal2    1087
 metal3      97
 metal4      34
 metal5      13
 metal6       0
 metal7       0
 metal8       0
 metal9       0
---------------
       2442


[INFO DRT-0198] Complete detail routing.
Total wire length = 3031 um.
Total wire length on LAYER metal1 = 0 um.
Total wire length on LAYER metal2 = 1313 um.
Total wire length on LAYER metal3 = 1395 um.
Total wire length on LAYER metal4 = 250 um.
Total wire length on LAYER metal5 = 67 um.
Total wire length on LAYER metal6 = 5 um.
Total wire length on LAYER metal7 = 0 um.
Total wire length on LAYER metal8 = 0 um.
Total wire length on LAYER metal9 = 0 um.
Total wire length on LAYER metal10 = 0 um.
Total number of vias = 2442.
Up-via summary (total 2442):

---------------
 active       0
 metal1    1211
 metal2    1087
 metal3      97
 metal4      34
 metal5      13
 metal6       0
 metal7       0
 metal8       0
 metal9       0
---------------
       2442


[INFO DRT-0267] cpu time = 00:00:06, elapsed time = 00:00:06, memory = 703.33 (MB), peak = 719.17 (MB)

[INFO DRT-0180] Post processing.
[INFO DRT-0501] Runtime: 9.44s
Took 9 seconds: detailed_route -output_drc ./reports/nangate45/top/base/5_route_drc.rpt -output_maze ./results/nangate45/top/base/maze.log -droute_end_iter 64 -verbose 1 -drc_report_iter_step 5
[WARNING GRT-0246] No diode with LEF class CORE ANTENNACELL found.
[INFO ANT-0002] Found 0 net violations.
[INFO ANT-0001] Found 0 pin violations.
[INFO ANT-0002] Found 0 net violations.
[INFO ANT-0001] Found 0 pin violations.
Design area 576 um^2 59% utilization.
write_db ./results/nangate45/top/base/5_2_route.odb
Elapsed time: 0:09.84[h:]min:sec. CPU time: user 25.12 sys 0.17 (257%). Peak memory: 768592KB.
Log                       Ext     Elapsed/s Peak Memory/MB sha1sum result [0:20)
5_2_route                 .odb            9            750 cc23725872597a27ff71
