OpenROAD 26Q3-904-geaaa6e36cb 
Features included (+) or not (-): +GPU -GUI +Python
This program is licensed under the BSD-3 license. See the LICENSE file for details.
Components of this program may be licensed under more restrictive licenses which must be honored.
[INFO ORD-0030] Using 8 thread(s).
read_liberty /Users/gouthamkrishnan/OpenROAD-flow-scripts/flow/platforms/nangate45/lib/NangateOpenCellLibrary_typical.lib
read_db ./results/nangate45/top/base/3_4_place_resized.odb
read_sdc ./results/nangate45/top/base/2_floorplan.sdc
source /Users/gouthamkrishnan/OpenROAD-flow-scripts/flow/platforms/nangate45/setRC.tcl
detailed_placement
[INFO DPL-0006] Core area: 983.14 um^2
[INFO DPL-0007] Movable instances area: 557.80 um^2
[INFO DPL-0008] Fixed instances area within core: 11.70 um^2
[INFO DPL-0009] Utilization: 57.9%
[INFO DPL-0005] Diamond search max displacement: +/- 500 sites horizontally, +/- 100 rows vertically.
[INFO DPL-1102] Legalizing using negotiation legalizer.
[INFO DPL-1103] Negotiation base search window: +/-20 sites horizontally, +/-5 rows vertically 
	Automatic search window extension enabled.
	Search window extendable up to the max displacement cap of +/-500 sites, +/-100 rows near walls.
[INFO DPL-1104] NegotiationLegalizer DRC penalty: 5.
[INFO DPL-0392] Negotiation cell height distribution (1 unique row-count(s)):
[INFO DPL-0393]   height 1 row(s): 372 cells
          |      Total |  Illegal |  Illegal
Iteration | Violations |    Cells |    Sites
---------------------------------------------
        0 |          4 |         2 |         2
        1 |          0 |         0 |         0
Negotiation phase 1 converged at iteration 1.
[INFO DPL-0500] Runtime: 0.00s
Placement Analysis
---------------------------------
total displacement        509.2 u
average displacement        1.4 u
max displacement            7.3 u
original HPWL            2250.3 u
legalized HPWL           2708.1 u
delta HPWL                   20 %

improve_placement -max_displacement "5 1"
Detailed placement improvement.
[INFO DPL-0401] Setting random seed to 1.
[INFO DPL-0402] Setting maximum displacement 5 1 to 14000 2800 units.
[INFO DPL-0320] Collected 68 fixed cells.
[INFO DPL-0318] Collected 328 single height cells.
[INFO DPL-0321] Collected 0 wide cells.
[INFO DPL-0322] Image (2280, 2800) - (66120, 64400)
[INFO DPL-0310] Assigned 328 cells into segments.  Movement in X-direction is 0.000000, movement in Y-direction is 0.000000.
[INFO DPL-0313] Found 0 cells in wrong regions.
[INFO DPL-0315] Found 0 row alignment problems.
[INFO DPL-0314] Found 0 site alignment problems.
[INFO DPL-0311] Found 0 overlaps between adjacent cells.
[INFO DPL-0312] Found 0 edge spacing violations and 0 padding violations.
[INFO DPL-0303] Running algorithm for independent set matching.
[INFO DPL-0300] Set matching objective is wirelength.
[INFO DPL-0301] Pass   1 of matching; objective is 5.407510e+06.
[INFO DPL-0302] End of matching; objective is 5.405270e+06, improvement is 0.04 percent.
[INFO DPL-0303] Running algorithm for global swaps.
[INFO DPL-0306] Pass   1 of global swaps; hpwl is 5.210235e+06.
[INFO DPL-0306] Pass   2 of global swaps; hpwl is 5.172150e+06.
[INFO DPL-0307] End of global swaps; objective is 5.172150e+06, improvement is 4.31 percent.
[INFO DPL-0303] Running algorithm for vertical swaps.
[INFO DPL-0308] Pass   1 of vertical swaps; hpwl is 5.103100e+06.
[INFO DPL-0308] Pass   2 of vertical swaps; hpwl is 5.064080e+06.
[INFO DPL-0309] End of vertical swaps; objective is 5.064080e+06, improvement is 2.09 percent.
[INFO DPL-0303] Running algorithm for reordering.
[INFO DPL-0304] Pass   1 of reordering; objective is 5.045210e+06.
[INFO DPL-0305] End of reordering; objective is 5.045210e+06, improvement is 0.37 percent.
[INFO DPL-0303] Running algorithm for random improvement.
[INFO DPL-0324] Random improver is using random generator.
[INFO DPL-0325] Random improver is using hpwl objective.
[INFO DPL-0326] Random improver cost string is (a).
[INFO DPL-0332] End of pass, Generator random called 6560 times.
[INFO DPL-0335] Generator random, Cumulative attempts 6560, swaps 1071, moves  1867 since last reset.
[INFO DPL-0333] End of pass, Objective hpwl, Initial cost 5.045210e+06, Scratch cost 4.906940e+06, Incremental cost 4.906940e+06, Mismatch? N
[INFO DPL-0338] End of pass, Total cost is 4.906940e+06.
[INFO DPL-0327] Pass   1 of random improver; improvement in cost is 2.74 percent.
[INFO DPL-0332] End of pass, Generator random called 6560 times.
[INFO DPL-0335] Generator random, Cumulative attempts 13120, swaps 2105, moves  3752 since last reset.
[INFO DPL-0333] End of pass, Objective hpwl, Initial cost 4.906940e+06, Scratch cost 4.862895e+06, Incremental cost 4.862895e+06, Mismatch? N
[INFO DPL-0338] End of pass, Total cost is 4.862895e+06.
[INFO DPL-0327] Pass   2 of random improver; improvement in cost is 0.90 percent.
[INFO DPL-0328] End of random improver; improvement is 3.613626 percent.
[INFO DPL-0380] Cell flipping.
[INFO DPL-0382] Changed 0 cell orientations for row compatibility.
[INFO DPL-0383] Performed 104 cell flips.
[INFO DPL-0384] End of flipping; objective is 4.733520e+06, improvement is 2.66 percent.
[INFO DPL-0313] Found 0 cells in wrong regions.
[INFO DPL-0315] Found 0 row alignment problems.
[INFO DPL-0314] Found 0 site alignment problems.
[INFO DPL-0311] Found 0 overlaps between adjacent cells.
[INFO DPL-0312] Found 0 edge spacing violations and 0 padding violations.
Detailed Improvement Results
------------------------------------------
Original HPWL             2708.1 u (    1265.1,     1443.0)
Final HPWL                2367.8 u (    1193.8,     1174.1)
Delta HPWL                 -12.6 % (      -5.6,      -18.6)

optimize_mirroring
[INFO DPL-0020] Mirrored 24 instances
[INFO DPL-0021] HPWL before            2367.8 u
[INFO DPL-0022] HPWL after             2364.6 u
[INFO DPL-0023] HPWL delta               -0.1 %
[INFO FLW-0012] Placement violations .
estimate_parasitics -placement
Report metrics stage 3, detailed place...

==========================================================================
detailed place report_design_area
--------------------------------------------------------------------------
Design area 570 um^2 58% utilization.
write_db ./results/nangate45/top/base/3_5_place_dp.odb
write_sdc -no_timestamp ./results/nangate45/top/base/3_place.sdc
Elapsed time: 0:00.37[h:]min:sec. CPU time: user 0.34 sys 0.06 (107%). Peak memory: 91120KB.
Log                       Ext     Elapsed/s Peak Memory/MB sha1sum result [0:20)
3_5_place_dp              .odb            0             88 e196c918615ba1b1e0a8
