OpenROAD 26Q3-904-geaaa6e36cb 
Features included (+) or not (-): +GPU -GUI +Python
This program is licensed under the BSD-3 license. See the LICENSE file for details.
Components of this program may be licensed under more restrictive licenses which must be honored.
[INFO ORD-0030] Using 8 thread(s).
read_liberty /Users/gouthamkrishnan/OpenROAD-flow-scripts/flow/platforms/nangate45/lib/NangateOpenCellLibrary_typical.lib
read_db ./results/nangate45/top/base/4_cts.odb
read_sdc ./results/nangate45/top/base/4_cts.sdc
source /Users/gouthamkrishnan/OpenROAD-flow-scripts/flow/platforms/nangate45/setRC.tcl
pin_access
[INFO DRT-0149] Reading tech and libs.

Units:                2000
Number of layers:     21
Number of macros:     135
Number of vias:       33
Number of viarulegen: 19

[INFO DRT-0150] Reading design.

Design:                   top
Die area:                 ( 0 0 ) ( 68370 68370 )
Number of track patterns: 20
Number of DEF vias:       0
Number of components:     378
Number of terminals:      26
Number of snets:          2
Number of nets:           389

[INFO DRT-0167] List of default vias:
  Layer via2
    default via: via2_5
  Layer via3
    default via: via3_2
  Layer via4
    default via: via4_0
  Layer via5
    default via: via5_0
  Layer via6
    default via: via6_0
  Layer via7
    default via: via7_0
  Layer via8
    default via: via8_0
  Layer via9
    default via: via9_0
[INFO DRT-0162] Library cell analysis.
[INFO DRT-0163] Instance analysis.
[INFO DRT-0164] Number of unique instances = 77.
[INFO DRT-0168] Init region query.
[INFO DRT-0024]   Complete active.
[INFO DRT-0024]   Complete Fr_VIA.
[INFO DRT-0024]   Complete metal1.
[INFO DRT-0024]   Complete via1.
[INFO DRT-0024]   Complete metal2.
[INFO DRT-0024]   Complete via2.
[INFO DRT-0024]   Complete metal3.
[INFO DRT-0024]   Complete via3.
[INFO DRT-0024]   Complete metal4.
[INFO DRT-0024]   Complete via4.
[INFO DRT-0024]   Complete metal5.
[INFO DRT-0024]   Complete via5.
[INFO DRT-0024]   Complete metal6.
[INFO DRT-0024]   Complete via6.
[INFO DRT-0024]   Complete metal7.
[INFO DRT-0024]   Complete via7.
[INFO DRT-0024]   Complete metal8.
[INFO DRT-0024]   Complete via8.
[INFO DRT-0024]   Complete metal9.
[INFO DRT-0024]   Complete via9.
[INFO DRT-0024]   Complete metal10.
[INFO DRT-0033] active shape region query size = 0.
[INFO DRT-0033] FR_VIA shape region query size = 0.
[INFO DRT-0033] metal1 shape region query size = 6774.
[INFO DRT-0033] via1 shape region query size = 69.
[INFO DRT-0033] metal2 shape region query size = 46.
[INFO DRT-0033] via2 shape region query size = 69.
[INFO DRT-0033] metal3 shape region query size = 46.
[INFO DRT-0033] via3 shape region query size = 69.
[INFO DRT-0033] metal4 shape region query size = 27.
[INFO DRT-0033] via4 shape region query size = 20.
[INFO DRT-0033] metal5 shape region query size = 15.
[INFO DRT-0033] via5 shape region query size = 20.
[INFO DRT-0033] metal6 shape region query size = 17.
[INFO DRT-0033] via6 shape region query size = 8.
[INFO DRT-0033] metal7 shape region query size = 6.
[INFO DRT-0033] via7 shape region query size = 0.
[INFO DRT-0033] metal8 shape region query size = 0.
[INFO DRT-0033] via8 shape region query size = 0.
[INFO DRT-0033] metal9 shape region query size = 0.
[INFO DRT-0033] via9 shape region query size = 0.
[INFO DRT-0033] metal10 shape region query size = 0.
[INFO DRT-0165] Start pin access.
[INFO DRT-0078]   Complete 443 pins.
[INFO DRT-0081]   Complete 77 unique inst patterns.
[INFO DRT-0084]   Complete 186 groups.
#scanned instances     = 378
#unique  instances     = 77
#stdCellGenAp          = 2451
#stdCellValidPlanarAp  = 0
#stdCellValidViaAp     = 1766
#stdCellPinNoAp        = 0
#stdCellPinCnt         = 1222
#instTermValidViaApCnt = 0
#macroGenAp            = 0
#macroValidPlanarAp    = 0
#macroValidViaAp       = 0
#macroNoAp             = 0
[INFO DRT-0166] Complete pin access.
[INFO DRT-0267] cpu time = 00:00:16, elapsed time = 00:00:02, memory = 88.61 (MB), peak = 88.61 (MB)
global_route -congestion_report_file ./reports/nangate45/top/base/congestion.rpt -congestion_iterations 30 -congestion_report_iter_step 5 -verbose
[INFO GRT-0020] Min routing layer: metal2
[INFO GRT-0021] Max routing layer: metal10
[INFO GRT-0022] Global adjustment: 0%
[INFO GRT-0023] Grid origin: (0, 0)
[INFO GRT-0088] Layer metal1  Track-Pitch = 0.1400  line-2-Via Pitch: 0.1350
[INFO GRT-0088] Layer metal2  Track-Pitch = 0.1900  line-2-Via Pitch: 0.1400
[INFO GRT-0088] Layer metal3  Track-Pitch = 0.1400  line-2-Via Pitch: 0.1400
[INFO GRT-0088] Layer metal4  Track-Pitch = 0.2800  line-2-Via Pitch: 0.2800
[INFO GRT-0088] Layer metal5  Track-Pitch = 0.2800  line-2-Via Pitch: 0.2800
[INFO GRT-0088] Layer metal6  Track-Pitch = 0.2800  line-2-Via Pitch: 0.2800
[INFO GRT-0088] Layer metal7  Track-Pitch = 0.8000  line-2-Via Pitch: 0.8000
[INFO GRT-0088] Layer metal8  Track-Pitch = 0.8000  line-2-Via Pitch: 0.8000
[INFO GRT-0088] Layer metal9  Track-Pitch = 1.6000  line-2-Via Pitch: 1.6000
[INFO GRT-0088] Layer metal10 Track-Pitch = 1.6000  line-2-Via Pitch: 1.6000
[INFO GRT-0003] Macros: 0
[INFO GRT-0004] Blockages: 0
[INFO GRT-0019] Found 4 clock nets.
[INFO GRT-0001] Minimum degree: 2
[INFO GRT-0002] Maximum degree: 26

[INFO GRT-0053] Routing resources analysis:
          Routing      Original      Derated      Resource
Layer     Direction    Resources     Resources    Reduction (%)
---------------------------------------------------------------
metal1     Horizontal          0             0          0.00%
metal2     Vertical         1740           820          52.87%
metal3     Horizontal       2429          1193          50.89%
metal4     Vertical         1180           830          29.66%
metal5     Horizontal       1214           865          28.75%
metal6     Vertical         1215           865          28.81%
metal7     Horizontal        370           260          29.73%
metal8     Vertical          420           300          28.57%
metal9     Horizontal        210           130          38.10%
metal10    Vertical          210           130          38.10%
---------------------------------------------------------------

[INFO GRT-0197] Via related to pin nodes: 2030
[INFO GRT-0198] Via related Steiner nodes: 28
[INFO GRT-0199] Via filling finished.
[INFO GRT-0111] Final number of vias: 2463
[INFO GRT-0112] Final usage 3D: 8462

[INFO GRT-0096] Final congestion report:
Layer         Resource        Demand        Usage (%)    Max H / Max V / Total Congestion
---------------------------------------------------------------------------------------
metal1               0             0            0.00%             0 /  0 /  0
metal2             820           452           55.12%             0 /  0 /  0
metal3            1193           470           39.40%             0 /  0 /  0
metal4             830           103           12.41%             0 /  0 /  0
metal5             865            48            5.55%             0 /  0 /  0
metal6             865             0            0.00%             0 /  0 /  0
metal7             260             0            0.00%             0 /  0 /  0
metal8             300             0            0.00%             0 /  0 /  0
metal9             130             0            0.00%             0 /  0 /  0
metal10            130             0            0.00%             0 /  0 /  0
---------------------------------------------------------------------------------------
Total             5393          1073           19.90%             0 /  0 /  0

[INFO GRT-0018] Total wirelength: 5218 um
[INFO GRT-0014] Routed nets: 362
[INFO GRT-0303] Global routing runtime = 00:00:00
estimate_parasitics -global_routing
Perform buffer insertion and gate resizing...
repair_design -verbose
Iteration |   Area    | Resized | Buffers | Nets repaired | Remaining
---------------------------------------------------------------------
        0 |     +0.0% |       0 |       0 |             0 |       390
       10 |     +0.0% |       0 |       0 |             0 |       380
       20 |     +0.0% |       0 |       0 |             0 |       370
       30 |     +0.0% |       0 |       0 |             0 |       360
       40 |     +0.0% |       0 |       0 |             0 |       350
       50 |     +0.0% |       0 |       0 |             0 |       340
       60 |     +0.0% |       0 |       0 |             0 |       330
       70 |     +0.0% |       0 |       0 |             0 |       320
       80 |     +0.0% |       0 |       0 |             0 |       310
       90 |     +0.0% |       0 |       0 |             0 |       300
      100 |     +0.0% |       0 |       0 |             0 |       290
[WARNING RSZ-0104] Net _330_ only has one pin. Check if it is intended to be dangling.
      110 |     +0.0% |       0 |       0 |             0 |       280
[WARNING RSZ-0104] Net _326_ only has one pin. Check if it is intended to be dangling.
      120 |     +0.0% |       0 |       0 |             0 |       270
      130 |     +0.0% |       0 |       0 |             0 |       260
[WARNING RSZ-0104] Net _325_ only has one pin. Check if it is intended to be dangling.
[WARNING RSZ-0104] Net _324_ only has one pin. Check if it is intended to be dangling.
      140 |     +0.0% |       0 |       0 |             0 |       250
[WARNING RSZ-0104] Net _323_ only has one pin. Check if it is intended to be dangling.
      150 |     +0.0% |       0 |       0 |             0 |       240
[WARNING RSZ-0104] Net _329_ only has one pin. Check if it is intended to be dangling.
[WARNING RSZ-0104] Net _328_ only has one pin. Check if it is intended to be dangling.
[WARNING RSZ-0104] Net _327_ only has one pin. Check if it is intended to be dangling.
      160 |     +0.0% |       0 |       0 |             0 |       230
[WARNING RSZ-0104] Net _322_ only has one pin. Check if it is intended to be dangling.
      170 |     +0.0% |       0 |       0 |             0 |       220
      180 |     +0.0% |       0 |       0 |             0 |       210
      190 |     +0.0% |       0 |       0 |             0 |       200
      200 |     +0.0% |       0 |       0 |             0 |       190
      210 |     +0.0% |       0 |       0 |             0 |       180
      220 |     +0.0% |       0 |       0 |             0 |       170
      230 |     +0.0% |       0 |       0 |             0 |       160
      240 |     +0.0% |       0 |       0 |             0 |       150
      250 |     +0.0% |       0 |       0 |             0 |       140
      260 |     +0.0% |       0 |       0 |             0 |       130
      270 |     +0.0% |       0 |       0 |             0 |       120
      280 |     +0.0% |       0 |       0 |             0 |       110
      290 |     +0.0% |       0 |       0 |             0 |       100
      300 |     +0.0% |       0 |       0 |             0 |        90
      310 |     +0.0% |       0 |       0 |             0 |        80
      320 |     +0.0% |       0 |       0 |             0 |        70
[WARNING RSZ-0104] Net _316_ only has one pin. Check if it is intended to be dangling.
[WARNING RSZ-0104] Net _315_ only has one pin. Check if it is intended to be dangling.
      330 |     +0.0% |       0 |       0 |             0 |        60
[WARNING RSZ-0104] Net _314_ only has one pin. Check if it is intended to be dangling.
[WARNING RSZ-0104] Net _313_ only has one pin. Check if it is intended to be dangling.
[WARNING RSZ-0104] Net _304_ only has one pin. Check if it is intended to be dangling.
[WARNING RSZ-0104] Net _312_ only has one pin. Check if it is intended to be dangling.
[WARNING RSZ-0104] Net _311_ only has one pin. Check if it is intended to be dangling.
      340 |     +0.0% |       0 |       0 |             0 |        50
[WARNING RSZ-0104] Net _310_ only has one pin. Check if it is intended to be dangling.
[WARNING RSZ-0104] Net _309_ only has one pin. Check if it is intended to be dangling.
[WARNING RSZ-0104] Net _308_ only has one pin. Check if it is intended to be dangling.
[WARNING RSZ-0104] Net _307_ only has one pin. Check if it is intended to be dangling.
[WARNING RSZ-0104] Net _306_ only has one pin. Check if it is intended to be dangling.
      350 |     +0.0% |       0 |       0 |             0 |        40
      360 |     +0.0% |       0 |       0 |             0 |        30
[WARNING RSZ-0104] Net _305_ only has one pin. Check if it is intended to be dangling.
[WARNING RSZ-0104] Net _321_ only has one pin. Check if it is intended to be dangling.
      370 |     +0.0% |       0 |       0 |             0 |        20
[WARNING RSZ-0104] Net _320_ only has one pin. Check if it is intended to be dangling.
[WARNING RSZ-0104] Net _319_ only has one pin. Check if it is intended to be dangling.
[WARNING RSZ-0104] Net _318_ only has one pin. Check if it is intended to be dangling.
[WARNING RSZ-0104] Net _317_ only has one pin. Check if it is intended to be dangling.
      380 |     +0.0% |       0 |       0 |             0 |        10
      390 |     +0.0% |       0 |       0 |             0 |         0
    final |     +0.0% |       0 |       0 |             0 |         0
---------------------------------------------------------------------
[INFO RSZ-0504] Runtime: 0.02s
global_route -start_incremental
detailed_placement
[INFO DPL-0006] Core area: 983.14 um^2
[INFO DPL-0007] Movable instances area: 564.19 um^2
[INFO DPL-0008] Fixed instances area within core: 11.70 um^2
[INFO DPL-0009] Utilization: 58.6%
[INFO DPL-0005] Diamond search max displacement: +/- 500 sites horizontally, +/- 100 rows vertically.
[INFO DPL-1102] Legalizing using negotiation legalizer.
[INFO DPL-1103] Negotiation base search window: +/-20 sites horizontally, +/-5 rows vertically 
	Automatic search window extension enabled.
	Search window extendable up to the max displacement cap of +/-500 sites, +/-100 rows near walls.
[INFO DPL-1104] NegotiationLegalizer DRC penalty: 5.
[INFO DPL-0392] Negotiation cell height distribution (1 unique row-count(s)):
[INFO DPL-0393]   height 1 row(s): 378 cells
[INFO DPL-0500] Runtime: 0.00s
Placement Analysis
---------------------------------
total displacement          0.0 u
average displacement        0.0 u
max displacement            0.0 u
original HPWL            2495.6 u
legalized HPWL           2495.6 u
delta HPWL                    0 %

global_route -end_incremental -congestion_report_file ./reports/nangate45/top/base/congestion_post_repair_design.rpt
Repair setup and hold violations...
estimate_parasitics -global_routing
repair_timing -setup_margin 0 -hold_margin 0 -repair_tns 100 -verbose
[INFO RSZ-0100] Repair move sequence: UnbufferMove SizeUpMove SwapPinsMove BufferMove CloneMove SplitLoadMove 
[INFO RSZ-0098] No setup violations found
[INFO RSZ-0505] Runtime: 0.01s
[INFO RSZ-0033] No hold violations found.
[INFO RSZ-0506] Runtime: 0.00s
global_route -start_incremental
detailed_placement
[INFO DPL-0006] Core area: 983.14 um^2
[INFO DPL-0007] Movable instances area: 564.19 um^2
[INFO DPL-0008] Fixed instances area within core: 11.70 um^2
[INFO DPL-0009] Utilization: 58.6%
[INFO DPL-0005] Diamond search max displacement: +/- 500 sites horizontally, +/- 100 rows vertically.
[INFO DPL-1102] Legalizing using negotiation legalizer.
[INFO DPL-1103] Negotiation base search window: +/-20 sites horizontally, +/-5 rows vertically 
	Automatic search window extension enabled.
	Search window extendable up to the max displacement cap of +/-500 sites, +/-100 rows near walls.
[INFO DPL-1104] NegotiationLegalizer DRC penalty: 5.
[INFO DPL-0392] Negotiation cell height distribution (1 unique row-count(s)):
[INFO DPL-0393]   height 1 row(s): 378 cells
[INFO DPL-0500] Runtime: 0.00s
Placement Analysis
---------------------------------
total displacement          0.0 u
average displacement        0.0 u
max displacement            0.0 u
original HPWL            2495.6 u
legalized HPWL           2495.6 u
delta HPWL                    0 %

check_placement -verbose
global_route -end_incremental -congestion_report_file ./reports/nangate45/top/base/congestion_post_repair_timing.rpt
estimate_parasitics -global_routing
global_route -start_incremental
global_route -end_incremental -congestion_report_file ./reports/nangate45/top/base/congestion_post_recover_power.rpt
Repair antennas...
[WARNING GRT-0246] No diode with LEF class CORE ANTENNACELL found.
[INFO ANT-0002] Found 0 net violations.
[INFO ANT-0001] Found 0 pin violations.
Estimate parasitics...
estimate_parasitics -global_routing
Report metrics stage 5, global route...

==========================================================================
global route report_design_area
--------------------------------------------------------------------------
Design area 576 um^2 59% utilization.
[INFO FLW-0007] clock clk period 10.000000
[INFO FLW-0008] Clock clk period 2.049
[INFO FLW-0009] Clock clk slack 7.843
write_sdc -no_timestamp ./results/nangate45/top/base/updated_clks.sdc
[INFO FLW-0011] Path endpoint path count 106
write_db ./results/nangate45/top/base/5_1_grt.odb
write_sdc -no_timestamp ./results/nangate45/top/base/5_1_grt.sdc
Elapsed time: 0:03.21[h:]min:sec. CPU time: user 16.89 sys 0.13 (529%). Peak memory: 278448KB.
Log                       Ext     Elapsed/s Peak Memory/MB sha1sum result [0:20)
5_1_grt                   .odb            3            271 fe38e891acabc97e708f
5_1_grt                   .sdc                             6574f6133c388466d3ac
