OpenROAD 26Q3-904-geaaa6e36cb 
Features included (+) or not (-): +GPU -GUI +Python
This program is licensed under the BSD-3 license. See the LICENSE file for details.
Components of this program may be licensed under more restrictive licenses which must be honored.
[INFO ORD-0030] Using 8 thread(s).
read_liberty /Users/gouthamkrishnan/OpenROAD-flow-scripts/flow/platforms/nangate45/lib/NangateOpenCellLibrary_typical.lib
read_db ./results/nangate45/top/base/2_floorplan.odb
read_sdc ./results/nangate45/top/base/2_floorplan.sdc
source /Users/gouthamkrishnan/OpenROAD-flow-scripts/flow/platforms/nangate45/setRC.tcl
[INFO GPL-0022] Initialize gpl and calculate uniform density.
Placement density is 0.7219999885559082, computed from PLACE_DENSITY_LB_ADDON  0.20 and lower bound 0.6399999856948853
global_placement -skip_io -density 0.7219999885559082 -pad_left 0 -pad_right 0
[INFO GPL-0001] ---- Initialize GPL Main Data Structures
[INFO GPL-0002] DBU: 2000
[INFO GPL-0003] SiteSize: (  0.190  1.400 ) um
[INFO GPL-0004] CoreBBox: (  1.140  1.400 ) ( 33.060 32.200 ) um
[INFO GPL-0016] Core area:                     983.136 um^2
[INFO GPL-0036] Movable instances area:        569.772 um^2
[INFO GPL-0037] Total instances area:          581.476 um^2
[INFO GPL-0035] Pin density area adjust:        43.389 um^2
[INFO GPL-0032] ---- Initialize Region: Top-level
[INFO GPL-0006] Number of instances:               375
[INFO GPL-0007] Movable instances:                 331
[INFO GPL-0008] Fixed instances:                    44
[INFO GPL-0009] Dummy instances:                     0
[INFO GPL-0010] Number of nets:                    387
[INFO GPL-0011] Number of pins:                   1217
[INFO GPL-0012] Die BBox:       (  0.000  0.000 ) ( 34.185 34.185 ) um
[INFO GPL-0013] Placement BBox: (  1.140  1.400 ) ( 33.060 32.200 ) um
[INFO GPL-0014] Region name: top-level.
[INFO GPL-0015] Region area:                   983.136 um^2
[INFO GPL-0017] Fixed instances area:           11.704 um^2
[INFO GPL-0018] Movable instances area:        613.161 um^2
[INFO GPL-0019] Utilization:                    63.119 %
[INFO GPL-0020] Standard cells area:           613.161 um^2
[INFO GPL-0021] Large instances area:            0.000 um^2
[INFO GPL-0005] ---- Execute Conjugate Gradient Initial Placement.
[INFO GPL-0051] Source of initial instance position counters:
	Odb location = 0	Core center = 331	Region center = 0
[INFO GPL-0033] ---- Initialize Nesterov Region: Top-level
[INFO GPL-0023] Placement target density:       0.7220
[INFO GPL-0024] Movable insts average area:      1.852 um^2
[INFO GPL-0025] Ideal bin area:                  2.566 um^2
[INFO GPL-0026] Ideal bin count:                   383
[INFO GPL-0027] Total bin area:                983.136 um^2
[INFO GPL-0028] Bin count (X, Y):          16 ,     16
[INFO GPL-0029] Bin size (W * H):       1.995 *  1.925 um
[INFO GPL-0030] Number of bins:                    256
[INFO GPL-0084] ---- Execute Nesterov Global Placement.
[INFO GPL-0031] HPWL: Half-Perimeter Wirelength
Iteration | Overflow |     HPWL (um) |  HPWL(%) |   Penalty | Group
---------------------------------------------------------------
        0 |   0.9810 |  3.176650e+02 |   +0.00% |  3.76e-14 |      
       10 |   0.9683 |  2.662360e+02 |  -16.19% |  6.13e-14 |      
       20 |   0.9685 |  2.656890e+02 |   -0.21% |  9.98e-14 |      
       30 |   0.9685 |  2.657140e+02 |   +0.01% |  1.63e-13 |      
       40 |   0.9685 |  2.657555e+02 |   +0.02% |  2.65e-13 |      
       50 |   0.9685 |  2.657885e+02 |   +0.01% |  4.31e-13 |      
       60 |   0.9684 |  2.659410e+02 |   +0.06% |  7.03e-13 |      
       70 |   0.9684 |  2.661860e+02 |   +0.09% |  1.14e-12 |      
       80 |   0.9683 |  2.665830e+02 |   +0.15% |  1.86e-12 |      
       90 |   0.9683 |  2.672495e+02 |   +0.25% |  3.04e-12 |      
      100 |   0.9681 |  2.681605e+02 |   +0.34% |  4.95e-12 |      
      110 |   0.9678 |  2.692510e+02 |   +0.41% |  8.06e-12 |      
      120 |   0.9672 |  2.705540e+02 |   +0.48% |  1.31e-11 |      
      130 |   0.9656 |  2.714270e+02 |   +0.32% |  2.14e-11 |      
      140 |   0.9583 |  2.844575e+02 |   +4.80% |  3.48e-11 |      
      150 |   0.9376 |  3.328730e+02 |  +17.02% |  5.67e-11 |      
      160 |   0.9102 |  4.654740e+02 |  +39.84% |  9.24e-11 |      
      170 |   0.8872 |  5.743470e+02 |  +23.39% |  1.50e-10 |      
      180 |   0.8516 |  6.675420e+02 |  +16.23% |  2.45e-10 |      
      190 |   0.8180 |  7.983245e+02 |  +19.59% |  3.99e-10 |      
      200 |   0.7868 |  8.956555e+02 |  +12.19% |  6.50e-10 |      
      210 |   0.7498 |  1.025571e+03 |  +14.51% |  1.06e-09 |      
      220 |   0.7074 |  1.143676e+03 |  +11.52% |  1.73e-09 |      
      230 |   0.6626 |  1.255887e+03 |   +9.81% |  2.81e-09 |      
      240 |   0.6180 |  1.367430e+03 |   +8.88% |  4.58e-09 |      
      250 |   0.5689 |  1.480429e+03 |   +8.26% |  7.46e-09 |      
      260 |   0.5163 |  1.590294e+03 |   +7.42% |  1.21e-08 |      
      270 |   0.4586 |  1.692447e+03 |   +6.42% |  1.98e-08 |      
      280 |   0.4027 |  1.805672e+03 |   +6.69% |  3.22e-08 |      
      290 |   0.3338 |  1.900630e+03 |   +5.26% |  5.25e-08 |      
      300 |   0.2859 |  1.960997e+03 |   +3.18% |  7.73e-08 |      
      310 |   0.2531 |  2.035153e+03 |   +3.78% |  1.14e-07 |      
      320 |   0.2223 |  2.087765e+03 |   +2.59% |  1.68e-07 |      
      330 |   0.1914 |  2.119088e+03 |   +1.50% |  2.47e-07 |      
      340 |   0.1575 |  2.147012e+03 |   +1.32% |  3.64e-07 |      
      350 |   0.1346 |  2.171952e+03 |   +1.16% |  5.36e-07 |      
      360 |   0.1179 |  2.194211e+03 |   +1.02% |  7.90e-07 |      
      370 |   0.0990 |  2.211320e+03 |   +0.78% |  1.16e-06 |      
      370 |   0.0990 |  2.211320e+03 |          |  1.21e-06 |      
---------------------------------------------------------------
[INFO GPL-1001] Global placement finished at iteration 370
[INFO GPL-1002] Placed Cell Area              613.1611
[INFO GPL-1003] Available Free Area           971.4320
[INFO GPL-1004] Minimum Feasible Density        0.6400 (cell_area / free_area)
[INFO GPL-1006]   Suggested Target Densities:
[INFO GPL-1007]     - For 90% usage of free space: 0.7013
[INFO GPL-1008]     - For 80% usage of free space: 0.7890
[INFO GPL-1014] Final placement area: 613.16 (+0.00%)
Design area 581 um^2 59% utilization.
write_db ./results/nangate45/top/base/3_1_place_gp_skip_io.odb
Elapsed time: 0:00.39[h:]min:sec. CPU time: user 0.31 sys 0.20 (128%). Peak memory: 87632KB.
Log                       Ext     Elapsed/s Peak Memory/MB sha1sum result [0:20)
3_1_place_gp_skip_io      .odb            0             85 bccb245c33b40baa2ecf
