OpenROAD 26Q3-904-geaaa6e36cb 
Features included (+) or not (-): +GPU -GUI +Python
This program is licensed under the BSD-3 license. See the LICENSE file for details.
Components of this program may be licensed under more restrictive licenses which must be honored.
[INFO ORD-0030] Using 8 thread(s).
read_liberty /Users/gouthamkrishnan/OpenROAD-flow-scripts/flow/platforms/nangate45/lib/NangateOpenCellLibrary_typical.lib
read_db ./results/nangate45/top/base/3_1_place_gp_skip_io.odb
read_sdc ./results/nangate45/top/base/2_floorplan.sdc
source /Users/gouthamkrishnan/OpenROAD-flow-scripts/flow/platforms/nangate45/setRC.tcl
place_pins -hor_layers metal5 -ver_layers metal6
Found 0 macro blocks.
Using 2 tracks default min distance between IO pins.
[INFO PPL-0001] Number of available slots 228
[INFO PPL-0002] Number of I/O             24
[INFO PPL-0003] Number of I/O w/sink      24
[INFO PPL-0004] Number of I/O w/o sink    0
[INFO PPL-0005] Slots per section         200
[INFO PPL-0008] Successfully assigned pins to sections.
[INFO PPL-0012] I/O nets HPWL: 287.50 um.
Design area 581 um^2 59% utilization.
write_db ./results/nangate45/top/base/3_2_place_iop.odb
Elapsed time: 0:00.28[h:]min:sec. CPU time: user 0.25 sys 0.03 (97%). Peak memory: 86544KB.
Log                       Ext     Elapsed/s Peak Memory/MB sha1sum result [0:20)
3_2_place_iop             .odb            0             84 76cc76e16b63c03a99d9
