Yosys 0.67+post (git sha1 b8e7da6f40ae8f552c116bf6c359b07c6533e159, Release, AppleClang clang++ 21.0.0.21000099)
Using ABC speed script.
Extracting clock period from SDC file: ./results/nangate45/top/base/clock_period.txt
1. Executing Liberty frontend: /Users/gouthamkrishnan/OpenROAD-flow-scripts/flow/platforms/nangate45/lib/NangateOpenCellLibrary_typical.lib
2. Executing Liberty frontend: /Users/gouthamkrishnan/OpenROAD-flow-scripts/flow/platforms/nangate45/lib/NangateOpenCellLibrary_typical.lib
3. Executing Verilog-2005 frontend: /Users/gouthamkrishnan/OpenROAD-flow-scripts/flow/designs/nangate45/tiny_instruction_executor/top.v
4. Executing Verilog-2005 frontend: /Users/gouthamkrishnan/OpenROAD-flow-scripts/flow/designs/nangate45/tiny_instruction_executor/program_counter.v
5. Executing Verilog-2005 frontend: /Users/gouthamkrishnan/OpenROAD-flow-scripts/flow/designs/nangate45/tiny_instruction_executor/instruction_memory.v
6. Executing Verilog-2005 frontend: /Users/gouthamkrishnan/OpenROAD-flow-scripts/flow/designs/nangate45/tiny_instruction_executor/instruction_decoder.v
7. Executing Verilog-2005 frontend: /Users/gouthamkrishnan/OpenROAD-flow-scripts/flow/designs/nangate45/tiny_instruction_executor/register_file.v
8. Executing Verilog-2005 frontend: /Users/gouthamkrishnan/OpenROAD-flow-scripts/flow/designs/nangate45/tiny_instruction_executor/alu.v
9. Executing Verilog-2005 frontend: /Users/gouthamkrishnan/OpenROAD-flow-scripts/flow/designs/nangate45/tiny_instruction_executor/control_unit.v
10. Executing Verilog-2005 frontend: /Users/gouthamkrishnan/OpenROAD-flow-scripts/flow/platforms/nangate45/cells_clkgate.v
11. Executing HIERARCHY pass (managing design hierarchy).
12. Executing AST frontend in derive mode using pre-parsed AST for module `\top'.
12.1. Analyzing design hierarchy..
12.2. Executing AST frontend in derive mode using pre-parsed AST for module `\alu'.
12.3. Executing AST frontend in derive mode using pre-parsed AST for module `\register_file'.
Warning: Replacing memory \reg_file with list of registers. See /Users/gouthamkrishnan/OpenROAD-flow-scripts/flow/designs/nangate45/tiny_instruction_executor/register_file.v:38
12.4. Executing AST frontend in derive mode using pre-parsed AST for module `\control_unit'.
12.5. Executing AST frontend in derive mode using pre-parsed AST for module `\instruction_decoder'.
12.6. Executing AST frontend in derive mode using pre-parsed AST for module `\instruction_memory'.
12.7. Executing AST frontend in derive mode using pre-parsed AST for module `\program_counter'.
12.8. Analyzing design hierarchy..
12.9. Analyzing design hierarchy..
13. Executing OPT_CLEAN pass (remove unused cells and wires).
Warning: Ignoring module $paramod$41b5ca74f47e7a33e8f0244a1d284342a6461bce\instruction_memory because it contains processes (run 'proc' command first).
Warning: Ignoring module control_unit because it contains processes (run 'proc' command first).
Warning: Ignoring module $paramod$adeecc208996d0b92f0acb5ec38d57453fb9dd41\register_file because it contains processes (run 'proc' command first).
Warning: Ignoring module $paramod\alu\DATA_WIDTH=s32'00000000000000000000000000001000 because it contains processes (run 'proc' command first).
Warning: Ignoring module $paramod\program_counter\ADDR_WIDTH=s32'00000000000000000000000000001000 because it contains processes (run 'proc' command first).
14. Executing RTLIL backend.
Warnings: 6 unique messages, 6 total
End of script. Logfile hash: 8d835ef996, time: 0.11s, user: 0.06s, system: 0.02s, MEM: 33.86 MB peak
Yosys 0.67+post (git sha1 b8e7da6f40ae8f552c116bf6c359b07c6533e159, Release, AppleClang clang++ 21.0.0.21000099)
Time spent: 82% 4x read_liberty (0 sec), 7% 1x hierarchy (0 sec), ...
Elapsed time: 0:00.12[h:]min:sec. CPU time: user 0.07 sys 0.02 (76%). Peak memory: 34880KB.
Log                       Ext     Elapsed/s Peak Memory/MB sha1sum result [0:20)
1_1_yosys_canonicalize    .rtlil          0             34 eea4cf8ac740ca34ac32
